2026-08-05T05:34:55.607Z - [32minfo[39m: Website generation (lazy) started at 13:34:55
2026-08-05T05:34:55.854Z - [32minfo[39m: Building assets...
2026-08-05T05:34:55.952Z - [32minfo[39m: Assets built
2026-08-05T05:34:55.953Z - [32minfo[39m: Generating landing page...
2026-08-05T05:34:56.025Z - [36mverbose[39m: Rendering page: /Users/damithch/Repos/git-mastery/git-mastery.github.io/index.md
2026-08-05T05:34:56.036Z - [32minfo[39m: Landing page built, other pages will be built as you navigate to them!
2026-08-05T05:34:56.118Z - [32minfo[39m: Site data built
2026-08-05T05:34:56.118Z - [32minfo[39m: Website generation (lazy) complete! Total build time: 0.604s
2026-08-05T05:34:56.130Z - [32minfo[39m: Serving "/Users/damithch/Repos/git-mastery/git-mastery.github.io/_site" at http://127.0.0.1:8080
2026-08-05T05:34:56.131Z - [32minfo[39m: Press CTRL+C to stop ...
2026-08-05T05:34:58.395Z - [32minfo[39m: Building /Users/damithch/Repos/git-mastery/git-mastery.github.io/versions/cs2103/insertions as some of its dependencies were changed since the last visit
2026-08-05T05:34:58.444Z - [36mverbose[39m: Rendering page: /Users/damithch/Repos/git-mastery/git-mastery.github.io/versions/cs2103/insertions.md
2026-08-05T05:34:58.452Z - [32minfo[39m: Site data built
2026-08-05T05:34:58.452Z - [32minfo[39m: Lazy website regeneration complete! Total build time: 0.059s
2026-08-05T05:35:29.402Z - [32minfo[39m: Building /Users/damithch/Repos/git-mastery/git-mastery.github.io/lessons/index as some of its dependencies were changed since the last visit
2026-08-05T05:35:29.805Z - [36mverbose[39m: Rendering page: /Users/damithch/Repos/git-mastery/git-mastery.github.io/lessons/index.md
2026-08-05T05:35:29.823Z - [32minfo[39m: Site data built
2026-08-05T05:35:29.823Z - [32minfo[39m: Lazy website regeneration complete! Total build time: 0.422s
2026-08-05T05:36:05.334Z - [32minfo[39m: Building /Users/damithch/Repos/git-mastery/git-mastery.github.io/lessons/trail/recordingFolderHistory/index as some of its dependencies were changed since the last visit
2026-08-05T05:36:05.923Z - [36mverbose[39m: Rendering page: /Users/damithch/Repos/git-mastery/git-mastery.github.io/lessons/trail/recordingFolderHistory/index.md
2026-08-05T05:36:05.994Z - [32minfo[39m: Site data built
2026-08-05T05:36:05.994Z - [32minfo[39m: Lazy website regeneration complete! Total build time: 0.662s
2026-08-05T05:37:43.959Z - [32minfo[39m: Website generation started at 13:37:43
2026-08-05T05:37:44.070Z - [32minfo[39m: Building assets...
