2026-08-30T09:14:35.744Z - [32minfo[39m: Website generation (lazy) started at 17:14:35
2026-08-30T09:14:35.918Z - [32minfo[39m: Building assets...
2026-08-30T09:14:36.031Z - [32minfo[39m: Assets built
2026-08-30T09:14:36.032Z - [32minfo[39m: Generating landing page...
2026-08-30T09:14:36.108Z - [36mverbose[39m: Rendering page: /Users/damithch/Repos/git-mastery/git-mastery.github.io/index.md
2026-08-30T09:14:36.124Z - [32minfo[39m: Landing page built, other pages will be built as you navigate to them!
2026-08-30T09:14:36.219Z - [32minfo[39m: Site data built
2026-08-30T09:14:36.219Z - [32minfo[39m: Website generation (lazy) complete! Total build time: 0.61s
2026-08-30T09:14:36.232Z - [32minfo[39m: Serving "/Users/damithch/Repos/git-mastery/git-mastery.github.io/_site" at http://127.0.0.1:8080
2026-08-30T09:14:36.232Z - [32minfo[39m: Press CTRL+C to stop ...
2026-08-30T09:14:38.852Z - [32minfo[39m: Building /Users/damithch/Repos/git-mastery/git-mastery.github.io/versions/cs2103/insertions as some of its dependencies were changed since the last visit
2026-08-30T09:14:38.877Z - [36mverbose[39m: Rendering page: /Users/damithch/Repos/git-mastery/git-mastery.github.io/versions/cs2103/insertions.md
2026-08-30T09:14:38.881Z - [32minfo[39m: Site data built
2026-08-30T09:14:38.881Z - [32minfo[39m: Lazy website regeneration complete! Total build time: 0.029s
2026-08-30T09:15:16.517Z - [32minfo[39m: Building /Users/damithch/Repos/git-mastery/git-mastery.github.io/lessons/index as some of its dependencies were changed since the last visit
2026-08-30T09:15:17.020Z - [36mverbose[39m: Rendering page: /Users/damithch/Repos/git-mastery/git-mastery.github.io/lessons/index.md
2026-08-30T09:15:17.051Z - [32minfo[39m: Site data built
2026-08-30T09:15:17.051Z - [32minfo[39m: Lazy website regeneration complete! Total build time: 0.534s
2026-08-30T09:19:02.087Z - [32minfo[39m: [17:19:02] Reload for file change: /Users/damithch/Repos/git-mastery/git-mastery.github.io/lessons/merge/text.md
2026-08-30T09:19:02.092Z - [32minfo[39m: Synchronizing opened pages list before reload
2026-08-30T09:19:02.094Z - [32minfo[39m: Current opened pages, from most-to-least recent:
2026-08-30T09:19:02.095Z - [32minfo[39m: 1. lessons/index
2026-08-30T09:19:03.117Z - [32minfo[39m: Rebuilding 1 pages
2026-08-30T09:19:03.457Z - [36mverbose[39m: Rendering page: /Users/damithch/Repos/git-mastery/git-mastery.github.io/lessons/index.md
2026-08-30T09:19:03.480Z - [32minfo[39m: Site data built
2026-08-30T09:19:03.480Z - [32minfo[39m: Pages rebuilt
2026-08-30T09:19:03.480Z - [32minfo[39m: Website regeneration complete! Total build time: 0.383s
2026-08-30T09:19:50.510Z - [32minfo[39m: Building /Users/damithch/Repos/git-mastery/git-mastery.github.io/lessons/merge/index as some of its dependencies were changed since the last visit
2026-08-30T09:19:50.825Z - [36mverbose[39m: Rendering page: /Users/damithch/Repos/git-mastery/git-mastery.github.io/lessons/merge/index.md
2026-08-30T09:19:50.845Z - [32minfo[39m: Site data built
2026-08-30T09:19:50.845Z - [32minfo[39m: Lazy website regeneration complete! Total build time: 0.336s
2026-08-30T09:21:02.553Z - [32minfo[39m: [17:21:02] Reload for file change: /Users/damithch/Repos/git-mastery/git-mastery.github.io/lessons/merge/text.md
2026-08-30T09:21:02.557Z - [32minfo[39m: Synchronizing opened pages list before reload
2026-08-30T09:21:02.557Z - [32minfo[39m: Current opened pages, from most-to-least recent:
2026-08-30T09:21:02.558Z - [32minfo[39m: 1. lessons/merge/index
2026-08-30T09:21:03.575Z - [32minfo[39m: Rebuilding 1 pages
2026-08-30T09:21:03.780Z - [36mverbose[39m: Rendering page: /Users/damithch/Repos/git-mastery/git-mastery.github.io/lessons/merge/index.md
2026-08-30T09:21:03.799Z - [32minfo[39m: Site data built
2026-08-30T09:21:03.799Z - [32minfo[39m: Pages rebuilt
2026-08-30T09:21:03.799Z - [32minfo[39m: Website regeneration complete! Total build time: 0.237s
2026-08-30T09:21:22.877Z - [32minfo[39m: [17:21:22] Reload for file change: /Users/damithch/Repos/git-mastery/git-mastery.github.io/lessons/merge/text.md
2026-08-30T09:21:22.879Z - [32minfo[39m: Synchronizing opened pages list before reload
2026-08-30T09:21:22.879Z - [32minfo[39m: Current opened pages, from most-to-least recent:
2026-08-30T09:21:22.879Z - [32minfo[39m: 1. lessons/merge/index
2026-08-30T09:21:23.883Z - [32minfo[39m: Rebuilding 1 pages
2026-08-30T09:21:24.075Z - [36mverbose[39m: Rendering page: /Users/damithch/Repos/git-mastery/git-mastery.github.io/lessons/merge/index.md
2026-08-30T09:21:24.090Z - [32minfo[39m: Site data built
2026-08-30T09:21:24.091Z - [32minfo[39m: Pages rebuilt
2026-08-30T09:21:24.091Z - [32minfo[39m: Website regeneration complete! Total build time: 0.21s
2026-08-30T09:27:22.949Z - [32minfo[39m: [17:27:22] Reload for file add: /Users/damithch/Repos/git-mastery/git-mastery.github.io/lessons/merge/images/squashAfterDelete.png
2026-08-30T09:27:22.953Z - [32minfo[39m: Synchronizing opened pages list before reload
2026-08-30T09:27:22.953Z - [32minfo[39m: Current opened pages, from most-to-least recent:
2026-08-30T09:27:22.954Z - [32minfo[39m: 1. lessons/merge/index
2026-08-30T09:27:24.046Z - [32minfo[39m: Assets built
2026-08-30T09:27:48.036Z - [32minfo[39m: [17:27:48] Reload for file change: /Users/damithch/Repos/git-mastery/git-mastery.github.io/lessons/merge/text.md
2026-08-30T09:27:48.038Z - [32minfo[39m: Synchronizing opened pages list before reload
2026-08-30T09:27:48.039Z - [32minfo[39m: Current opened pages, from most-to-least recent:
2026-08-30T09:27:48.040Z - [32minfo[39m: 1. lessons/merge/index
2026-08-30T09:27:49.058Z - [32minfo[39m: Rebuilding 1 pages
2026-08-30T09:27:49.280Z - [36mverbose[39m: Rendering page: /Users/damithch/Repos/git-mastery/git-mastery.github.io/lessons/merge/index.md
2026-08-30T09:27:49.296Z - [32minfo[39m: Site data built
2026-08-30T09:27:49.296Z - [32minfo[39m: Pages rebuilt
2026-08-30T09:27:49.296Z - [32minfo[39m: Website regeneration complete! Total build time: 0.253s
2026-08-30T09:28:14.088Z - [32minfo[39m: [17:28:14] Reload for file change: /Users/damithch/Repos/git-mastery/git-mastery.github.io/lessons/merge/text.md
2026-08-30T09:28:14.091Z - [32minfo[39m: Synchronizing opened pages list before reload
2026-08-30T09:28:14.091Z - [32minfo[39m: Current opened pages, from most-to-least recent:
2026-08-30T09:28:14.092Z - [32minfo[39m: 1. lessons/merge/index
2026-08-30T09:28:15.096Z - [32minfo[39m: Rebuilding 1 pages
2026-08-30T09:28:15.295Z - [36mverbose[39m: Rendering page: /Users/damithch/Repos/git-mastery/git-mastery.github.io/lessons/merge/index.md
2026-08-30T09:28:15.321Z - [32minfo[39m: Site data built
2026-08-30T09:28:15.321Z - [32minfo[39m: Pages rebuilt
2026-08-30T09:28:15.321Z - [32minfo[39m: Website regeneration complete! Total build time: 0.228s
2026-08-30T09:29:34.142Z - [32minfo[39m: Website generation started at 17:29:34
2026-08-30T09:29:34.311Z - [32minfo[39m: Building assets...
2026-08-30T09:29:34.449Z - [32minfo[39m: Assets built
2026-08-30T09:29:34.449Z - [32minfo[39m: Generating pages...
2026-08-30T09:29:34.965Z - [36mverbose[39m: Rendering page: /Users/damithch/Repos/git-mastery/git-mastery.github.io/about/index.md
2026-08-30T09:29:34.974Z - [36mverbose[39m: Rendering page: /Users/damithch/Repos/git-mastery/git-mastery.github.io/companion-app/index.md
2026-08-30T09:29:34.992Z - [36mverbose[39m: Rendering page: /Users/damithch/Repos/git-mastery/git-mastery.github.io/faq/index.md
2026-08-30T09:29:34.995Z - [36mverbose[39m: Rendering page: /Users/damithch/Repos/git-mastery/git-mastery.github.io/exercises-directory/index.md
2026-08-30T09:29:35.033Z - [36mverbose[39m: Rendering page: /Users/damithch/Repos/git-mastery/git-mastery.github.io/versions/cs2113/insertions.md
2026-08-30T09:29:37.981Z - [36mverbose[39m: Rendering page: /Users/damithch/Repos/git-mastery/git-mastery.github.io/versions/cs2103/insertions.md
2026-08-30T09:29:37.994Z - [36mverbose[39m: Rendering page: /Users/damithch/Repos/git-mastery/git-mastery.github.io/lessons/tag/exercise-tags-update.md
2026-08-30T09:29:37.996Z - [36mverbose[39m: Rendering page: /Users/damithch/Repos/git-mastery/git-mastery.github.io/lessons/trail/all.md
2026-08-30T09:29:38.242Z - [36mverbose[39m: Rendering page: /Users/damithch/Repos/git-mastery/git-mastery.github.io/lessons/tag/exercise-tags-push.md
2026-08-30T09:29:38.251Z - [36mverbose[39m: Rendering page: /Users/damithch/Repos/git-mastery/git-mastery.github.io/lessons/tag/exercise-tags-add.md
2026-08-30T09:29:38.259Z - [36mverbose[39m: Rendering page: /Users/damithch/Repos/git-mastery/git-mastery.github.io/lessons/stage/exercise-stage-fright.md
2026-08-30T09:29:38.267Z - [36mverbose[39m: Rendering page: /Users/damithch/Repos/git-mastery/git-mastery.github.io/lessons/show/exercise-view-commits.md
2026-08-30T09:29:38.270Z - [36mverbose[39m: Rendering page: /Users/damithch/Repos/git-mastery/git-mastery.github.io/lessons/setRemote/exercise-link-me.md
2026-08-30T09:29:38.288Z - [36mverbose[39m: Rendering page: /Users/damithch/Repos/git-mastery/git-mastery.github.io/lessons/revert/exercise-sensors-revert.md
2026-08-30T09:29:38.290Z - [36mverbose[39m: Rendering page: /Users/damithch/Repos/git-mastery/git-mastery.github.io/lessons/reset/exercise-sensors-reset.md
2026-08-30T09:29:38.305Z - [36mverbose[39m: Rendering page: /Users/damithch/Repos/git-mastery/git-mastery.github.io/lessons/remoteBranchRename/exercise-remote-branch-rename.md
2026-08-30T09:29:38.315Z - [36mverbose[39m: Rendering page: /Users/damithch/Repos/git-mastery/git-mastery.github.io/lessons/remoteBranchRename/exercise-glossary-branch-rename.md
2026-08-30T09:29:38.324Z - [36mverbose[39m: Rendering page: /Users/damithch/Repos/git-mastery/git-mastery.github.io/lessons/remoteBranchPush/exercise-glossary-branch-push.md
2026-08-30T09:29:38.332Z - [36mverbose[39m: Rendering page: /Users/damithch/Repos/git-mastery/git-mastery.github.io/lessons/remoteBranchPull/exercise-glossary-branch-pull.md
2026-08-30T09:29:38.341Z - [36mverbose[39m: Rendering page: /Users/damithch/Repos/git-mastery/git-mastery.github.io/lessons/remoteBranchDelete/exercise-glossary-branch-delete.md
2026-08-30T09:29:38.353Z - [36mverbose[39m: Rendering page: /Users/damithch/Repos/git-mastery/git-mastery.github.io/lessons/push/exercise-push-over.md
2026-08-30T09:29:38.362Z - [36mverbose[39m: Rendering page: /Users/damithch/Repos/git-mastery/git-mastery.github.io/lessons/pull/exercise-fetch-and-pull.md
2026-08-30T09:29:38.371Z - [36mverbose[39m: Rendering page: /Users/damithch/Repos/git-mastery/git-mastery.github.io/lessons/prsCreate/exercise-create-pr-from-main.md
2026-08-30T09:29:38.381Z - [36mverbose[39m: Rendering page: /Users/damithch/Repos/git-mastery/git-mastery.github.io/lessons/mergeConflicts/exercise-conflict-mediator.md
2026-08-30T09:29:38.382Z - [36mverbose[39m: Rendering page: /Users/damithch/Repos/git-mastery/git-mastery.github.io/lessons/merge/exercise-merge-undo.md
2026-08-30T09:29:38.391Z - [36mverbose[39m: Rendering page: /Users/damithch/Repos/git-mastery/git-mastery.github.io/lessons/merge/exercise-merge-squash.md
2026-08-30T09:29:38.399Z - [36mverbose[39m: Rendering page: /Users/damithch/Repos/git-mastery/git-mastery.github.io/lessons/merge/exercise-ff-undo.md
2026-08-30T09:29:38.421Z - [36mverbose[39m: Rendering page: /Users/damithch/Repos/git-mastery/git-mastery.github.io/lessons/merge/exercise-branch-forward.md
2026-08-30T09:29:38.425Z - [36mverbose[39m: Rendering page: /Users/damithch/Repos/git-mastery/git-mastery.github.io/lessons/merge/exercise-branch-compare.md
2026-08-30T09:29:38.427Z - [36mverbose[39m: Rendering page: /Users/damithch/Repos/git-mastery/git-mastery.github.io/lessons/merge/exercise-branch-bender.md
2026-08-30T09:29:38.435Z - [36mverbose[39m: Rendering page: /Users/damithch/Repos/git-mastery/git-mastery.github.io/lessons/log/exercise-log-and-order.md
2026-08-30T09:29:38.456Z - [36mverbose[39m: Rendering page: /Users/damithch/Repos/git-mastery/git-mastery.github.io/lessons/init/exercise-under-control.md
2026-08-30T09:29:38.458Z - [36mverbose[39m: Rendering page: /Users/damithch/Repos/git-mastery/git-mastery.github.io/lessons/init/exercise-undo-init.md
2026-08-30T09:29:38.460Z - [36mverbose[39m: Rendering page: /Users/damithch/Repos/git-mastery/git-mastery.github.io/lessons/ignore/exercise-ignoring-somethings.md
2026-08-30T09:29:38.462Z - [36mverbose[39m: Rendering page: /Users/damithch/Repos/git-mastery/git-mastery.github.io/lessons/fork/exercise-fork-repo.md
2026-08-30T09:29:38.482Z - [36mverbose[39m: Rendering page: /Users/damithch/Repos/git-mastery/git-mastery.github.io/lessons/createRemoteRepo/exercise-remote-control.md
2026-08-30T09:29:38.483Z - [36mverbose[39m: Rendering page: /Users/damithch/Repos/git-mastery/git-mastery.github.io/lessons/diff/exercise-sensors-diff.md
2026-08-30T09:29:38.492Z - [36mverbose[39m: Rendering page: /Users/damithch/Repos/git-mastery/git-mastery.github.io/lessons/commit/exercise-staging-intervention.md
2026-08-30T09:29:38.499Z - [36mverbose[39m: Rendering page: /Users/damithch/Repos/git-mastery/git-mastery.github.io/lessons/commit/exercise-grocery-shopping.md
2026-08-30T09:29:38.517Z - [36mverbose[39m: Rendering page: /Users/damithch/Repos/git-mastery/git-mastery.github.io/lessons/checkout/exercise-sensors-checkout.md
2026-08-30T09:29:38.529Z - [36mverbose[39m: Rendering page: /Users/damithch/Repos/git-mastery/git-mastery.github.io/lessons/clone/exercise-clone-repo.md
2026-08-30T09:29:38.532Z - [36mverbose[39m: Rendering page: /Users/damithch/Repos/git-mastery/git-mastery.github.io/lessons/branchRename/exercise-branch-rename.md
2026-08-30T09:29:38.544Z - [36mverbose[39m: Rendering page: /Users/damithch/Repos/git-mastery/git-mastery.github.io/lessons/branchDelete/exercise-mix-messy-graph.md
2026-08-30T09:29:38.572Z - [36mverbose[39m: Rendering page: /Users/damithch/Repos/git-mastery/git-mastery.github.io/lessons/branchDelete/exercise-mix-messy-docs.md
2026-08-30T09:29:38.576Z - [36mverbose[39m: Rendering page: /Users/damithch/Repos/git-mastery/git-mastery.github.io/lessons/branchDelete/exercise-branch-delete.md
2026-08-30T09:29:38.578Z - [36mverbose[39m: Rendering page: /Users/damithch/Repos/git-mastery/git-mastery.github.io/lessons/branch/exercise-side-track.md
2026-08-30T09:29:38.581Z - [36mverbose[39m: Rendering page: /Users/damithch/Repos/git-mastery/git-mastery.github.io/lessons/branch/exercise-branch-previous.md
2026-08-30T09:29:38.645Z - [36mverbose[39m: Rendering page: /Users/damithch/Repos/git-mastery/git-mastery.github.io/versions/cs2113/index.md
2026-08-30T09:29:38.647Z - [36mverbose[39m: Rendering page: /Users/damithch/Repos/git-mastery/git-mastery.github.io/versions/cs2103/index.md
2026-08-30T09:29:38.780Z - [36mverbose[39m: Rendering page: /Users/damithch/Repos/git-mastery/git-mastery.github.io/lessons/worktrees/index.md
2026-08-30T09:29:38.788Z - [36mverbose[39m: Rendering page: /Users/damithch/Repos/git-mastery/git-mastery.github.io/lessons/workflows/index.md
2026-08-30T09:29:39.323Z - [36mverbose[39m: Rendering page: /Users/damithch/Repos/git-mastery/git-mastery.github.io/lessons/trail/workingWithRemotes/index.md
2026-08-30T09:29:39.344Z - [36mverbose[39m: Rendering page: /Users/damithch/Repos/git-mastery/git-mastery.github.io/lessons/trail/workingWithPrs/index.md
2026-08-30T09:29:39.461Z - [36mverbose[39m: Rendering page: /Users/damithch/Repos/git-mastery/git-mastery.github.io/lessons/trail/usingRevisionHistory/index.md
2026-08-30T09:29:39.501Z - [36mverbose[39m: Rendering page: /Users/damithch/Repos/git-mastery/git-mastery.github.io/lessons/trail/syncingBranches/index.md
2026-08-30T09:29:40.150Z - [36mverbose[39m: Rendering page: /Users/damithch/Repos/git-mastery/git-mastery.github.io/lessons/trail/remoteBranches/index.md
2026-08-30T09:29:40.247Z - [36mverbose[39m: Rendering page: /Users/damithch/Repos/git-mastery/git-mastery.github.io/lessons/trail/managingProjects/index.md
2026-08-30T09:29:40.253Z - [36mverbose[39m: Rendering page: /Users/damithch/Repos/git-mastery/git-mastery.github.io/lessons/trail/index.md
2026-08-30T09:29:40.260Z - [36mverbose[39m: Rendering page: /Users/damithch/Repos/git-mastery/git-mastery.github.io/lessons/trail/recordingFolderHistory/index.md
2026-08-30T09:29:41.261Z - [36mverbose[39m: Rendering page: /Users/damithch/Repos/git-mastery/git-mastery.github.io/lessons/trail/fineTuningHistory/index.md
2026-08-30T09:29:41.401Z - [36mverbose[39m: Rendering page: /Users/damithch/Repos/git-mastery/git-mastery.github.io/lessons/template/index.md
2026-08-30T09:29:41.414Z - [36mverbose[39m: Rendering page: /Users/damithch/Repos/git-mastery/git-mastery.github.io/lessons/trail/backingUpOnCloud/index.md
2026-08-30T09:29:41.475Z - [36mverbose[39m: Rendering page: /Users/damithch/Repos/git-mastery/git-mastery.github.io/lessons/trail/branchingLocally/index.md
2026-08-30T09:29:41.543Z - [36mverbose[39m: Rendering page: /Users/damithch/Repos/git-mastery/git-mastery.github.io/lessons/tag/index.md
2026-08-30T09:29:41.666Z - [36mverbose[39m: Rendering page: /Users/damithch/Repos/git-mastery/git-mastery.github.io/lessons/syncByRebase/index.md
2026-08-30T09:29:41.671Z - [36mverbose[39m: Rendering page: /Users/damithch/Repos/git-mastery/git-mastery.github.io/lessons/stage/index.md
2026-08-30T09:29:41.687Z - [36mverbose[39m: Rendering page: /Users/damithch/Repos/git-mastery/git-mastery.github.io/lessons/syncByMerge/index.md
2026-08-30T09:29:41.846Z - [36mverbose[39m: Rendering page: /Users/damithch/Repos/git-mastery/git-mastery.github.io/lessons/show/index.md
2026-08-30T09:29:41.857Z - [36mverbose[39m: Rendering page: /Users/damithch/Repos/git-mastery/git-mastery.github.io/lessons/setRemote/index.md
2026-08-30T09:29:41.864Z - [36mverbose[39m: Rendering page: /Users/damithch/Repos/git-mastery/git-mastery.github.io/lessons/selectiveStage/index.md
2026-08-30T09:29:41.868Z - [36mverbose[39m: Rendering page: /Users/damithch/Repos/git-mastery/git-mastery.github.io/lessons/revert/index.md
2026-08-30T09:29:42.006Z - [36mverbose[39m: Rendering page: /Users/damithch/Repos/git-mastery/git-mastery.github.io/lessons/reset/index.md
2026-08-30T09:29:42.020Z - [36mverbose[39m: Rendering page: /Users/damithch/Repos/git-mastery/git-mastery.github.io/lessons/remoteBranchRename/index.md
2026-08-30T09:29:42.024Z - [36mverbose[39m: Rendering page: /Users/damithch/Repos/git-mastery/git-mastery.github.io/lessons/remoteBranchPush/index.md
2026-08-30T09:29:42.029Z - [36mverbose[39m: Rendering page: /Users/damithch/Repos/git-mastery/git-mastery.github.io/lessons/remoteRepos/index.md
2026-08-30T09:29:42.272Z - [36mverbose[39m: Rendering page: /Users/damithch/Repos/git-mastery/git-mastery.github.io/lessons/remoteBranchDelete/index.md
2026-08-30T09:29:42.277Z - [36mverbose[39m: Rendering page: /Users/damithch/Repos/git-mastery/git-mastery.github.io/lessons/remoteBranchPull/index.md
2026-08-30T09:29:42.286Z - [36mverbose[39m: Rendering page: /Users/damithch/Repos/git-mastery/git-mastery.github.io/lessons/push/index.md
2026-08-30T09:29:42.296Z - [36mverbose[39m: Rendering page: /Users/damithch/Repos/git-mastery/git-mastery.github.io/lessons/pull/index.md
2026-08-30T09:29:42.464Z - [36mverbose[39m: Rendering page: /Users/damithch/Repos/git-mastery/git-mastery.github.io/lessons/prsReview/index.md
2026-08-30T09:29:42.469Z - [36mverbose[39m: Rendering page: /Users/damithch/Repos/git-mastery/git-mastery.github.io/lessons/prsMerge/index.md
2026-08-30T09:29:42.475Z - [36mverbose[39m: Rendering page: /Users/damithch/Repos/git-mastery/git-mastery.github.io/lessons/otherPmFeatures/index.md
2026-08-30T09:29:42.511Z - [36mverbose[39m: Rendering page: /Users/damithch/Repos/git-mastery/git-mastery.github.io/lessons/prsCreate/index.md
2026-08-30T09:29:42.683Z - [36mverbose[39m: Rendering page: /Users/damithch/Repos/git-mastery/git-mastery.github.io/lessons/mergeConflicts/index.md
2026-08-30T09:29:42.705Z - [36mverbose[39m: Rendering page: /Users/damithch/Repos/git-mastery/git-mastery.github.io/lessons/merge/index.md
2026-08-30T09:29:42.721Z - [36mverbose[39m: Rendering page: /Users/damithch/Repos/git-mastery/git-mastery.github.io/lessons/intro/index.md
2026-08-30T09:29:42.757Z - [36mverbose[39m: Rendering page: /Users/damithch/Repos/git-mastery/git-mastery.github.io/lessons/log/index.md
2026-08-30T09:29:43.038Z - [36mverbose[39m: Rendering page: /Users/damithch/Repos/git-mastery/git-mastery.github.io/lessons/interactiveRebase/index.md
2026-08-30T09:29:43.077Z - [36mverbose[39m: Rendering page: /Users/damithch/Repos/git-mastery/git-mastery.github.io/lessons/ignore/index.md
2026-08-30T09:29:43.088Z - [36mverbose[39m: Rendering page: /Users/damithch/Repos/git-mastery/git-mastery.github.io/lessons/init/index.md
2026-08-30T09:29:43.096Z - [36mverbose[39m: Rendering page: /Users/damithch/Repos/git-mastery/git-mastery.github.io/lessons/index.md
2026-08-30T09:29:43.230Z - [36mverbose[39m: Rendering page: /Users/damithch/Repos/git-mastery/git-mastery.github.io/lessons/githubPrep/index.md
2026-08-30T09:29:43.240Z - [36mverbose[39m: Rendering page: /Users/damithch/Repos/git-mastery/git-mastery.github.io/lessons/forkingWorkflow/index.md
2026-08-30T09:29:43.245Z - [36mverbose[39m: Rendering page: /Users/damithch/Repos/git-mastery/git-mastery.github.io/lessons/gitPrep/index.md
2026-08-30T09:29:43.257Z - [36mverbose[39m: Rendering page: /Users/damithch/Repos/git-mastery/git-mastery.github.io/lessons/fork/index.md
2026-08-30T09:29:43.420Z - [36mverbose[39m: Rendering page: /Users/damithch/Repos/git-mastery/git-mastery.github.io/lessons/diff/index.md
2026-08-30T09:29:43.429Z - [36mverbose[39m: Rendering page: /Users/damithch/Repos/git-mastery/git-mastery.github.io/lessons/createRemoteRepo/index.md
2026-08-30T09:29:43.433Z - [36mverbose[39m: Rendering page: /Users/damithch/Repos/git-mastery/git-mastery.github.io/lessons/commitMessage/index.md
2026-08-30T09:29:43.460Z - [36mverbose[39m: Rendering page: /Users/damithch/Repos/git-mastery/git-mastery.github.io/lessons/commit/index.md
2026-08-30T09:29:43.546Z - [36mverbose[39m: Rendering page: /Users/damithch/Repos/git-mastery/git-mastery.github.io/lessons/clone/index.md
2026-08-30T09:29:43.582Z - [36mverbose[39m: Rendering page: /Users/damithch/Repos/git-mastery/git-mastery.github.io/lessons/checkout/index.md
2026-08-30T09:29:43.593Z - [36mverbose[39m: Rendering page: /Users/damithch/Repos/git-mastery/git-mastery.github.io/lessons/cherryPick/index.md
2026-08-30T09:29:43.664Z - [36mverbose[39m: Rendering page: /Users/damithch/Repos/git-mastery/git-mastery.github.io/lessons/branchRename/index.md
2026-08-30T09:29:43.763Z - [36mverbose[39m: Rendering page: /Users/damithch/Repos/git-mastery/git-mastery.github.io/lessons/branchDelete/index.md
2026-08-30T09:29:43.773Z - [36mverbose[39m: Rendering page: /Users/damithch/Repos/git-mastery/git-mastery.github.io/index.md
2026-08-30T09:29:43.775Z - [36mverbose[39m: Rendering page: /Users/damithch/Repos/git-mastery/git-mastery.github.io/lessons/branch/index.md
2026-08-30T09:29:43.792Z - [32minfo[39m: Pages built
2026-08-30T09:29:43.880Z - [32minfo[39m: Site data built
2026-08-30T09:29:43.880Z - [32minfo[39m: Website generation complete! Total build time: 9.839s
2026-08-30T09:29:43.880Z - [32minfo[39m: Build success!
2026-08-30T09:29:53.868Z - [32minfo[39m: GitHub Actions deployment initiated. Check status at: https://github.com/git-mastery/git-mastery.github.io/actions
2026-08-30T09:29:53.868Z - [32minfo[39m: The website will be deployed at: git-mastery.org
