2026-07-25T17:01:59.284Z - [32minfo[39m: Website generation (lazy) started at 01:01:59
2026-07-25T17:01:59.557Z - [32minfo[39m: Building assets...
2026-07-25T17:01:59.661Z - [32minfo[39m: Assets built
2026-07-25T17:01:59.662Z - [32minfo[39m: Generating landing page...
2026-07-25T17:01:59.749Z - [36mverbose[39m: Rendering page: /Users/damithch/Repos/git-mastery/git-mastery.github.io/index.md
2026-07-25T17:01:59.768Z - [32minfo[39m: Landing page built, other pages will be built as you navigate to them!
2026-07-25T17:01:59.857Z - [32minfo[39m: Site data built
2026-07-25T17:01:59.857Z - [32minfo[39m: Website generation (lazy) complete! Total build time: 0.704s
2026-07-25T17:01:59.871Z - [32minfo[39m: Serving "/Users/damithch/Repos/git-mastery/git-mastery.github.io/_site" at http://127.0.0.1:8080
2026-07-25T17:01:59.871Z - [32minfo[39m: Press CTRL+C to stop ...
2026-07-25T17:02:04.716Z - [32minfo[39m: Building /Users/damithch/Repos/git-mastery/git-mastery.github.io/versions/cs2103/insertions as some of its dependencies were changed since the last visit
2026-07-25T17:02:04.754Z - [36mverbose[39m: Rendering page: /Users/damithch/Repos/git-mastery/git-mastery.github.io/versions/cs2103/insertions.md
2026-07-25T17:02:04.759Z - [32minfo[39m: Site data built
2026-07-25T17:02:04.759Z - [32minfo[39m: Lazy website regeneration complete! Total build time: 0.044s
2026-07-25T17:02:10.552Z - [32minfo[39m: Building /Users/damithch/Repos/git-mastery/git-mastery.github.io/lessons/index as some of its dependencies were changed since the last visit
2026-07-25T17:02:10.974Z - [36mverbose[39m: Rendering page: /Users/damithch/Repos/git-mastery/git-mastery.github.io/lessons/index.md
2026-07-25T17:02:10.987Z - [32minfo[39m: Site data built
2026-07-25T17:02:10.987Z - [32minfo[39m: Lazy website regeneration complete! Total build time: 0.435s
2026-07-25T17:02:15.566Z - [32minfo[39m: Building /Users/damithch/Repos/git-mastery/git-mastery.github.io/lessons/trail/recordingFolderHistory/index as some of its dependencies were changed since the last visit
2026-07-25T17:02:16.124Z - [36mverbose[39m: Rendering page: /Users/damithch/Repos/git-mastery/git-mastery.github.io/lessons/trail/recordingFolderHistory/index.md
2026-07-25T17:02:16.191Z - [32minfo[39m: Site data built
2026-07-25T17:02:16.191Z - [32minfo[39m: Lazy website regeneration complete! Total build time: 0.625s
