2026-10-05T18:39:58.602Z - [32minfo[39m: Website generation (lazy) started at 02:39:58
2026-10-05T18:39:58.901Z - [32minfo[39m: Building assets...
2026-10-05T18:39:59.015Z - [32minfo[39m: Assets built
2026-10-05T18:39:59.016Z - [32minfo[39m: Generating landing page...
2026-10-05T18:39:59.096Z - [36mverbose[39m: Rendering page: /Users/damithch/Repos/git-mastery/git-mastery.github.io/index.md
2026-10-05T18:39:59.116Z - [32minfo[39m: Landing page built, other pages will be built as you navigate to them!
2026-10-05T18:39:59.188Z - [32minfo[39m: Site data built
2026-10-05T18:39:59.188Z - [32minfo[39m: Website generation (lazy) complete! Total build time: 0.728s
2026-10-05T18:39:59.199Z - [32minfo[39m: Serving "/Users/damithch/Repos/git-mastery/git-mastery.github.io/_site" at http://127.0.0.1:8080
2026-10-05T18:39:59.199Z - [32minfo[39m: Press CTRL+C to stop ...
2026-10-05T18:40:01.166Z - [32minfo[39m: Building /Users/damithch/Repos/git-mastery/git-mastery.github.io/versions/cs2103/insertions as some of its dependencies were changed since the last visit
2026-10-05T18:40:01.199Z - [36mverbose[39m: Rendering page: /Users/damithch/Repos/git-mastery/git-mastery.github.io/versions/cs2103/insertions.md
2026-10-05T18:40:01.202Z - [32minfo[39m: Site data built
2026-10-05T18:40:01.202Z - [32minfo[39m: Lazy website regeneration complete! Total build time: 0.036s
2026-10-05T18:40:04.090Z - [32minfo[39m: Building /Users/damithch/Repos/git-mastery/git-mastery.github.io/lessons/index as some of its dependencies were changed since the last visit
2026-10-05T18:40:04.502Z - [36mverbose[39m: Rendering page: /Users/damithch/Repos/git-mastery/git-mastery.github.io/lessons/index.md
2026-10-05T18:40:04.513Z - [32minfo[39m: Site data built
2026-10-05T18:40:04.513Z - [32minfo[39m: Lazy website regeneration complete! Total build time: 0.423s
2026-10-05T18:40:14.524Z - [32minfo[39m: Building /Users/damithch/Repos/git-mastery/git-mastery.github.io/lessons/remoteRepos/index as some of its dependencies were changed since the last visit
2026-10-05T18:40:14.608Z - [36mverbose[39m: Rendering page: /Users/damithch/Repos/git-mastery/git-mastery.github.io/lessons/remoteRepos/index.md
2026-10-05T18:40:14.618Z - [32minfo[39m: Site data built
2026-10-05T18:40:14.618Z - [32minfo[39m: Lazy website regeneration complete! Total build time: 0.096s
2026-10-05T18:40:18.314Z - [32minfo[39m: Building /Users/damithch/Repos/git-mastery/git-mastery.github.io/lessons/githubPrep/index as some of its dependencies were changed since the last visit
2026-10-05T18:40:18.447Z - [36mverbose[39m: Rendering page: /Users/damithch/Repos/git-mastery/git-mastery.github.io/lessons/githubPrep/index.md
2026-10-05T18:40:18.465Z - [32minfo[39m: Site data built
2026-10-05T18:40:18.465Z - [32minfo[39m: Lazy website regeneration complete! Total build time: 0.151s
2026-10-05T18:40:24.080Z - [32minfo[39m: Building /Users/damithch/Repos/git-mastery/git-mastery.github.io/lessons/createRemoteRepo/index as some of its dependencies were changed since the last visit
2026-10-05T18:40:24.145Z - [36mverbose[39m: Rendering page: /Users/damithch/Repos/git-mastery/git-mastery.github.io/lessons/createRemoteRepo/index.md
2026-10-05T18:40:24.153Z - [32minfo[39m: Site data built
2026-10-05T18:40:24.153Z - [32minfo[39m: Lazy website regeneration complete! Total build time: 0.074s
2026-10-05T18:40:28.559Z - [32minfo[39m: Building /Users/damithch/Repos/git-mastery/git-mastery.github.io/lessons/setRemote/index as some of its dependencies were changed since the last visit
2026-10-05T18:40:28.703Z - [36mverbose[39m: Rendering page: /Users/damithch/Repos/git-mastery/git-mastery.github.io/lessons/setRemote/index.md
2026-10-05T18:40:28.723Z - [32minfo[39m: Site data built
2026-10-05T18:40:28.723Z - [32minfo[39m: Lazy website regeneration complete! Total build time: 0.165s
2026-10-05T18:45:27.560Z - [32minfo[39m: [02:45:27] Reload for file change: /Users/damithch/Repos/git-mastery/git-mastery.github.io/common/macros.njk
2026-10-05T18:45:27.563Z - [32minfo[39m: Synchronizing opened pages list before reload
2026-10-05T18:45:27.564Z - [32minfo[39m: Current opened pages, from most-to-least recent:
2026-10-05T18:45:27.565Z - [32minfo[39m: 1. lessons/setRemote/index
2026-10-05T18:45:28.645Z - [32minfo[39m: Rebuilding 1 pages
2026-10-05T18:45:28.743Z - [36mverbose[39m: Rendering page: /Users/damithch/Repos/git-mastery/git-mastery.github.io/lessons/setRemote/index.md
2026-10-05T18:45:28.761Z - [32minfo[39m: Site data built
2026-10-05T18:45:28.761Z - [32minfo[39m: Pages rebuilt
2026-10-05T18:45:28.761Z - [32minfo[39m: Website regeneration complete! Total build time: 0.117s
2026-10-05T18:46:16.548Z - [32minfo[39m: [02:46:16] Reload for file change: /Users/damithch/Repos/git-mastery/git-mastery.github.io/common/macros.njk
2026-10-05T18:46:16.549Z - [32minfo[39m: Synchronizing opened pages list before reload
2026-10-05T18:46:16.549Z - [32minfo[39m: Current opened pages, from most-to-least recent:
2026-10-05T18:46:16.550Z - [32minfo[39m: 1. lessons/setRemote/index
2026-10-05T18:46:17.625Z - [32minfo[39m: Rebuilding 1 pages
2026-10-05T18:46:17.721Z - [36mverbose[39m: Rendering page: /Users/damithch/Repos/git-mastery/git-mastery.github.io/lessons/setRemote/index.md
2026-10-05T18:46:17.738Z - [32minfo[39m: Site data built
2026-10-05T18:46:17.738Z - [32minfo[39m: Pages rebuilt
2026-10-05T18:46:17.738Z - [32minfo[39m: Website regeneration complete! Total build time: 0.114s
2026-10-05T18:46:46.655Z - [32minfo[39m: Building /Users/damithch/Repos/git-mastery/git-mastery.github.io/lessons/push/index as some of its dependencies were changed since the last visit
2026-10-05T18:46:46.863Z - [36mverbose[39m: Rendering page: /Users/damithch/Repos/git-mastery/git-mastery.github.io/lessons/push/index.md
2026-10-05T18:46:46.877Z - [32minfo[39m: Site data built
2026-10-05T18:46:46.877Z - [32minfo[39m: Lazy website regeneration complete! Total build time: 0.222s
2026-10-05T18:48:27.648Z - [32minfo[39m: Building /Users/damithch/Repos/git-mastery/git-mastery.github.io/index as some of its dependencies were changed since the last visit
2026-10-05T18:48:27.700Z - [36mverbose[39m: Rendering page: /Users/damithch/Repos/git-mastery/git-mastery.github.io/index.md
2026-10-05T18:48:27.704Z - [32minfo[39m: Site data built
2026-10-05T18:48:27.704Z - [32minfo[39m: Lazy website regeneration complete! Total build time: 0.058s
2026-10-05T18:49:39.412Z - [32minfo[39m: [02:49:39] Reload for file change: /Users/damithch/Repos/git-mastery/git-mastery.github.io/index.md
2026-10-05T18:49:39.413Z - [32minfo[39m: Synchronizing opened pages list before reload
2026-10-05T18:49:39.413Z - [32minfo[39m: Current opened pages, from most-to-least recent:
2026-10-05T18:49:39.414Z - [32minfo[39m: 1. index
2026-10-05T18:49:40.423Z - [32minfo[39m: Rebuilding 1 pages
2026-10-05T18:49:40.471Z - [36mverbose[39m: Rendering page: /Users/damithch/Repos/git-mastery/git-mastery.github.io/index.md
2026-10-05T18:49:40.476Z - [32minfo[39m: Site data built
2026-10-05T18:49:40.476Z - [32minfo[39m: Pages rebuilt
2026-10-05T18:49:40.476Z - [32minfo[39m: Website regeneration complete! Total build time: 0.06s
2026-10-05T18:49:50.597Z - [32minfo[39m: [02:49:50] Reload for file change: /Users/damithch/Repos/git-mastery/git-mastery.github.io/index.md
2026-10-05T18:49:50.597Z - [32minfo[39m: Synchronizing opened pages list before reload
2026-10-05T18:49:50.598Z - [32minfo[39m: Current opened pages, from most-to-least recent:
2026-10-05T18:49:50.598Z - [32minfo[39m: 1. index
2026-10-05T18:49:51.604Z - [32minfo[39m: Rebuilding 1 pages
2026-10-05T18:49:51.646Z - [36mverbose[39m: Rendering page: /Users/damithch/Repos/git-mastery/git-mastery.github.io/index.md
2026-10-05T18:49:51.654Z - [32minfo[39m: Site data built
2026-10-05T18:49:51.654Z - [32minfo[39m: Pages rebuilt
2026-10-05T18:49:51.654Z - [32minfo[39m: Website regeneration complete! Total build time: 0.053s
2026-10-05T18:50:06.145Z - [32minfo[39m: [02:50:06] Reload for file change: /Users/damithch/Repos/git-mastery/git-mastery.github.io/index.md
2026-10-05T18:50:06.147Z - [32minfo[39m: Synchronizing opened pages list before reload
2026-10-05T18:50:06.149Z - [32minfo[39m: Current opened pages, from most-to-least recent:
2026-10-05T18:50:06.150Z - [32minfo[39m: 1. index
2026-10-05T18:50:07.154Z - [32minfo[39m: Rebuilding 1 pages
2026-10-05T18:50:07.226Z - [36mverbose[39m: Rendering page: /Users/damithch/Repos/git-mastery/git-mastery.github.io/index.md
2026-10-05T18:50:07.231Z - [32minfo[39m: Site data built
2026-10-05T18:50:07.231Z - [32minfo[39m: Pages rebuilt
2026-10-05T18:50:07.231Z - [32minfo[39m: Website regeneration complete! Total build time: 0.079s
2026-10-05T18:50:58.369Z - [32minfo[39m: [02:50:58] Reload for file change: /Users/damithch/Repos/git-mastery/git-mastery.github.io/index.md
2026-10-05T18:50:58.370Z - [32minfo[39m: Synchronizing opened pages list before reload
2026-10-05T18:50:58.371Z - [32minfo[39m: Current opened pages, from most-to-least recent:
2026-10-05T18:50:58.371Z - [32minfo[39m: 1. index
2026-10-05T18:50:59.374Z - [32minfo[39m: Rebuilding 1 pages
2026-10-05T18:50:59.423Z - [36mverbose[39m: Rendering page: /Users/damithch/Repos/git-mastery/git-mastery.github.io/index.md
2026-10-05T18:50:59.430Z - [32minfo[39m: Site data built
2026-10-05T18:50:59.430Z - [32minfo[39m: Pages rebuilt
2026-10-05T18:50:59.430Z - [32minfo[39m: Website regeneration complete! Total build time: 0.057s
2026-10-05T18:51:12.506Z - [32minfo[39m: [02:51:12] Reload for file change: /Users/damithch/Repos/git-mastery/git-mastery.github.io/index.md
2026-10-05T18:51:12.509Z - [32minfo[39m: Synchronizing opened pages list before reload
2026-10-05T18:51:12.510Z - [32minfo[39m: Current opened pages, from most-to-least recent:
2026-10-05T18:51:12.510Z - [32minfo[39m: 1. index
2026-10-05T18:51:13.516Z - [32minfo[39m: Rebuilding 1 pages
2026-10-05T18:51:13.565Z - [36mverbose[39m: Rendering page: /Users/damithch/Repos/git-mastery/git-mastery.github.io/index.md
2026-10-05T18:51:13.571Z - [32minfo[39m: Site data built
2026-10-05T18:51:13.571Z - [32minfo[39m: Pages rebuilt
2026-10-05T18:51:13.571Z - [32minfo[39m: Website regeneration complete! Total build time: 0.058s
2026-10-05T18:52:18.155Z - [32minfo[39m: [02:52:18] Reload for file change: /Users/damithch/Repos/git-mastery/git-mastery.github.io/index.md
2026-10-05T18:52:18.157Z - [32minfo[39m: Synchronizing opened pages list before reload
2026-10-05T18:52:18.161Z - [32minfo[39m: Current opened pages, from most-to-least recent:
2026-10-05T18:52:18.162Z - [32minfo[39m: 1. index
2026-10-05T18:52:19.168Z - [32minfo[39m: Rebuilding 1 pages
2026-10-05T18:52:19.219Z - [36mverbose[39m: Rendering page: /Users/damithch/Repos/git-mastery/git-mastery.github.io/index.md
2026-10-05T18:52:19.227Z - [32minfo[39m: Site data built
2026-10-05T18:52:19.227Z - [32minfo[39m: Pages rebuilt
2026-10-05T18:52:19.227Z - [32minfo[39m: Website regeneration complete! Total build time: 0.062s
2026-10-05T18:53:54.273Z - [32minfo[39m: [02:53:54] Reload for file change: /Users/damithch/Repos/git-mastery/git-mastery.github.io/index.md
2026-10-05T18:53:54.280Z - [32minfo[39m: Synchronizing opened pages list before reload
2026-10-05T18:53:54.282Z - [32minfo[39m: Current opened pages, from most-to-least recent:
2026-10-05T18:53:54.282Z - [32minfo[39m: 1. index
2026-10-05T18:53:55.303Z - [32minfo[39m: Rebuilding 1 pages
2026-10-05T18:53:55.352Z - [36mverbose[39m: Rendering page: /Users/damithch/Repos/git-mastery/git-mastery.github.io/index.md
2026-10-05T18:53:55.359Z - [32minfo[39m: Site data built
2026-10-05T18:53:55.359Z - [32minfo[39m: Pages rebuilt
2026-10-05T18:53:55.359Z - [32minfo[39m: Website regeneration complete! Total build time: 0.07s
2026-10-05T18:54:29.653Z - [32minfo[39m: [02:54:29] Reload for file change: /Users/damithch/Repos/git-mastery/git-mastery.github.io/index.md
2026-10-05T18:54:29.654Z - [32minfo[39m: Synchronizing opened pages list before reload
2026-10-05T18:54:29.655Z - [32minfo[39m: Current opened pages, from most-to-least recent:
2026-10-05T18:54:29.655Z - [32minfo[39m: 1. index
2026-10-05T18:54:30.665Z - [32minfo[39m: Rebuilding 1 pages
2026-10-05T18:54:30.715Z - [36mverbose[39m: Rendering page: /Users/damithch/Repos/git-mastery/git-mastery.github.io/index.md
2026-10-05T18:54:30.720Z - [32minfo[39m: Site data built
2026-10-05T18:54:30.720Z - [32minfo[39m: Pages rebuilt
2026-10-05T18:54:30.720Z - [32minfo[39m: Website regeneration complete! Total build time: 0.062s
2026-10-05T18:59:01.588Z - [32minfo[39m: [02:59:01] Reload for file change: /Users/damithch/Repos/git-mastery/git-mastery.github.io/index.md
2026-10-05T18:59:01.593Z - [32minfo[39m: Synchronizing opened pages list before reload
2026-10-05T18:59:01.594Z - [32minfo[39m: Current opened pages, from most-to-least recent:
2026-10-05T18:59:01.595Z - [32minfo[39m: 1. index
2026-10-05T18:59:02.636Z - [32minfo[39m: Rebuilding 1 pages
2026-10-05T18:59:02.764Z - [36mverbose[39m: Rendering page: /Users/damithch/Repos/git-mastery/git-mastery.github.io/index.md
2026-10-05T18:59:02.773Z - [32minfo[39m: Site data built
2026-10-05T18:59:02.773Z - [32minfo[39m: Pages rebuilt
2026-10-05T18:59:02.773Z - [32minfo[39m: Website regeneration complete! Total build time: 0.171s
2026-10-05T18:59:08.975Z - [32minfo[39m: [02:59:08] Reload for file change: /Users/damithch/Repos/git-mastery/git-mastery.github.io/index.md
2026-10-05T18:59:08.976Z - [32minfo[39m: Synchronizing opened pages list before reload
2026-10-05T18:59:08.976Z - [32minfo[39m: Current opened pages, from most-to-least recent:
2026-10-05T18:59:08.977Z - [32minfo[39m: 1. index
2026-10-05T18:59:09.983Z - [32minfo[39m: Rebuilding 1 pages
2026-10-05T18:59:10.041Z - [36mverbose[39m: Rendering page: /Users/damithch/Repos/git-mastery/git-mastery.github.io/index.md
2026-10-05T18:59:10.047Z - [32minfo[39m: Site data built
2026-10-05T18:59:10.047Z - [32minfo[39m: Pages rebuilt
2026-10-05T18:59:10.047Z - [32minfo[39m: Website regeneration complete! Total build time: 0.068s
2026-10-05T19:03:39.379Z - [32minfo[39m: [03:03:39] Reload for file change: /Users/damithch/Repos/git-mastery/git-mastery.github.io/index.md
2026-10-05T19:03:39.380Z - [32minfo[39m: Synchronizing opened pages list before reload
2026-10-05T19:03:39.383Z - [32minfo[39m: Current opened pages, from most-to-least recent:
2026-10-05T19:03:39.384Z - [32minfo[39m: 1. index
2026-10-05T19:03:40.401Z - [32minfo[39m: Rebuilding 1 pages
2026-10-05T19:03:40.446Z - [36mverbose[39m: Rendering page: /Users/damithch/Repos/git-mastery/git-mastery.github.io/index.md
2026-10-05T19:03:40.457Z - [32minfo[39m: Site data built
2026-10-05T19:03:40.457Z - [32minfo[39m: Pages rebuilt
2026-10-05T19:03:40.457Z - [32minfo[39m: Website regeneration complete! Total build time: 0.072s
2026-10-05T19:04:18.091Z - [32minfo[39m: [03:04:18] Reload for file change: /Users/damithch/Repos/git-mastery/git-mastery.github.io/index.md
2026-10-05T19:04:18.092Z - [32minfo[39m: Synchronizing opened pages list before reload
2026-10-05T19:04:18.093Z - [32minfo[39m: Current opened pages, from most-to-least recent:
2026-10-05T19:04:18.093Z - [32minfo[39m: 1. index
2026-10-05T19:04:19.097Z - [32minfo[39m: Rebuilding 1 pages
2026-10-05T19:04:19.146Z - [36mverbose[39m: Rendering page: /Users/damithch/Repos/git-mastery/git-mastery.github.io/index.md
2026-10-05T19:04:19.154Z - [32minfo[39m: Site data built
2026-10-05T19:04:19.154Z - [32minfo[39m: Pages rebuilt
2026-10-05T19:04:19.154Z - [32minfo[39m: Website regeneration complete! Total build time: 0.059s
2026-10-05T19:05:47.305Z - [32minfo[39m: [03:05:47] Reload for file change: /Users/damithch/Repos/git-mastery/git-mastery.github.io/index.md
2026-10-05T19:05:47.311Z - [32minfo[39m: Synchronizing opened pages list before reload
2026-10-05T19:05:47.313Z - [32minfo[39m: Current opened pages, from most-to-least recent:
2026-10-05T19:05:47.314Z - [32minfo[39m: 1. index
2026-10-05T19:05:48.340Z - [32minfo[39m: Rebuilding 1 pages
2026-10-05T19:05:48.384Z - [36mverbose[39m: Rendering page: /Users/damithch/Repos/git-mastery/git-mastery.github.io/index.md
2026-10-05T19:05:48.390Z - [32minfo[39m: Site data built
2026-10-05T19:05:48.390Z - [32minfo[39m: Pages rebuilt
2026-10-05T19:05:48.390Z - [32minfo[39m: Website regeneration complete! Total build time: 0.067s
2026-10-05T19:06:17.444Z - [32minfo[39m: [03:06:17] Reload for file change: /Users/damithch/Repos/git-mastery/git-mastery.github.io/index.md
2026-10-05T19:06:17.451Z - [32minfo[39m: Synchronizing opened pages list before reload
2026-10-05T19:06:17.453Z - [32minfo[39m: Current opened pages, from most-to-least recent:
2026-10-05T19:06:17.453Z - [32minfo[39m: 1. index
2026-10-05T19:06:18.477Z - [32minfo[39m: Rebuilding 1 pages
2026-10-05T19:06:18.560Z - [36mverbose[39m: Rendering page: /Users/damithch/Repos/git-mastery/git-mastery.github.io/index.md
2026-10-05T19:06:18.565Z - [32minfo[39m: Site data built
2026-10-05T19:06:18.565Z - [32minfo[39m: Pages rebuilt
2026-10-05T19:06:18.565Z - [32minfo[39m: Website regeneration complete! Total build time: 0.105s
2026-10-05T19:06:55.379Z - [32minfo[39m: [03:06:55] Reload for file change: /Users/damithch/Repos/git-mastery/git-mastery.github.io/index.md
2026-10-05T19:06:55.381Z - [32minfo[39m: Synchronizing opened pages list before reload
2026-10-05T19:06:55.382Z - [32minfo[39m: Current opened pages, from most-to-least recent:
2026-10-05T19:06:55.382Z - [32minfo[39m: 1. index
2026-10-05T19:06:56.386Z - [32minfo[39m: Rebuilding 1 pages
2026-10-05T19:06:56.431Z - [36mverbose[39m: Rendering page: /Users/damithch/Repos/git-mastery/git-mastery.github.io/index.md
2026-10-05T19:06:56.435Z - [32minfo[39m: Site data built
2026-10-05T19:06:56.435Z - [32minfo[39m: Pages rebuilt
2026-10-05T19:06:56.435Z - [32minfo[39m: Website regeneration complete! Total build time: 0.05s
2026-10-05T19:07:49.313Z - [32minfo[39m: Building /Users/damithch/Repos/git-mastery/git-mastery.github.io/lessons/index as some of its dependencies were changed since the last visit
2026-10-05T19:07:49.704Z - [36mverbose[39m: Rendering page: /Users/damithch/Repos/git-mastery/git-mastery.github.io/lessons/index.md
2026-10-05T19:07:49.719Z - [32minfo[39m: Site data built
2026-10-05T19:07:49.719Z - [32minfo[39m: Lazy website regeneration complete! Total build time: 0.407s
2026-10-05T19:08:03.719Z - [32minfo[39m: Building /Users/damithch/Repos/git-mastery/git-mastery.github.io/lessons/trail/recordingFolderHistory/index as some of its dependencies were changed since the last visit
2026-10-05T19:08:03.868Z - [36mverbose[39m: Rendering page: /Users/damithch/Repos/git-mastery/git-mastery.github.io/lessons/trail/recordingFolderHistory/index.md
2026-10-05T19:08:03.885Z - [32minfo[39m: Site data built
2026-10-05T19:08:03.885Z - [32minfo[39m: Lazy website regeneration complete! Total build time: 0.168s
2026-10-05T19:09:46.363Z - [32minfo[39m: Website generation started at 03:09:46
2026-10-05T19:09:46.487Z - [32minfo[39m: Building assets...
2026-10-05T19:09:46.586Z - [32minfo[39m: Assets built
2026-10-05T19:09:46.587Z - [32minfo[39m: Generating pages...
2026-10-05T19:09:47.113Z - [36mverbose[39m: Rendering page: /Users/damithch/Repos/git-mastery/git-mastery.github.io/companion-app/index.md
2026-10-05T19:09:47.140Z - [36mverbose[39m: Rendering page: /Users/damithch/Repos/git-mastery/git-mastery.github.io/about/index.md
2026-10-05T19:09:47.142Z - [36mverbose[39m: Rendering page: /Users/damithch/Repos/git-mastery/git-mastery.github.io/faq/index.md
2026-10-05T19:09:47.144Z - [36mverbose[39m: Rendering page: /Users/damithch/Repos/git-mastery/git-mastery.github.io/exercises-directory/index.md
2026-10-05T19:09:47.227Z - [36mverbose[39m: Rendering page: /Users/damithch/Repos/git-mastery/git-mastery.github.io/versions/cs2103/insertions.md
2026-10-05T19:09:47.229Z - [36mverbose[39m: Rendering page: /Users/damithch/Repos/git-mastery/git-mastery.github.io/versions/cs2113/insertions.md
2026-10-05T19:09:47.232Z - [36mverbose[39m: Rendering page: /Users/damithch/Repos/git-mastery/git-mastery.github.io/lessons/trail/workingWithPrs/end.md
2026-10-05T19:09:47.235Z - [36mverbose[39m: Rendering page: /Users/damithch/Repos/git-mastery/git-mastery.github.io/lessons/trail/workingWithRemotes/end.md
2026-10-05T19:09:47.286Z - [36mverbose[39m: Rendering page: /Users/damithch/Repos/git-mastery/git-mastery.github.io/lessons/trail/usingRevisionHistory/end.md
2026-10-05T19:09:47.290Z - [36mverbose[39m: Rendering page: /Users/damithch/Repos/git-mastery/git-mastery.github.io/lessons/trail/syncingBranches/end.md
2026-10-05T19:09:47.304Z - [36mverbose[39m: Rendering page: /Users/damithch/Repos/git-mastery/git-mastery.github.io/lessons/trail/remoteBranches/end.md
2026-10-05T19:09:47.307Z - [36mverbose[39m: Rendering page: /Users/damithch/Repos/git-mastery/git-mastery.github.io/lessons/trail/recordingFolderHistory/end.md
2026-10-05T19:09:47.345Z - [36mverbose[39m: Rendering page: /Users/damithch/Repos/git-mastery/git-mastery.github.io/lessons/trail/managingProjects/end.md
2026-10-05T19:09:47.349Z - [36mverbose[39m: Rendering page: /Users/damithch/Repos/git-mastery/git-mastery.github.io/lessons/trail/fineTuningHistory/end.md
2026-10-05T19:09:47.352Z - [36mverbose[39m: Rendering page: /Users/damithch/Repos/git-mastery/git-mastery.github.io/lessons/trail/backingUpOnCloud/end.md
2026-10-05T19:09:47.354Z - [36mverbose[39m: Rendering page: /Users/damithch/Repos/git-mastery/git-mastery.github.io/lessons/trail/branchingLocally/end.md
2026-10-05T19:09:48.081Z - [36mverbose[39m: Rendering page: /Users/damithch/Repos/git-mastery/git-mastery.github.io/lessons/trail/workingWithRemotes/all.md
2026-10-05T19:09:48.104Z - [36mverbose[39m: Rendering page: /Users/damithch/Repos/git-mastery/git-mastery.github.io/lessons/trail/workingWithPrs/all.md
2026-10-05T19:09:48.117Z - [36mverbose[39m: Rendering page: /Users/damithch/Repos/git-mastery/git-mastery.github.io/lessons/trail/syncingBranches/all.md
2026-10-05T19:09:48.233Z - [36mverbose[39m: Rendering page: /Users/damithch/Repos/git-mastery/git-mastery.github.io/lessons/trail/usingRevisionHistory/all.md
2026-10-05T19:09:48.750Z - [36mverbose[39m: Rendering page: /Users/damithch/Repos/git-mastery/git-mastery.github.io/lessons/trail/remoteBranches/all.md
2026-10-05T19:09:48.767Z - [36mverbose[39m: Rendering page: /Users/damithch/Repos/git-mastery/git-mastery.github.io/lessons/trail/managingProjects/all.md
2026-10-05T19:09:49.149Z - [36mverbose[39m: Rendering page: /Users/damithch/Repos/git-mastery/git-mastery.github.io/lessons/trail/recordingFolderHistory/all.md
2026-10-05T19:09:49.196Z - [36mverbose[39m: Rendering page: /Users/damithch/Repos/git-mastery/git-mastery.github.io/lessons/trail/fineTuningHistory/all.md
2026-10-05T19:09:52.005Z - [36mverbose[39m: Rendering page: /Users/damithch/Repos/git-mastery/git-mastery.github.io/lessons/trail/branchingLocally/all.md
2026-10-05T19:09:52.057Z - [36mverbose[39m: Rendering page: /Users/damithch/Repos/git-mastery/git-mastery.github.io/lessons/trail/backingUpOnCloud/all.md
2026-10-05T19:09:52.085Z - [36mverbose[39m: Rendering page: /Users/damithch/Repos/git-mastery/git-mastery.github.io/lessons/tag/exercise-tags-update.md
2026-10-05T19:09:52.094Z - [36mverbose[39m: Rendering page: /Users/damithch/Repos/git-mastery/git-mastery.github.io/lessons/trail/all.md
2026-10-05T19:09:52.306Z - [36mverbose[39m: Rendering page: /Users/damithch/Repos/git-mastery/git-mastery.github.io/lessons/tag/exercise-tags-push.md
2026-10-05T19:09:52.321Z - [36mverbose[39m: Rendering page: /Users/damithch/Repos/git-mastery/git-mastery.github.io/lessons/tag/exercise-tags-add.md
2026-10-05T19:09:52.327Z - [36mverbose[39m: Rendering page: /Users/damithch/Repos/git-mastery/git-mastery.github.io/lessons/stage/exercise-stage-fright.md
2026-10-05T19:09:52.329Z - [36mverbose[39m: Rendering page: /Users/damithch/Repos/git-mastery/git-mastery.github.io/lessons/show/exercise-view-commits.md
2026-10-05T19:09:52.340Z - [36mverbose[39m: Rendering page: /Users/damithch/Repos/git-mastery/git-mastery.github.io/lessons/setRemote/exercise-link-me.md
2026-10-05T19:09:52.365Z - [36mverbose[39m: Rendering page: /Users/damithch/Repos/git-mastery/git-mastery.github.io/lessons/reset/exercise-sensors-reset.md
2026-10-05T19:09:52.367Z - [36mverbose[39m: Rendering page: /Users/damithch/Repos/git-mastery/git-mastery.github.io/lessons/revert/exercise-sensors-revert.md
2026-10-05T19:09:52.369Z - [36mverbose[39m: Rendering page: /Users/damithch/Repos/git-mastery/git-mastery.github.io/lessons/remoteBranchRename/exercise-glossary-branch-rename.md
2026-10-05T19:09:52.371Z - [36mverbose[39m: Rendering page: /Users/damithch/Repos/git-mastery/git-mastery.github.io/lessons/remoteBranchRename/exercise-remote-branch-rename.md
2026-10-05T19:09:52.404Z - [36mverbose[39m: Rendering page: /Users/damithch/Repos/git-mastery/git-mastery.github.io/lessons/remoteBranchPush/exercise-glossary-branch-push.md
2026-10-05T19:09:52.406Z - [36mverbose[39m: Rendering page: /Users/damithch/Repos/git-mastery/git-mastery.github.io/lessons/remoteBranchPull/exercise-glossary-branch-pull.md
2026-10-05T19:09:52.408Z - [36mverbose[39m: Rendering page: /Users/damithch/Repos/git-mastery/git-mastery.github.io/lessons/remoteBranchDelete/exercise-glossary-branch-delete.md
2026-10-05T19:09:52.410Z - [36mverbose[39m: Rendering page: /Users/damithch/Repos/git-mastery/git-mastery.github.io/lessons/push/exercise-push-over.md
2026-10-05T19:09:52.443Z - [36mverbose[39m: Rendering page: /Users/damithch/Repos/git-mastery/git-mastery.github.io/lessons/pull/exercise-fetch-and-pull.md
2026-10-05T19:09:52.445Z - [36mverbose[39m: Rendering page: /Users/damithch/Repos/git-mastery/git-mastery.github.io/lessons/prsCreate/exercise-create-pr-from-main.md
2026-10-05T19:09:52.447Z - [36mverbose[39m: Rendering page: /Users/damithch/Repos/git-mastery/git-mastery.github.io/lessons/mergeConflicts/exercise-conflict-mediator.md
2026-10-05T19:09:52.449Z - [36mverbose[39m: Rendering page: /Users/damithch/Repos/git-mastery/git-mastery.github.io/lessons/merge/exercise-merge-undo.md
2026-10-05T19:09:52.469Z - [36mverbose[39m: Rendering page: /Users/damithch/Repos/git-mastery/git-mastery.github.io/lessons/merge/exercise-merge-squash.md
2026-10-05T19:09:52.477Z - [36mverbose[39m: Rendering page: /Users/damithch/Repos/git-mastery/git-mastery.github.io/lessons/merge/exercise-ff-undo.md
2026-10-05T19:09:52.479Z - [36mverbose[39m: Rendering page: /Users/damithch/Repos/git-mastery/git-mastery.github.io/lessons/merge/exercise-branch-forward.md
2026-10-05T19:09:52.486Z - [36mverbose[39m: Rendering page: /Users/damithch/Repos/git-mastery/git-mastery.github.io/lessons/merge/exercise-branch-compare.md
2026-10-05T19:09:52.502Z - [36mverbose[39m: Rendering page: /Users/damithch/Repos/git-mastery/git-mastery.github.io/lessons/merge/exercise-branch-bender.md
2026-10-05T19:09:52.510Z - [36mverbose[39m: Rendering page: /Users/damithch/Repos/git-mastery/git-mastery.github.io/lessons/log/exercise-log-and-order.md
2026-10-05T19:09:52.512Z - [36mverbose[39m: Rendering page: /Users/damithch/Repos/git-mastery/git-mastery.github.io/lessons/init/exercise-undo-init.md
2026-10-05T19:09:52.521Z - [36mverbose[39m: Rendering page: /Users/damithch/Repos/git-mastery/git-mastery.github.io/lessons/init/exercise-under-control.md
2026-10-05T19:09:52.545Z - [36mverbose[39m: Rendering page: /Users/damithch/Repos/git-mastery/git-mastery.github.io/lessons/fork/exercise-fork-repo.md
2026-10-05T19:09:52.546Z - [36mverbose[39m: Rendering page: /Users/damithch/Repos/git-mastery/git-mastery.github.io/lessons/diff/exercise-sensors-diff.md
2026-10-05T19:09:52.548Z - [36mverbose[39m: Rendering page: /Users/damithch/Repos/git-mastery/git-mastery.github.io/lessons/ignore/exercise-ignoring-somethings.md
2026-10-05T19:09:52.550Z - [36mverbose[39m: Rendering page: /Users/damithch/Repos/git-mastery/git-mastery.github.io/lessons/createRemoteRepo/exercise-remote-control.md
2026-10-05T19:09:52.578Z - [36mverbose[39m: Rendering page: /Users/damithch/Repos/git-mastery/git-mastery.github.io/lessons/commit/exercise-grocery-shopping.md
2026-10-05T19:09:52.580Z - [36mverbose[39m: Rendering page: /Users/damithch/Repos/git-mastery/git-mastery.github.io/lessons/commit/exercise-staging-intervention.md
2026-10-05T19:09:52.582Z - [36mverbose[39m: Rendering page: /Users/damithch/Repos/git-mastery/git-mastery.github.io/lessons/clone/exercise-clone-repo.md
2026-10-05T19:09:52.584Z - [36mverbose[39m: Rendering page: /Users/damithch/Repos/git-mastery/git-mastery.github.io/lessons/checkout/exercise-sensors-checkout.md
2026-10-05T19:09:52.621Z - [36mverbose[39m: Rendering page: /Users/damithch/Repos/git-mastery/git-mastery.github.io/lessons/branchDelete/exercise-mix-messy-docs.md
2026-10-05T19:09:52.624Z - [36mverbose[39m: Rendering page: /Users/damithch/Repos/git-mastery/git-mastery.github.io/lessons/branchRename/exercise-branch-rename.md
2026-10-05T19:09:52.625Z - [36mverbose[39m: Rendering page: /Users/damithch/Repos/git-mastery/git-mastery.github.io/lessons/branchDelete/exercise-mix-messy-graph.md
2026-10-05T19:09:52.629Z - [36mverbose[39m: Rendering page: /Users/damithch/Repos/git-mastery/git-mastery.github.io/lessons/branchDelete/exercise-branch-delete.md
2026-10-05T19:09:52.654Z - [36mverbose[39m: Rendering page: /Users/damithch/Repos/git-mastery/git-mastery.github.io/lessons/branch/exercise-side-track.md
2026-10-05T19:09:52.657Z - [36mverbose[39m: Rendering page: /Users/damithch/Repos/git-mastery/git-mastery.github.io/lessons/branch/exercise-branch-previous.md
2026-10-05T19:09:52.659Z - [36mverbose[39m: Rendering page: /Users/damithch/Repos/git-mastery/git-mastery.github.io/versions/cs2113/index.md
2026-10-05T19:09:52.661Z - [36mverbose[39m: Rendering page: /Users/damithch/Repos/git-mastery/git-mastery.github.io/versions/cs2103/index.md
2026-10-05T19:09:52.752Z - [36mverbose[39m: Rendering page: /Users/damithch/Repos/git-mastery/git-mastery.github.io/lessons/workflows/index.md
2026-10-05T19:09:52.755Z - [36mverbose[39m: Rendering page: /Users/damithch/Repos/git-mastery/git-mastery.github.io/lessons/worktrees/index.md
2026-10-05T19:09:52.763Z - [36mverbose[39m: Rendering page: /Users/damithch/Repos/git-mastery/git-mastery.github.io/lessons/trail/workingWithRemotes/index.md
2026-10-05T19:09:52.767Z - [36mverbose[39m: Rendering page: /Users/damithch/Repos/git-mastery/git-mastery.github.io/lessons/trail/workingWithPrs/index.md
2026-10-05T19:09:52.860Z - [36mverbose[39m: Rendering page: /Users/damithch/Repos/git-mastery/git-mastery.github.io/lessons/trail/usingRevisionHistory/index.md
2026-10-05T19:09:52.865Z - [36mverbose[39m: Rendering page: /Users/damithch/Repos/git-mastery/git-mastery.github.io/lessons/trail/remoteBranches/index.md
2026-10-05T19:09:52.868Z - [36mverbose[39m: Rendering page: /Users/damithch/Repos/git-mastery/git-mastery.github.io/lessons/trail/syncingBranches/index.md
2026-10-05T19:09:52.871Z - [36mverbose[39m: Rendering page: /Users/damithch/Repos/git-mastery/git-mastery.github.io/lessons/trail/recordingFolderHistory/index.md
2026-10-05T19:09:53.115Z - [36mverbose[39m: Rendering page: /Users/damithch/Repos/git-mastery/git-mastery.github.io/lessons/trail/managingProjects/index.md
2026-10-05T19:09:53.118Z - [36mverbose[39m: Rendering page: /Users/damithch/Repos/git-mastery/git-mastery.github.io/lessons/trail/index.md
2026-10-05T19:09:53.125Z - [36mverbose[39m: Rendering page: /Users/damithch/Repos/git-mastery/git-mastery.github.io/lessons/trail/fineTuningHistory/index.md
2026-10-05T19:09:53.128Z - [36mverbose[39m: Rendering page: /Users/damithch/Repos/git-mastery/git-mastery.github.io/lessons/trail/branchingLocally/index.md
2026-10-05T19:09:53.262Z - [36mverbose[39m: Rendering page: /Users/damithch/Repos/git-mastery/git-mastery.github.io/lessons/trail/backingUpOnCloud/index.md
2026-10-05T19:09:53.266Z - [36mverbose[39m: Rendering page: /Users/damithch/Repos/git-mastery/git-mastery.github.io/lessons/template/index.md
2026-10-05T19:09:53.268Z - [36mverbose[39m: Rendering page: /Users/damithch/Repos/git-mastery/git-mastery.github.io/lessons/tag/index.md
2026-10-05T19:09:53.279Z - [36mverbose[39m: Rendering page: /Users/damithch/Repos/git-mastery/git-mastery.github.io/lessons/syncByRebase/index.md
2026-10-05T19:09:53.514Z - [36mverbose[39m: Rendering page: /Users/damithch/Repos/git-mastery/git-mastery.github.io/lessons/stage/index.md
2026-10-05T19:09:53.526Z - [36mverbose[39m: Rendering page: /Users/damithch/Repos/git-mastery/git-mastery.github.io/lessons/syncByMerge/index.md
2026-10-05T19:09:53.532Z - [36mverbose[39m: Rendering page: /Users/damithch/Repos/git-mastery/git-mastery.github.io/lessons/show/index.md
2026-10-05T19:09:53.541Z - [36mverbose[39m: Rendering page: /Users/damithch/Repos/git-mastery/git-mastery.github.io/lessons/setRemote/index.md
2026-10-05T19:09:53.688Z - [36mverbose[39m: Rendering page: /Users/damithch/Repos/git-mastery/git-mastery.github.io/lessons/selectiveStage/index.md
2026-10-05T19:09:53.692Z - [36mverbose[39m: Rendering page: /Users/damithch/Repos/git-mastery/git-mastery.github.io/lessons/revert/index.md
2026-10-05T19:09:53.729Z - [36mverbose[39m: Rendering page: /Users/damithch/Repos/git-mastery/git-mastery.github.io/lessons/remoteRepos/index.md
2026-10-05T19:09:53.732Z - [36mverbose[39m: Rendering page: /Users/damithch/Repos/git-mastery/git-mastery.github.io/lessons/reset/index.md
2026-10-05T19:09:53.771Z - [36mverbose[39m: Rendering page: /Users/damithch/Repos/git-mastery/git-mastery.github.io/lessons/remoteBranchRename/index.md
2026-10-05T19:09:53.825Z - [36mverbose[39m: Rendering page: /Users/damithch/Repos/git-mastery/git-mastery.github.io/lessons/remoteBranchPush/index.md
2026-10-05T19:09:53.939Z - [36mverbose[39m: Rendering page: /Users/damithch/Repos/git-mastery/git-mastery.github.io/lessons/remoteBranchPull/index.md
2026-10-05T19:09:54.051Z - [36mverbose[39m: Rendering page: /Users/damithch/Repos/git-mastery/git-mastery.github.io/lessons/remoteBranchDelete/index.md
2026-10-05T19:09:54.058Z - [36mverbose[39m: Rendering page: /Users/damithch/Repos/git-mastery/git-mastery.github.io/lessons/push/index.md
2026-10-05T19:09:54.094Z - [36mverbose[39m: Rendering page: /Users/damithch/Repos/git-mastery/git-mastery.github.io/lessons/pull/index.md
2026-10-05T19:09:54.152Z - [36mverbose[39m: Rendering page: /Users/damithch/Repos/git-mastery/git-mastery.github.io/lessons/prsReview/index.md
2026-10-05T19:09:54.225Z - [36mverbose[39m: Rendering page: /Users/damithch/Repos/git-mastery/git-mastery.github.io/lessons/prsMerge/index.md
2026-10-05T19:09:54.269Z - [36mverbose[39m: Rendering page: /Users/damithch/Repos/git-mastery/git-mastery.github.io/lessons/prsCreate/index.md
2026-10-05T19:09:54.363Z - [36mverbose[39m: Rendering page: /Users/damithch/Repos/git-mastery/git-mastery.github.io/lessons/otherPmFeatures/index.md
2026-10-05T19:09:54.431Z - [36mverbose[39m: Rendering page: /Users/damithch/Repos/git-mastery/git-mastery.github.io/lessons/mergeConflicts/index.md
2026-10-05T19:09:54.452Z - [36mverbose[39m: Rendering page: /Users/damithch/Repos/git-mastery/git-mastery.github.io/lessons/merge/index.md
2026-10-05T19:09:54.499Z - [36mverbose[39m: Rendering page: /Users/damithch/Repos/git-mastery/git-mastery.github.io/lessons/log/index.md
2026-10-05T19:09:54.509Z - [36mverbose[39m: Rendering page: /Users/damithch/Repos/git-mastery/git-mastery.github.io/lessons/intro/index.md
2026-10-05T19:09:54.750Z - [36mverbose[39m: Rendering page: /Users/damithch/Repos/git-mastery/git-mastery.github.io/lessons/interactiveRebase/index.md
2026-10-05T19:09:55.002Z - [36mverbose[39m: Rendering page: /Users/damithch/Repos/git-mastery/git-mastery.github.io/lessons/init/index.md
2026-10-05T19:09:55.247Z - [36mverbose[39m: Rendering page: /Users/damithch/Repos/git-mastery/git-mastery.github.io/lessons/index.md
2026-10-05T19:09:55.264Z - [36mverbose[39m: Rendering page: /Users/damithch/Repos/git-mastery/git-mastery.github.io/lessons/ignore/index.md
2026-10-05T19:09:55.448Z - [36mverbose[39m: Rendering page: /Users/damithch/Repos/git-mastery/git-mastery.github.io/lessons/githubPrep/index.md
2026-10-05T19:09:55.694Z - [36mverbose[39m: Rendering page: /Users/damithch/Repos/git-mastery/git-mastery.github.io/lessons/forkingWorkflow/index.md
2026-10-05T19:09:55.700Z - [36mverbose[39m: Rendering page: /Users/damithch/Repos/git-mastery/git-mastery.github.io/lessons/gitPrep/index.md
2026-10-05T19:09:55.724Z - [36mverbose[39m: Rendering page: /Users/damithch/Repos/git-mastery/git-mastery.github.io/lessons/fork/index.md
2026-10-05T19:09:55.910Z - [36mverbose[39m: Rendering page: /Users/damithch/Repos/git-mastery/git-mastery.github.io/lessons/diff/index.md
2026-10-05T19:09:56.067Z - [36mverbose[39m: Rendering page: /Users/damithch/Repos/git-mastery/git-mastery.github.io/lessons/createRemoteRepo/index.md
2026-10-05T19:09:56.082Z - [36mverbose[39m: Rendering page: /Users/damithch/Repos/git-mastery/git-mastery.github.io/lessons/commitMessage/index.md
2026-10-05T19:09:56.159Z - [36mverbose[39m: Rendering page: /Users/damithch/Repos/git-mastery/git-mastery.github.io/lessons/commit/index.md
2026-10-05T19:09:56.278Z - [36mverbose[39m: Rendering page: /Users/damithch/Repos/git-mastery/git-mastery.github.io/lessons/clone/index.md
2026-10-05T19:09:56.449Z - [36mverbose[39m: Rendering page: /Users/damithch/Repos/git-mastery/git-mastery.github.io/lessons/checkout/index.md
2026-10-05T19:09:56.462Z - [36mverbose[39m: Rendering page: /Users/damithch/Repos/git-mastery/git-mastery.github.io/lessons/branchRename/index.md
2026-10-05T19:09:56.468Z - [36mverbose[39m: Rendering page: /Users/damithch/Repos/git-mastery/git-mastery.github.io/lessons/cherryPick/index.md
2026-10-05T19:09:56.474Z - [36mverbose[39m: Rendering page: /Users/damithch/Repos/git-mastery/git-mastery.github.io/lessons/branchDelete/index.md
2026-10-05T19:09:56.634Z - [36mverbose[39m: Rendering page: /Users/damithch/Repos/git-mastery/git-mastery.github.io/index.md
2026-10-05T19:09:56.636Z - [36mverbose[39m: Rendering page: /Users/damithch/Repos/git-mastery/git-mastery.github.io/lessons/branch/index.md
2026-10-05T19:09:56.661Z - [32minfo[39m: Pages built
2026-10-05T19:09:56.735Z - [32minfo[39m: Site data built
2026-10-05T19:09:56.735Z - [32minfo[39m: Website generation complete! Total build time: 10.462s
2026-10-05T19:09:56.735Z - [32minfo[39m: Build success!
2026-10-05T19:10:07.406Z - [32minfo[39m: GitHub Actions deployment initiated. Check status at: https://github.com/git-mastery/git-mastery.github.io/actions
2026-10-05T19:10:07.407Z - [32minfo[39m: The website will be deployed at: git-mastery.org
2026-10-05T19:15:26.709Z - [32minfo[39m: Website generation (lazy) started at 03:15:26
2026-10-05T19:15:26.845Z - [32minfo[39m: Building assets...
2026-10-05T19:15:26.957Z - [32minfo[39m: Assets built
2026-10-05T19:15:26.957Z - [32minfo[39m: Generating landing page...
2026-10-05T19:15:27.051Z - [36mverbose[39m: Rendering page: /Users/damithch/Repos/git-mastery/git-mastery.github.io/index.md
2026-10-05T19:15:27.069Z - [32minfo[39m: Landing page built, other pages will be built as you navigate to them!
2026-10-05T19:15:27.154Z - [32minfo[39m: Site data built
2026-10-05T19:15:27.154Z - [32minfo[39m: Website generation (lazy) complete! Total build time: 0.604s
2026-10-05T19:15:27.166Z - [32minfo[39m: Serving "/Users/damithch/Repos/git-mastery/git-mastery.github.io/_site" at http://127.0.0.1:8080
2026-10-05T19:15:27.166Z - [32minfo[39m: Press CTRL+C to stop ...
2026-10-05T19:15:29.459Z - [32minfo[39m: Building /Users/damithch/Repos/git-mastery/git-mastery.github.io/versions/cs2103/insertions as some of its dependencies were changed since the last visit
2026-10-05T19:15:29.499Z - [36mverbose[39m: Rendering page: /Users/damithch/Repos/git-mastery/git-mastery.github.io/versions/cs2103/insertions.md
2026-10-05T19:15:29.503Z - [32minfo[39m: Site data built
2026-10-05T19:15:29.503Z - [32minfo[39m: Lazy website regeneration complete! Total build time: 0.045s
2026-10-05T19:15:31.802Z - [32minfo[39m: Building /Users/damithch/Repos/git-mastery/git-mastery.github.io/lessons/index as some of its dependencies were changed since the last visit
2026-10-05T19:15:32.197Z - [36mverbose[39m: Rendering page: /Users/damithch/Repos/git-mastery/git-mastery.github.io/lessons/index.md
2026-10-05T19:15:32.206Z - [32minfo[39m: Site data built
2026-10-05T19:15:32.206Z - [32minfo[39m: Lazy website regeneration complete! Total build time: 0.404s
2026-10-05T19:15:36.802Z - [32minfo[39m: Building /Users/damithch/Repos/git-mastery/git-mastery.github.io/lessons/init/index as some of its dependencies were changed since the last visit
2026-10-05T19:15:36.941Z - [36mverbose[39m: Rendering page: /Users/damithch/Repos/git-mastery/git-mastery.github.io/lessons/init/index.md
2026-10-05T19:15:36.954Z - [32minfo[39m: Site data built
2026-10-05T19:15:36.954Z - [32minfo[39m: Lazy website regeneration complete! Total build time: 0.152s
2026-10-05T19:16:01.978Z - [32minfo[39m: Website generation started at 03:16:01
2026-10-05T19:16:02.074Z - [32minfo[39m: Building assets...
