2026-07-19T16:12:06.436Z - [32minfo[39m: Website generation (lazy) started at 00:12:06
2026-07-19T16:12:06.671Z - [32minfo[39m: Building assets...
2026-07-19T16:12:06.789Z - [32minfo[39m: Assets built
2026-07-19T16:12:06.790Z - [32minfo[39m: Generating landing page...
2026-07-19T16:12:06.883Z - [36mverbose[39m: Rendering page: /Users/damithch/Repos/git-mastery/git-mastery.github.io/index.md
2026-07-19T16:12:06.897Z - [32minfo[39m: Landing page built, other pages will be built as you navigate to them!
2026-07-19T16:12:06.976Z - [32minfo[39m: Site data built
2026-07-19T16:12:06.976Z - [32minfo[39m: Website generation (lazy) complete! Total build time: 0.655s
2026-07-19T16:12:06.991Z - [32minfo[39m: Serving "/Users/damithch/Repos/git-mastery/git-mastery.github.io/_site" at http://127.0.0.1:8080
2026-07-19T16:12:06.991Z - [32minfo[39m: Press CTRL+C to stop ...
2026-07-19T16:12:09.983Z - [32minfo[39m: Building /Users/damithch/Repos/git-mastery/git-mastery.github.io/versions/cs2103/insertions as some of its dependencies were changed since the last visit
2026-07-19T16:12:10.019Z - [36mverbose[39m: Rendering page: /Users/damithch/Repos/git-mastery/git-mastery.github.io/versions/cs2103/insertions.md
2026-07-19T16:12:10.024Z - [32minfo[39m: Site data built
2026-07-19T16:12:10.024Z - [32minfo[39m: Lazy website regeneration complete! Total build time: 0.041s
2026-07-19T16:12:11.217Z - [32minfo[39m: Building /Users/damithch/Repos/git-mastery/git-mastery.github.io/lessons/index as some of its dependencies were changed since the last visit
2026-07-19T16:12:11.559Z - [36mverbose[39m: Rendering page: /Users/damithch/Repos/git-mastery/git-mastery.github.io/lessons/index.md
2026-07-19T16:12:11.572Z - [32minfo[39m: Site data built
2026-07-19T16:12:11.572Z - [32minfo[39m: Lazy website regeneration complete! Total build time: 0.356s
2026-07-19T16:12:16.907Z - [32minfo[39m: Building /Users/damithch/Repos/git-mastery/git-mastery.github.io/lessons/trail/backingUpOnCloud/index as some of its dependencies were changed since the last visit
2026-07-19T16:12:17.258Z - [36mverbose[39m: Rendering page: /Users/damithch/Repos/git-mastery/git-mastery.github.io/lessons/trail/backingUpOnCloud/index.md
2026-07-19T16:12:17.294Z - [32minfo[39m: Site data built
2026-07-19T16:12:17.294Z - [32minfo[39m: Lazy website regeneration complete! Total build time: 0.388s
2026-07-19T16:12:39.910Z - [32minfo[39m: Building /Users/damithch/Repos/git-mastery/git-mastery.github.io/lessons/githubPrep/index as some of its dependencies were changed since the last visit
2026-07-19T16:12:40.025Z - [36mverbose[39m: Rendering page: /Users/damithch/Repos/git-mastery/git-mastery.github.io/lessons/githubPrep/index.md
2026-07-19T16:12:40.044Z - [32minfo[39m: Site data built
2026-07-19T16:12:40.044Z - [32minfo[39m: Lazy website regeneration complete! Total build time: 0.134s
2026-07-19T16:12:48.975Z - [32minfo[39m: Building /Users/damithch/Repos/git-mastery/git-mastery.github.io/lessons/createRemoteRepo/index as some of its dependencies were changed since the last visit
2026-07-19T16:12:49.042Z - [36mverbose[39m: Rendering page: /Users/damithch/Repos/git-mastery/git-mastery.github.io/lessons/createRemoteRepo/index.md
2026-07-19T16:12:49.047Z - [32minfo[39m: Site data built
2026-07-19T16:12:49.047Z - [32minfo[39m: Lazy website regeneration complete! Total build time: 0.072s
2026-07-19T16:15:29.123Z - [32minfo[39m: [00:15:29] Reload for file change: /Users/damithch/Repos/git-mastery/git-mastery.github.io/lessons/createRemoteRepo/text.md
2026-07-19T16:15:29.124Z - [32minfo[39m: Synchronizing opened pages list before reload
2026-07-19T16:15:29.126Z - [32minfo[39m: Current opened pages, from most-to-least recent:
2026-07-19T16:15:29.126Z - [32minfo[39m: 1. lessons/createRemoteRepo/index
2026-07-19T16:15:30.131Z - [32minfo[39m: Rebuilding 1 pages
2026-07-19T16:15:30.196Z - [36mverbose[39m: Rendering page: /Users/damithch/Repos/git-mastery/git-mastery.github.io/lessons/createRemoteRepo/index.md
2026-07-19T16:15:30.204Z - [32minfo[39m: Site data built
2026-07-19T16:15:30.204Z - [32minfo[39m: Pages rebuilt
2026-07-19T16:15:30.204Z - [32minfo[39m: Website regeneration complete! Total build time: 0.074s
2026-07-19T16:16:21.287Z - [32minfo[39m: [00:16:21] Reload for file change: /Users/damithch/Repos/git-mastery/git-mastery.github.io/lessons/createRemoteRepo/text.md
2026-07-19T16:16:21.288Z - [32minfo[39m: Synchronizing opened pages list before reload
2026-07-19T16:16:21.295Z - [32minfo[39m: Current opened pages, from most-to-least recent:
2026-07-19T16:16:21.295Z - [32minfo[39m: 1. lessons/createRemoteRepo/index
2026-07-19T16:16:22.298Z - [32minfo[39m: Rebuilding 1 pages
2026-07-19T16:16:22.381Z - [36mverbose[39m: Rendering page: /Users/damithch/Repos/git-mastery/git-mastery.github.io/lessons/createRemoteRepo/index.md
2026-07-19T16:16:22.391Z - [32minfo[39m: Site data built
2026-07-19T16:16:22.391Z - [32minfo[39m: Pages rebuilt
2026-07-19T16:16:22.391Z - [32minfo[39m: Website regeneration complete! Total build time: 0.094s
2026-07-19T16:23:16.870Z - [32minfo[39m: [00:23:16] Reload for file change: /Users/damithch/Repos/git-mastery/git-mastery.github.io/common/macros.njk
2026-07-19T16:23:16.873Z - [32minfo[39m: Synchronizing opened pages list before reload
2026-07-19T16:23:16.874Z - [32minfo[39m: Current opened pages, from most-to-least recent:
2026-07-19T16:23:16.874Z - [32minfo[39m: 1. lessons/createRemoteRepo/index
2026-07-19T16:23:16.947Z - [32minfo[39m: [00:23:16] Reload for file change: /Users/damithch/Repos/git-mastery/git-mastery.github.io/lessons/setRemote/steps-set-remote-fragment.md
2026-07-19T16:23:16.947Z - [32minfo[39m: Synchronizing opened pages list before reload
2026-07-19T16:23:16.947Z - [32minfo[39m: Current opened pages, from most-to-least recent:
2026-07-19T16:23:16.947Z - [32minfo[39m: 1. lessons/createRemoteRepo/index
2026-07-19T16:23:17.942Z - [32minfo[39m: Rebuilding 1 pages
2026-07-19T16:23:17.981Z - [36mverbose[39m: Rendering page: /Users/damithch/Repos/git-mastery/git-mastery.github.io/lessons/createRemoteRepo/index.md
2026-07-19T16:23:17.998Z - [32minfo[39m: Site data built
2026-07-19T16:23:17.998Z - [32minfo[39m: Pages rebuilt
2026-07-19T16:23:17.999Z - [32minfo[39m: Website regeneration complete! Total build time: 0.057s
2026-07-19T16:23:27.283Z - [32minfo[39m: Building /Users/damithch/Repos/git-mastery/git-mastery.github.io/lessons/setRemote/index as some of its dependencies were changed since the last visit
2026-07-19T16:23:27.395Z - [36mverbose[39m: Rendering page: /Users/damithch/Repos/git-mastery/git-mastery.github.io/lessons/setRemote/index.md
2026-07-19T16:23:27.410Z - [32minfo[39m: Site data built
2026-07-19T16:23:27.410Z - [32minfo[39m: Lazy website regeneration complete! Total build time: 0.128s
2026-07-19T16:27:09.267Z - [32minfo[39m: [00:27:09] Reload for file change: /Users/damithch/Repos/git-mastery/git-mastery.github.io/lessons/createRemoteRepo/text.md
2026-07-19T16:27:09.270Z - [32minfo[39m: Synchronizing opened pages list before reload
2026-07-19T16:27:09.271Z - [32minfo[39m: Current opened pages, from most-to-least recent:
2026-07-19T16:27:09.271Z - [32minfo[39m: 1. lessons/createRemoteRepo/index
2026-07-19T16:27:10.281Z - [32minfo[39m: Rebuilding 1 pages
2026-07-19T16:27:10.327Z - [31merror[39m: Template render error: (/Users/damithch/Repos/git-mastery/git-mastery.github.io/lessons/createRemoteRepo/text.md) [Line 33, Column 28]
  Template render error: (/Users/damithch/Repos/git-mastery/git-mastery.github.io/lessons/createRemoteRepo/text.md) [Line 496, Column 9]
  Error: Unable to call `m["ask_for_github_username"]`, which is undefined or falsey
    at Object._prettifyError (/opt/homebrew/lib/node_modules/markbind-cli/node_modules/nunjucks/src/lib.js:32:11)
    at file:///opt/homebrew/lib/node_modules/markbind-cli/node_modules/@markbind/core/src/patches/nunjucks/context-overrides-frame.js:336:23
    at Template.root [as rootRenderFunc] (eval at _compile (/opt/homebrew/lib/node_modules/markbind-cli/node_modules/nunjucks/src/environment.js:527:18), <anonymous>:183:3)
    at Template.render (file:///opt/homebrew/lib/node_modules/markbind-cli/node_modules/@markbind/core/src/patches/nunjucks/context-overrides-frame.js:326:10)
    at file:///opt/homebrew/lib/node_modules/markbind-cli/node_modules/@markbind/core/src/patches/nunjucks/context-overrides-frame.js:55:31
    at createTemplate (file:///opt/homebrew/lib/node_modules/markbind-cli/node_modules/@markbind/core/src/patches/nunjucks/load-event.js:110:13)
    at handle (file:///opt/homebrew/lib/node_modules/markbind-cli/node_modules/@markbind/core/src/patches/nunjucks/load-event.js:123:17)
    at file:///opt/homebrew/lib/node_modules/markbind-cli/node_modules/@markbind/core/src/patches/nunjucks/load-event.js:134:13
    at next (/opt/homebrew/lib/node_modules/markbind-cli/node_modules/nunjucks/src/lib.js:258:7)
    at Object.asyncIter (/opt/homebrew/lib/node_modules/markbind-cli/node_modules/nunjucks/src/lib.js:263:3)
2026-07-19T16:27:10.328Z - [31merror[39m: Template render error: (/Users/damithch/Repos/git-mastery/git-mastery.github.io/lessons/createRemoteRepo/text.md) [Line 33, Column 28]
  Template render error: (/Users/damithch/Repos/git-mastery/git-mastery.github.io/lessons/createRemoteRepo/text.md) [Line 496, Column 9]
  Error: Unable to call `m["ask_for_github_username"]`, which is undefined or falsey
    at Object._prettifyError (/opt/homebrew/lib/node_modules/markbind-cli/node_modules/nunjucks/src/lib.js:32:11)
    at file:///opt/homebrew/lib/node_modules/markbind-cli/node_modules/@markbind/core/src/patches/nunjucks/context-overrides-frame.js:336:23
    at Template.root [as rootRenderFunc] (eval at _compile (/opt/homebrew/lib/node_modules/markbind-cli/node_modules/nunjucks/src/environment.js:527:18), <anonymous>:183:3)
    at Template.render (file:///opt/homebrew/lib/node_modules/markbind-cli/node_modules/@markbind/core/src/patches/nunjucks/context-overrides-frame.js:326:10)
    at file:///opt/homebrew/lib/node_modules/markbind-cli/node_modules/@markbind/core/src/patches/nunjucks/context-overrides-frame.js:55:31
    at Environment.getTemplate (file:///opt/homebrew/lib/node_modules/markbind-cli/node_modules/@markbind/core/src/patches/nunjucks/load-event.js:78:13)
    at Environment.render (file:///opt/homebrew/lib/node_modules/markbind-cli/node_modules/@markbind/core/src/patches/nunjucks/context-overrides-frame.js:47:10)
    at VariableRenderer.renderFile (file:///opt/homebrew/lib/node_modules/markbind-cli/node_modules/@markbind/core/src/variables/VariableRenderer.js:44:24)
    at VariableProcessor.renderWithSiteVariables (file:///opt/homebrew/lib/node_modules/markbind-cli/node_modules/@markbind/core/src/variables/VariableProcessor.js:125:57)
    at VariableProcessor.renderIncludeFile (file:///opt/homebrew/lib/node_modules/markbind-cli/node_modules/@markbind/core/src/variables/VariableProcessor.js:202:38)
2026-07-19T16:27:10.328Z - [31merror[39m: Template render error: (/Users/damithch/Repos/git-mastery/git-mastery.github.io/lessons/createRemoteRepo/text.md) [Line 33, Column 28]
  Template render error: (/Users/damithch/Repos/git-mastery/git-mastery.github.io/lessons/createRemoteRepo/text.md) [Line 496, Column 9]
  Error: Unable to call `m["ask_for_github_username"]`, which is undefined or falsey
    at Object._prettifyError (/opt/homebrew/lib/node_modules/markbind-cli/node_modules/nunjucks/src/lib.js:32:11)
    at file:///opt/homebrew/lib/node_modules/markbind-cli/node_modules/@markbind/core/src/patches/nunjucks/context-overrides-frame.js:336:23
    at Template.root [as rootRenderFunc] (eval at _compile (/opt/homebrew/lib/node_modules/markbind-cli/node_modules/nunjucks/src/environment.js:527:18), <anonymous>:183:3)
    at Template.render (file:///opt/homebrew/lib/node_modules/markbind-cli/node_modules/@markbind/core/src/patches/nunjucks/context-overrides-frame.js:326:10)
    at file:///opt/homebrew/lib/node_modules/markbind-cli/node_modules/@markbind/core/src/patches/nunjucks/context-overrides-frame.js:55:31
    at Environment.getTemplate (file:///opt/homebrew/lib/node_modules/markbind-cli/node_modules/@markbind/core/src/patches/nunjucks/load-event.js:78:13)
    at Environment.render (file:///opt/homebrew/lib/node_modules/markbind-cli/node_modules/@markbind/core/src/patches/nunjucks/context-overrides-frame.js:47:10)
    at VariableRenderer.renderFile (file:///opt/homebrew/lib/node_modules/markbind-cli/node_modules/@markbind/core/src/variables/VariableRenderer.js:44:24)
    at VariableProcessor.renderWithSiteVariables (file:///opt/homebrew/lib/node_modules/markbind-cli/node_modules/@markbind/core/src/variables/VariableProcessor.js:125:57)
    at VariableProcessor.renderIncludeFile (file:///opt/homebrew/lib/node_modules/markbind-cli/node_modules/@markbind/core/src/variables/VariableProcessor.js:202:38)
2026-07-19T16:27:10.350Z - [36mverbose[39m: Rendering page: /Users/damithch/Repos/git-mastery/git-mastery.github.io/lessons/createRemoteRepo/index.md
2026-07-19T16:27:10.360Z - [32minfo[39m: Site data built
2026-07-19T16:27:10.360Z - [32minfo[39m: Pages rebuilt
2026-07-19T16:27:10.360Z - [32minfo[39m: Website regeneration complete! Total build time: 0.086s
2026-07-19T16:27:18.117Z - [32minfo[39m: [00:27:18] Reload for file change: /Users/damithch/Repos/git-mastery/git-mastery.github.io/lessons/createRemoteRepo/text.md
2026-07-19T16:27:18.117Z - [32minfo[39m: Synchronizing opened pages list before reload
2026-07-19T16:27:18.118Z - [32minfo[39m: Current opened pages, from most-to-least recent:
2026-07-19T16:27:18.118Z - [32minfo[39m: 1. lessons/createRemoteRepo/index
2026-07-19T16:27:19.122Z - [32minfo[39m: Rebuilding 1 pages
2026-07-19T16:27:19.205Z - [36mverbose[39m: Rendering page: /Users/damithch/Repos/git-mastery/git-mastery.github.io/lessons/createRemoteRepo/index.md
2026-07-19T16:27:19.214Z - [32minfo[39m: Site data built
2026-07-19T16:27:19.215Z - [32minfo[39m: Pages rebuilt
2026-07-19T16:27:19.215Z - [32minfo[39m: Website regeneration complete! Total build time: 0.095s
2026-07-19T16:28:17.437Z - [32minfo[39m: [00:28:17] Reload for file change: /Users/damithch/Repos/git-mastery/git-mastery.github.io/lessons/createRemoteRepo/text.md
2026-07-19T16:28:17.441Z - [32minfo[39m: Synchronizing opened pages list before reload
2026-07-19T16:28:17.444Z - [32minfo[39m: Current opened pages, from most-to-least recent:
2026-07-19T16:28:17.445Z - [32minfo[39m: 1. lessons/createRemoteRepo/index
2026-07-19T16:28:18.449Z - [32minfo[39m: Rebuilding 1 pages
2026-07-19T16:28:18.518Z - [36mverbose[39m: Rendering page: /Users/damithch/Repos/git-mastery/git-mastery.github.io/lessons/createRemoteRepo/index.md
2026-07-19T16:28:18.526Z - [32minfo[39m: Site data built
2026-07-19T16:28:18.526Z - [32minfo[39m: Pages rebuilt
2026-07-19T16:28:18.526Z - [32minfo[39m: Website regeneration complete! Total build time: 0.079s
2026-07-19T16:30:10.376Z - [32minfo[39m: Building /Users/damithch/Repos/git-mastery/git-mastery.github.io/lessons/ignore/index as some of its dependencies were changed since the last visit
2026-07-19T16:30:10.508Z - [36mverbose[39m: Rendering page: /Users/damithch/Repos/git-mastery/git-mastery.github.io/lessons/ignore/index.md
2026-07-19T16:30:10.520Z - [32minfo[39m: Site data built
2026-07-19T16:30:10.520Z - [32minfo[39m: Lazy website regeneration complete! Total build time: 0.155s
2026-07-19T16:32:59.202Z - [32minfo[39m: [00:32:59] Reload for file change: /Users/damithch/Repos/git-mastery/git-mastery.github.io/lessons/ignore/text.md
2026-07-19T16:32:59.205Z - [32minfo[39m: Synchronizing opened pages list before reload
2026-07-19T16:32:59.210Z - [32minfo[39m: Current opened pages, from most-to-least recent:
2026-07-19T16:32:59.211Z - [32minfo[39m: 1. lessons/ignore/index
2026-07-19T16:32:59.212Z - [32minfo[39m: [00:32:59] Reload for file change: /Users/damithch/Repos/git-mastery/git-mastery.github.io/lessons/createRemoteRepo/text.md
2026-07-19T16:32:59.212Z - [32minfo[39m: Synchronizing opened pages list before reload
2026-07-19T16:32:59.212Z - [32minfo[39m: Current opened pages, from most-to-least recent:
2026-07-19T16:32:59.212Z - [32minfo[39m: 1. lessons/ignore/index
2026-07-19T16:33:00.235Z - [32minfo[39m: Rebuilding 1 pages
2026-07-19T16:33:00.390Z - [36mverbose[39m: Rendering page: /Users/damithch/Repos/git-mastery/git-mastery.github.io/lessons/ignore/index.md
2026-07-19T16:33:00.414Z - [32minfo[39m: Site data built
2026-07-19T16:33:00.414Z - [32minfo[39m: Pages rebuilt
2026-07-19T16:33:00.414Z - [32minfo[39m: Website regeneration complete! Total build time: 0.199s
2026-07-19T16:33:34.293Z - [32minfo[39m: [00:33:34] Reload for file change: /Users/damithch/Repos/git-mastery/git-mastery.github.io/lessons/ignore/text.md
2026-07-19T16:33:34.294Z - [32minfo[39m: Synchronizing opened pages list before reload
2026-07-19T16:33:34.295Z - [32minfo[39m: Current opened pages, from most-to-least recent:
2026-07-19T16:33:34.295Z - [32minfo[39m: 1. lessons/ignore/index
2026-07-19T16:33:35.300Z - [32minfo[39m: Rebuilding 1 pages
2026-07-19T16:33:35.460Z - [36mverbose[39m: Rendering page: /Users/damithch/Repos/git-mastery/git-mastery.github.io/lessons/ignore/index.md
2026-07-19T16:33:35.483Z - [32minfo[39m: Site data built
2026-07-19T16:33:35.483Z - [32minfo[39m: Pages rebuilt
2026-07-19T16:33:35.483Z - [32minfo[39m: Website regeneration complete! Total build time: 0.187s
2026-07-19T16:33:47.868Z - [32minfo[39m: [00:33:47] Reload for file change: /Users/damithch/Repos/git-mastery/git-mastery.github.io/lessons/ignore/text.md
2026-07-19T16:33:47.869Z - [32minfo[39m: Synchronizing opened pages list before reload
2026-07-19T16:33:47.869Z - [32minfo[39m: Current opened pages, from most-to-least recent:
2026-07-19T16:33:47.870Z - [32minfo[39m: 1. lessons/ignore/index
2026-07-19T16:33:48.873Z - [32minfo[39m: Rebuilding 1 pages
2026-07-19T16:33:49.030Z - [36mverbose[39m: Rendering page: /Users/damithch/Repos/git-mastery/git-mastery.github.io/lessons/ignore/index.md
2026-07-19T16:33:49.054Z - [32minfo[39m: Site data built
2026-07-19T16:33:49.055Z - [32minfo[39m: Pages rebuilt
2026-07-19T16:33:49.055Z - [32minfo[39m: Website regeneration complete! Total build time: 0.184s
2026-07-19T16:49:05.853Z - [32minfo[39m: Building /Users/damithch/Repos/git-mastery/git-mastery.github.io/lessons/trail/backingUpOnCloud/index as some of its dependencies were changed since the last visit
2026-07-19T16:49:06.248Z - [36mverbose[39m: Rendering page: /Users/damithch/Repos/git-mastery/git-mastery.github.io/lessons/trail/backingUpOnCloud/index.md
2026-07-19T16:49:06.294Z - [32minfo[39m: Site data built
2026-07-19T16:49:06.294Z - [32minfo[39m: Lazy website regeneration complete! Total build time: 0.443s
2026-07-19T17:27:18.012Z - [32minfo[39m: Building /Users/damithch/Repos/git-mastery/git-mastery.github.io/lessons/githubPrep/index as some of its dependencies were changed since the last visit
2026-07-19T17:27:18.153Z - [36mverbose[39m: Rendering page: /Users/damithch/Repos/git-mastery/git-mastery.github.io/lessons/githubPrep/index.md
2026-07-19T17:27:18.170Z - [32minfo[39m: Site data built
2026-07-19T17:27:18.170Z - [32minfo[39m: Lazy website regeneration complete! Total build time: 0.16s
2026-07-19T17:27:23.456Z - [32minfo[39m: Building /Users/damithch/Repos/git-mastery/git-mastery.github.io/lessons/createRemoteRepo/index as some of its dependencies were changed since the last visit
2026-07-19T17:27:23.526Z - [36mverbose[39m: Rendering page: /Users/damithch/Repos/git-mastery/git-mastery.github.io/lessons/createRemoteRepo/index.md
2026-07-19T17:27:23.534Z - [32minfo[39m: Site data built
2026-07-19T17:27:23.534Z - [32minfo[39m: Lazy website regeneration complete! Total build time: 0.078s
2026-07-19T17:28:19.703Z - [32minfo[39m: [01:28:19] Reload for file change: /Users/damithch/Repos/git-mastery/git-mastery.github.io/lessons/createRemoteRepo/text.md
2026-07-19T17:28:19.705Z - [32minfo[39m: Synchronizing opened pages list before reload
2026-07-19T17:28:19.706Z - [32minfo[39m: Current opened pages, from most-to-least recent:
2026-07-19T17:28:19.706Z - [32minfo[39m: 1. lessons/createRemoteRepo/index
2026-07-19T17:28:20.719Z - [32minfo[39m: Rebuilding 1 pages
2026-07-19T17:28:20.777Z - [36mverbose[39m: Rendering page: /Users/damithch/Repos/git-mastery/git-mastery.github.io/lessons/createRemoteRepo/index.md
2026-07-19T17:28:20.783Z - [32minfo[39m: Site data built
2026-07-19T17:28:20.783Z - [32minfo[39m: Pages rebuilt
2026-07-19T17:28:20.783Z - [32minfo[39m: Website regeneration complete! Total build time: 0.074s
2026-07-19T17:29:47.467Z - [32minfo[39m: [01:29:47] Reload for file change: /Users/damithch/Repos/git-mastery/git-mastery.github.io/lessons/createRemoteRepo/text.md
2026-07-19T17:29:47.468Z - [32minfo[39m: Synchronizing opened pages list before reload
2026-07-19T17:29:47.469Z - [32minfo[39m: Current opened pages, from most-to-least recent:
2026-07-19T17:29:47.469Z - [32minfo[39m: 1. lessons/createRemoteRepo/index
2026-07-19T17:29:48.475Z - [32minfo[39m: Rebuilding 1 pages
2026-07-19T17:29:48.556Z - [36mverbose[39m: Rendering page: /Users/damithch/Repos/git-mastery/git-mastery.github.io/lessons/createRemoteRepo/index.md
2026-07-19T17:29:48.568Z - [32minfo[39m: Site data built
2026-07-19T17:29:48.568Z - [32minfo[39m: Pages rebuilt
2026-07-19T17:29:48.568Z - [32minfo[39m: Website regeneration complete! Total build time: 0.096s
2026-07-19T17:31:40.829Z - [32minfo[39m: [01:31:40] Reload for file change: /Users/damithch/Repos/git-mastery/git-mastery.github.io/lessons/push/text.md
2026-07-19T17:31:40.831Z - [32minfo[39m: Synchronizing opened pages list before reload
2026-07-19T17:31:40.831Z - [32minfo[39m: Current opened pages, from most-to-least recent:
2026-07-19T17:31:40.832Z - [32minfo[39m: 1. lessons/createRemoteRepo/index
2026-07-19T17:31:41.836Z - [32minfo[39m: No pages needed to be rebuilt
2026-07-19T18:05:36.908Z - [32minfo[39m: Building /Users/damithch/Repos/git-mastery/git-mastery.github.io/lessons/trail/recordingFolderHistory/index as some of its dependencies were changed since the last visit
2026-07-19T18:05:37.574Z - [36mverbose[39m: Rendering page: /Users/damithch/Repos/git-mastery/git-mastery.github.io/lessons/trail/recordingFolderHistory/index.md
2026-07-19T18:05:37.641Z - [32minfo[39m: Site data built
2026-07-19T18:05:37.642Z - [32minfo[39m: Lazy website regeneration complete! Total build time: 0.734s
2026-07-19T18:15:41.537Z - [32minfo[39m: [02:15:41] Reload for file change: /Users/damithch/Repos/git-mastery/git-mastery.github.io/lessons/trail/backingUpOnCloud/text.md
2026-07-19T18:15:41.540Z - [32minfo[39m: Synchronizing opened pages list before reload
2026-07-19T18:15:41.540Z - [32minfo[39m: Current opened pages, from most-to-least recent:
2026-07-19T18:15:41.541Z - [32minfo[39m: 1. lessons/trail/recordingFolderHistory/index
2026-07-19T18:15:42.555Z - [32minfo[39m: No pages needed to be rebuilt
2026-07-19T18:15:51.398Z - [32minfo[39m: Website generation started at 02:15:51
2026-07-19T18:15:51.623Z - [32minfo[39m: Building assets...
