2026-08-20T07:31:51.347Z - [32minfo[39m: Website generation (lazy) started at 15:31:51
2026-08-20T07:31:51.642Z - [32minfo[39m: Building assets...
2026-08-20T07:31:51.751Z - [32minfo[39m: Assets built
2026-08-20T07:31:51.752Z - [32minfo[39m: Generating landing page...
2026-08-20T07:31:51.835Z - [36mverbose[39m: Rendering page: /Users/damithch/Repos/git-mastery/git-mastery.github.io/index.md
2026-08-20T07:31:51.849Z - [32minfo[39m: Landing page built, other pages will be built as you navigate to them!
2026-08-20T07:31:51.937Z - [32minfo[39m: Site data built
2026-08-20T07:31:51.937Z - [32minfo[39m: Website generation (lazy) complete! Total build time: 0.762s
2026-08-20T07:31:51.960Z - [32minfo[39m: Serving "/Users/damithch/Repos/git-mastery/git-mastery.github.io/_site" at http://127.0.0.1:8080
2026-08-20T07:31:51.961Z - [32minfo[39m: Press CTRL+C to stop ...
2026-08-20T07:31:54.653Z - [32minfo[39m: Building /Users/damithch/Repos/git-mastery/git-mastery.github.io/versions/cs2103/insertions as some of its dependencies were changed since the last visit
2026-08-20T07:31:54.701Z - [36mverbose[39m: Rendering page: /Users/damithch/Repos/git-mastery/git-mastery.github.io/versions/cs2103/insertions.md
2026-08-20T07:31:54.705Z - [32minfo[39m: Site data built
2026-08-20T07:31:54.705Z - [32minfo[39m: Lazy website regeneration complete! Total build time: 0.052s
2026-08-20T07:31:57.150Z - [32minfo[39m: Building /Users/damithch/Repos/git-mastery/git-mastery.github.io/lessons/index as some of its dependencies were changed since the last visit
2026-08-20T07:31:57.515Z - [36mverbose[39m: Rendering page: /Users/damithch/Repos/git-mastery/git-mastery.github.io/lessons/index.md
2026-08-20T07:31:57.527Z - [32minfo[39m: Site data built
2026-08-20T07:31:57.527Z - [32minfo[39m: Lazy website regeneration complete! Total build time: 0.377s
2026-08-20T07:32:04.526Z - [32minfo[39m: Building /Users/damithch/Repos/git-mastery/git-mastery.github.io/lessons/githubPrep/index as some of its dependencies were changed since the last visit
2026-08-20T07:32:04.631Z - [36mverbose[39m: Rendering page: /Users/damithch/Repos/git-mastery/git-mastery.github.io/lessons/githubPrep/index.md
2026-08-20T07:32:04.641Z - [32minfo[39m: Site data built
2026-08-20T07:32:04.641Z - [32minfo[39m: Lazy website regeneration complete! Total build time: 0.116s
2026-08-20T07:33:19.386Z - [32minfo[39m: [15:33:19] Reload for file change: /Users/damithch/Repos/git-mastery/git-mastery.github.io/versions/cs2113/cs2113.json
2026-08-20T07:33:19.390Z - [32minfo[39m: Synchronizing opened pages list before reload
2026-08-20T07:33:19.392Z - [32minfo[39m: Current opened pages, from most-to-least recent:
2026-08-20T07:33:19.400Z - [32minfo[39m: 1. lessons/githubPrep/index
2026-08-20T07:33:19.471Z - [32minfo[39m: [15:33:19] Reload for file change: /Users/damithch/Repos/git-mastery/git-mastery.github.io/versions/cs2103/cs2103.json
2026-08-20T07:33:19.472Z - [32minfo[39m: Synchronizing opened pages list before reload
2026-08-20T07:33:19.472Z - [32minfo[39m: Current opened pages, from most-to-least recent:
2026-08-20T07:33:19.472Z - [32minfo[39m: 1. lessons/githubPrep/index
2026-08-20T07:33:20.411Z - [32minfo[39m: Assets built
2026-08-20T07:34:32.365Z - [32minfo[39m: [15:34:32] Reload for file change: /Users/damithch/Repos/git-mastery/git-mastery.github.io/lessons/githubPrep/text.md
2026-08-20T07:34:32.366Z - [32minfo[39m: Synchronizing opened pages list before reload
2026-08-20T07:34:32.367Z - [32minfo[39m: Current opened pages, from most-to-least recent:
2026-08-20T07:34:32.367Z - [32minfo[39m: 1. lessons/githubPrep/index
2026-08-20T07:34:33.376Z - [32minfo[39m: Rebuilding 1 pages
2026-08-20T07:34:33.492Z - [36mverbose[39m: Rendering page: /Users/damithch/Repos/git-mastery/git-mastery.github.io/lessons/githubPrep/index.md
2026-08-20T07:34:33.514Z - [32minfo[39m: Site data built
2026-08-20T07:34:33.514Z - [32minfo[39m: Pages rebuilt
2026-08-20T07:34:33.514Z - [32minfo[39m: Website regeneration complete! Total build time: 0.141s
2026-08-20T07:35:20.332Z - [32minfo[39m: [15:35:20] Reload for file change: /Users/damithch/Repos/git-mastery/git-mastery.github.io/lessons/githubPrep/text.md
2026-08-20T07:35:20.333Z - [32minfo[39m: Synchronizing opened pages list before reload
2026-08-20T07:35:20.335Z - [32minfo[39m: Current opened pages, from most-to-least recent:
2026-08-20T07:35:20.335Z - [32minfo[39m: 1. lessons/githubPrep/index
2026-08-20T07:35:21.339Z - [32minfo[39m: Rebuilding 1 pages
2026-08-20T07:35:21.430Z - [36mverbose[39m: Rendering page: /Users/damithch/Repos/git-mastery/git-mastery.github.io/lessons/githubPrep/index.md
2026-08-20T07:35:21.450Z - [32minfo[39m: Site data built
2026-08-20T07:35:21.451Z - [32minfo[39m: Pages rebuilt
2026-08-20T07:35:21.451Z - [32minfo[39m: Website regeneration complete! Total build time: 0.113s
2026-08-20T07:35:45.054Z - [32minfo[39m: [15:35:45] Reload for file change: /Users/damithch/Repos/git-mastery/git-mastery.github.io/lessons/githubPrep/text.md
2026-08-20T07:35:45.060Z - [32minfo[39m: Synchronizing opened pages list before reload
2026-08-20T07:35:45.060Z - [32minfo[39m: Current opened pages, from most-to-least recent:
2026-08-20T07:35:45.061Z - [32minfo[39m: 1. lessons/githubPrep/index
2026-08-20T07:35:46.069Z - [32minfo[39m: Rebuilding 1 pages
2026-08-20T07:35:46.175Z - [36mverbose[39m: Rendering page: /Users/damithch/Repos/git-mastery/git-mastery.github.io/lessons/githubPrep/index.md
2026-08-20T07:35:46.191Z - [32minfo[39m: Site data built
2026-08-20T07:35:46.191Z - [32minfo[39m: Pages rebuilt
2026-08-20T07:35:46.191Z - [32minfo[39m: Website regeneration complete! Total build time: 0.123s
2026-08-20T07:35:53.509Z - [32minfo[39m: [15:35:53] Reload for file change: /Users/damithch/Repos/git-mastery/git-mastery.github.io/lessons/githubPrep/text.md
2026-08-20T07:35:53.511Z - [32minfo[39m: Synchronizing opened pages list before reload
2026-08-20T07:35:53.513Z - [32minfo[39m: Current opened pages, from most-to-least recent:
2026-08-20T07:35:53.514Z - [32minfo[39m: 1. lessons/githubPrep/index
2026-08-20T07:35:54.518Z - [32minfo[39m: Rebuilding 1 pages
2026-08-20T07:35:54.606Z - [36mverbose[39m: Rendering page: /Users/damithch/Repos/git-mastery/git-mastery.github.io/lessons/githubPrep/index.md
2026-08-20T07:35:54.626Z - [32minfo[39m: Site data built
2026-08-20T07:35:54.626Z - [32minfo[39m: Pages rebuilt
2026-08-20T07:35:54.626Z - [32minfo[39m: Website regeneration complete! Total build time: 0.11s
2026-08-20T07:36:05.421Z - [32minfo[39m: Website generation started at 15:36:05
2026-08-20T07:36:05.530Z - [32minfo[39m: Building assets...
