2026-07-18T17:47:47.673Z - [32minfo[39m: Website generation (lazy) started at 01:47:47
2026-07-18T17:47:48.122Z - [32minfo[39m: Building assets...
2026-07-18T17:47:48.326Z - [32minfo[39m: Assets built
2026-07-18T17:47:48.327Z - [32minfo[39m: Generating landing page...
2026-07-18T17:47:48.480Z - [36mverbose[39m: Rendering page: /Users/damithch/Repos/git-mastery/git-mastery.github.io/index.md
2026-07-18T17:47:48.508Z - [32minfo[39m: Landing page built, other pages will be built as you navigate to them!
2026-07-18T17:47:48.659Z - [32minfo[39m: Site data built
2026-07-18T17:47:48.660Z - [32minfo[39m: Website generation (lazy) complete! Total build time: 1.156s
2026-07-18T17:47:48.695Z - [32minfo[39m: Serving "/Users/damithch/Repos/git-mastery/git-mastery.github.io/_site" at http://127.0.0.1:8080
2026-07-18T17:47:48.696Z - [32minfo[39m: Press CTRL+C to stop ...
2026-07-18T17:47:56.569Z - [32minfo[39m: Building /Users/damithch/Repos/git-mastery/git-mastery.github.io/versions/cs2103/insertions as some of its dependencies were changed since the last visit
2026-07-18T17:47:56.633Z - [36mverbose[39m: Rendering page: /Users/damithch/Repos/git-mastery/git-mastery.github.io/versions/cs2103/insertions.md
2026-07-18T17:47:56.645Z - [32minfo[39m: Site data built
2026-07-18T17:47:56.645Z - [32minfo[39m: Lazy website regeneration complete! Total build time: 0.084s
2026-07-18T17:48:37.910Z - [32minfo[39m: Building /Users/damithch/Repos/git-mastery/git-mastery.github.io/lessons/index as some of its dependencies were changed since the last visit
2026-07-18T17:48:38.439Z - [36mverbose[39m: Rendering page: /Users/damithch/Repos/git-mastery/git-mastery.github.io/lessons/index.md
2026-07-18T17:48:38.467Z - [32minfo[39m: Site data built
2026-07-18T17:48:38.468Z - [32minfo[39m: Lazy website regeneration complete! Total build time: 0.559s
2026-07-18T17:48:46.616Z - [32minfo[39m: Building /Users/damithch/Repos/git-mastery/git-mastery.github.io/lessons/trail/workingWithRemotes/index as some of its dependencies were changed since the last visit
2026-07-18T17:48:46.879Z - [36mverbose[39m: Rendering page: /Users/damithch/Repos/git-mastery/git-mastery.github.io/lessons/trail/workingWithRemotes/index.md
2026-07-18T17:48:46.910Z - [32minfo[39m: Site data built
2026-07-18T17:48:46.910Z - [32minfo[39m: Lazy website regeneration complete! Total build time: 0.294s
2026-07-18T17:49:50.583Z - [32minfo[39m: [01:49:50] Reload for file change: /Users/damithch/Repos/git-mastery/git-mastery.github.io/lessons/trail/workingWithRemotes/text.md
2026-07-18T17:49:50.588Z - [32minfo[39m: Synchronizing opened pages list before reload
2026-07-18T17:49:50.590Z - [32minfo[39m: Current opened pages, from most-to-least recent:
2026-07-18T17:49:50.591Z - [32minfo[39m: 1. lessons/trail/workingWithRemotes/index
2026-07-18T17:49:51.687Z - [32minfo[39m: Rebuilding 1 pages
2026-07-18T17:49:52.327Z - [36mverbose[39m: Rendering page: /Users/damithch/Repos/git-mastery/git-mastery.github.io/lessons/trail/workingWithRemotes/index.md
2026-07-18T17:49:52.376Z - [32minfo[39m: Site data built
2026-07-18T17:49:52.376Z - [32minfo[39m: Pages rebuilt
2026-07-18T17:49:52.376Z - [32minfo[39m: Website regeneration complete! Total build time: 0.776s
2026-07-18T17:57:12.718Z - [32minfo[39m: [01:57:12] Reload for file change: /Users/damithch/Repos/git-mastery/git-mastery.github.io/lessons/clone/text.md
2026-07-18T17:57:12.729Z - [32minfo[39m: Synchronizing opened pages list before reload
2026-07-18T17:57:12.734Z - [32minfo[39m: Current opened pages, from most-to-least recent:
2026-07-18T17:57:12.736Z - [32minfo[39m: 1. lessons/trail/workingWithRemotes/index
2026-07-18T17:57:13.782Z - [32minfo[39m: Rebuilding 1 pages
2026-07-18T17:57:14.526Z - [36mverbose[39m: Rendering page: /Users/damithch/Repos/git-mastery/git-mastery.github.io/lessons/trail/workingWithRemotes/index.md
2026-07-18T17:57:14.586Z - [32minfo[39m: Site data built
2026-07-18T17:57:14.587Z - [32minfo[39m: Pages rebuilt
2026-07-18T17:57:14.587Z - [32minfo[39m: Website regeneration complete! Total build time: 0.828s
2026-07-18T17:57:19.943Z - [32minfo[39m: Building /Users/damithch/Repos/git-mastery/git-mastery.github.io/lessons/fork/index as some of its dependencies were changed since the last visit
2026-07-18T17:57:20.006Z - [36mverbose[39m: Rendering page: /Users/damithch/Repos/git-mastery/git-mastery.github.io/lessons/fork/index.md
2026-07-18T17:57:20.013Z - [32minfo[39m: Site data built
2026-07-18T17:57:20.013Z - [32minfo[39m: Lazy website regeneration complete! Total build time: 0.072s
2026-07-18T17:57:24.938Z - [32minfo[39m: Building /Users/damithch/Repos/git-mastery/git-mastery.github.io/lessons/clone/index as some of its dependencies were changed since the last visit
2026-07-18T17:57:24.994Z - [36mverbose[39m: Rendering page: /Users/damithch/Repos/git-mastery/git-mastery.github.io/lessons/clone/index.md
2026-07-18T17:57:25.001Z - [32minfo[39m: Site data built
2026-07-18T17:57:25.001Z - [32minfo[39m: Lazy website regeneration complete! Total build time: 0.064s
2026-07-18T17:58:16.750Z - [32minfo[39m: [01:58:16] Reload for file change: /Users/damithch/Repos/git-mastery/git-mastery.github.io/lessons/clone/text.md
2026-07-18T17:58:16.767Z - [32minfo[39m: Synchronizing opened pages list before reload
2026-07-18T17:58:16.772Z - [32minfo[39m: Current opened pages, from most-to-least recent:
2026-07-18T17:58:16.773Z - [32minfo[39m: 1. lessons/clone/index
2026-07-18T17:58:17.780Z - [32minfo[39m: Rebuilding 1 pages
2026-07-18T17:58:17.882Z - [36mverbose[39m: Rendering page: /Users/damithch/Repos/git-mastery/git-mastery.github.io/lessons/clone/index.md
2026-07-18T17:58:17.899Z - [32minfo[39m: Site data built
2026-07-18T17:58:17.899Z - [32minfo[39m: Pages rebuilt
2026-07-18T17:58:17.899Z - [32minfo[39m: Website regeneration complete! Total build time: 0.122s
2026-07-18T18:00:13.040Z - [32minfo[39m: Building /Users/damithch/Repos/git-mastery/git-mastery.github.io/lessons/pull/index as some of its dependencies were changed since the last visit
2026-07-18T18:00:13.251Z - [36mverbose[39m: Rendering page: /Users/damithch/Repos/git-mastery/git-mastery.github.io/lessons/pull/index.md
2026-07-18T18:00:13.271Z - [32minfo[39m: Site data built
2026-07-18T18:00:13.271Z - [32minfo[39m: Lazy website regeneration complete! Total build time: 0.231s
2026-07-18T18:03:22.938Z - [32minfo[39m: Building /Users/damithch/Repos/git-mastery/git-mastery.github.io/lessons/trail/workingWithRemotes/index as some of its dependencies were changed since the last visit
2026-07-18T18:03:23.227Z - [36mverbose[39m: Rendering page: /Users/damithch/Repos/git-mastery/git-mastery.github.io/lessons/trail/workingWithRemotes/index.md
2026-07-18T18:03:23.250Z - [32minfo[39m: Site data built
2026-07-18T18:03:23.250Z - [32minfo[39m: Lazy website regeneration complete! Total build time: 0.313s
2026-07-18T18:04:25.392Z - [32minfo[39m: Building /Users/damithch/Repos/git-mastery/git-mastery.github.io/lessons/trail/usingRevisionHistory/index as some of its dependencies were changed since the last visit
2026-07-18T18:04:25.887Z - [36mverbose[39m: Rendering page: /Users/damithch/Repos/git-mastery/git-mastery.github.io/lessons/trail/usingRevisionHistory/index.md
2026-07-18T18:04:25.943Z - [32minfo[39m: Site data built
2026-07-18T18:04:25.943Z - [32minfo[39m: Lazy website regeneration complete! Total build time: 0.552s
2026-07-18T18:09:28.393Z - [32minfo[39m: Website generation started at 02:09:28
2026-07-18T18:09:28.648Z - [32minfo[39m: Building assets...
2026-07-18T18:09:28.759Z - [32minfo[39m: Assets built
2026-07-18T18:09:28.760Z - [32minfo[39m: Generating pages...
2026-07-18T18:09:29.327Z - [36mverbose[39m: Rendering page: /Users/damithch/Repos/git-mastery/git-mastery.github.io/about/index.md
2026-07-18T18:09:29.337Z - [36mverbose[39m: Rendering page: /Users/damithch/Repos/git-mastery/git-mastery.github.io/faq/index.md
2026-07-18T18:09:29.341Z - [36mverbose[39m: Rendering page: /Users/damithch/Repos/git-mastery/git-mastery.github.io/companion-app/index.md
2026-07-18T18:09:29.358Z - [36mverbose[39m: Rendering page: /Users/damithch/Repos/git-mastery/git-mastery.github.io/exercises-directory/index.md
2026-07-18T18:09:32.414Z - [36mverbose[39m: Rendering page: /Users/damithch/Repos/git-mastery/git-mastery.github.io/versions/cs2103/insertions.md
2026-07-18T18:09:32.421Z - [36mverbose[39m: Rendering page: /Users/damithch/Repos/git-mastery/git-mastery.github.io/lessons/trail/all.md
2026-07-18T18:09:32.933Z - [36mverbose[39m: Rendering page: /Users/damithch/Repos/git-mastery/git-mastery.github.io/lessons/tag/exercise-tags-update.md
2026-07-18T18:09:32.941Z - [36mverbose[39m: Rendering page: /Users/damithch/Repos/git-mastery/git-mastery.github.io/lessons/tag/exercise-tags-push.md
2026-07-18T18:09:32.996Z - [36mverbose[39m: Rendering page: /Users/damithch/Repos/git-mastery/git-mastery.github.io/lessons/tag/exercise-tags-add.md
2026-07-18T18:09:33.000Z - [36mverbose[39m: Rendering page: /Users/damithch/Repos/git-mastery/git-mastery.github.io/lessons/stage/exercise-stage-fright.md
2026-07-18T18:09:33.002Z - [36mverbose[39m: Rendering page: /Users/damithch/Repos/git-mastery/git-mastery.github.io/lessons/show/exercise-view-commits.md
2026-07-18T18:09:33.004Z - [36mverbose[39m: Rendering page: /Users/damithch/Repos/git-mastery/git-mastery.github.io/lessons/setRemote/exercise-link-me.md
2026-07-18T18:09:33.080Z - [36mverbose[39m: Rendering page: /Users/damithch/Repos/git-mastery/git-mastery.github.io/lessons/reset/exercise-sensors-reset.md
2026-07-18T18:09:33.082Z - [36mverbose[39m: Rendering page: /Users/damithch/Repos/git-mastery/git-mastery.github.io/lessons/revert/exercise-sensors-revert.md
2026-07-18T18:09:33.084Z - [36mverbose[39m: Rendering page: /Users/damithch/Repos/git-mastery/git-mastery.github.io/lessons/remoteBranchRename/exercise-remote-branch-rename.md
2026-07-18T18:09:33.094Z - [36mverbose[39m: Rendering page: /Users/damithch/Repos/git-mastery/git-mastery.github.io/lessons/remoteBranchRename/exercise-glossary-branch-rename.md
2026-07-18T18:09:33.121Z - [36mverbose[39m: Rendering page: /Users/damithch/Repos/git-mastery/git-mastery.github.io/lessons/remoteBranchPush/exercise-glossary-branch-push.md
2026-07-18T18:09:33.130Z - [36mverbose[39m: Rendering page: /Users/damithch/Repos/git-mastery/git-mastery.github.io/lessons/remoteBranchPull/exercise-glossary-branch-pull.md
2026-07-18T18:09:33.134Z - [36mverbose[39m: Rendering page: /Users/damithch/Repos/git-mastery/git-mastery.github.io/lessons/remoteBranchDelete/exercise-glossary-branch-delete.md
2026-07-18T18:09:33.158Z - [36mverbose[39m: Rendering page: /Users/damithch/Repos/git-mastery/git-mastery.github.io/lessons/push/exercise-push-over.md
2026-07-18T18:09:33.221Z - [36mverbose[39m: Rendering page: /Users/damithch/Repos/git-mastery/git-mastery.github.io/lessons/pull/exercise-fetch-and-pull.md
2026-07-18T18:09:33.227Z - [36mverbose[39m: Rendering page: /Users/damithch/Repos/git-mastery/git-mastery.github.io/lessons/prsCreate/exercise-create-pr-from-main.md
2026-07-18T18:09:33.233Z - [36mverbose[39m: Rendering page: /Users/damithch/Repos/git-mastery/git-mastery.github.io/lessons/mergeConflicts/exercise-conflict-mediator.md
2026-07-18T18:09:33.251Z - [36mverbose[39m: Rendering page: /Users/damithch/Repos/git-mastery/git-mastery.github.io/lessons/merge/exercise-merge-undo.md
2026-07-18T18:09:33.307Z - [36mverbose[39m: Rendering page: /Users/damithch/Repos/git-mastery/git-mastery.github.io/lessons/merge/exercise-ff-undo.md
2026-07-18T18:09:33.310Z - [36mverbose[39m: Rendering page: /Users/damithch/Repos/git-mastery/git-mastery.github.io/lessons/merge/exercise-merge-squash.md
2026-07-18T18:09:33.316Z - [36mverbose[39m: Rendering page: /Users/damithch/Repos/git-mastery/git-mastery.github.io/lessons/merge/exercise-branch-forward.md
2026-07-18T18:09:33.347Z - [36mverbose[39m: Rendering page: /Users/damithch/Repos/git-mastery/git-mastery.github.io/lessons/merge/exercise-branch-compare.md
2026-07-18T18:09:33.385Z - [36mverbose[39m: Rendering page: /Users/damithch/Repos/git-mastery/git-mastery.github.io/lessons/log/exercise-log-and-order.md
2026-07-18T18:09:33.388Z - [36mverbose[39m: Rendering page: /Users/damithch/Repos/git-mastery/git-mastery.github.io/lessons/merge/exercise-branch-bender.md
2026-07-18T18:09:33.393Z - [36mverbose[39m: Rendering page: /Users/damithch/Repos/git-mastery/git-mastery.github.io/lessons/init/exercise-undo-init.md
2026-07-18T18:09:33.398Z - [36mverbose[39m: Rendering page: /Users/damithch/Repos/git-mastery/git-mastery.github.io/lessons/init/exercise-under-control.md
2026-07-18T18:09:33.481Z - [36mverbose[39m: Rendering page: /Users/damithch/Repos/git-mastery/git-mastery.github.io/lessons/ignore/exercise-ignoring-somethings.md
2026-07-18T18:09:33.486Z - [36mverbose[39m: Rendering page: /Users/damithch/Repos/git-mastery/git-mastery.github.io/lessons/fork/exercise-fork-repo.md
2026-07-18T18:09:33.492Z - [36mverbose[39m: Rendering page: /Users/damithch/Repos/git-mastery/git-mastery.github.io/lessons/diff/exercise-sensors-diff.md
2026-07-18T18:09:33.500Z - [36mverbose[39m: Rendering page: /Users/damithch/Repos/git-mastery/git-mastery.github.io/lessons/createRemoteRepo/exercise-remote-control.md
2026-07-18T18:09:33.580Z - [36mverbose[39m: Rendering page: /Users/damithch/Repos/git-mastery/git-mastery.github.io/lessons/commit/exercise-grocery-shopping.md
2026-07-18T18:09:33.584Z - [36mverbose[39m: Rendering page: /Users/damithch/Repos/git-mastery/git-mastery.github.io/lessons/commit/exercise-staging-intervention.md
2026-07-18T18:09:33.588Z - [36mverbose[39m: Rendering page: /Users/damithch/Repos/git-mastery/git-mastery.github.io/lessons/clone/exercise-clone-repo.md
2026-07-18T18:09:33.613Z - [36mverbose[39m: Rendering page: /Users/damithch/Repos/git-mastery/git-mastery.github.io/lessons/checkout/exercise-sensors-checkout.md
2026-07-18T18:09:33.703Z - [36mverbose[39m: Rendering page: /Users/damithch/Repos/git-mastery/git-mastery.github.io/lessons/branchRename/exercise-branch-rename.md
2026-07-18T18:09:33.706Z - [36mverbose[39m: Rendering page: /Users/damithch/Repos/git-mastery/git-mastery.github.io/lessons/branchDelete/exercise-mix-messy-graph.md
2026-07-18T18:09:33.717Z - [36mverbose[39m: Rendering page: /Users/damithch/Repos/git-mastery/git-mastery.github.io/lessons/branchDelete/exercise-mix-messy-docs.md
2026-07-18T18:09:33.751Z - [36mverbose[39m: Rendering page: /Users/damithch/Repos/git-mastery/git-mastery.github.io/lessons/branchDelete/exercise-branch-delete.md
2026-07-18T18:09:33.786Z - [36mverbose[39m: Rendering page: /Users/damithch/Repos/git-mastery/git-mastery.github.io/lessons/branch/exercise-side-track.md
2026-07-18T18:09:33.972Z - [36mverbose[39m: Rendering page: /Users/damithch/Repos/git-mastery/git-mastery.github.io/lessons/branch/exercise-branch-previous.md
2026-07-18T18:09:34.002Z - [36mverbose[39m: Rendering page: /Users/damithch/Repos/git-mastery/git-mastery.github.io/versions/cs2103/index.md
2026-07-18T18:09:34.176Z - [36mverbose[39m: Rendering page: /Users/damithch/Repos/git-mastery/git-mastery.github.io/lessons/worktrees/index.md
2026-07-18T18:09:34.338Z - [36mverbose[39m: Rendering page: /Users/damithch/Repos/git-mastery/git-mastery.github.io/lessons/workflows/index.md
2026-07-18T18:09:34.342Z - [36mverbose[39m: Rendering page: /Users/damithch/Repos/git-mastery/git-mastery.github.io/lessons/trail/workingWithRemotes/index.md
2026-07-18T18:09:34.793Z - [36mverbose[39m: Rendering page: /Users/damithch/Repos/git-mastery/git-mastery.github.io/lessons/trail/workingWithPrs/index.md
2026-07-18T18:09:34.918Z - [36mverbose[39m: Rendering page: /Users/damithch/Repos/git-mastery/git-mastery.github.io/lessons/trail/usingRevisionHistory/index.md
2026-07-18T18:09:35.372Z - [36mverbose[39m: Rendering page: /Users/damithch/Repos/git-mastery/git-mastery.github.io/lessons/trail/syncingBranches/index.md
2026-07-18T18:09:35.384Z - [36mverbose[39m: Rendering page: /Users/damithch/Repos/git-mastery/git-mastery.github.io/lessons/trail/remoteBranches/index.md
2026-07-18T18:09:35.604Z - [36mverbose[39m: Rendering page: /Users/damithch/Repos/git-mastery/git-mastery.github.io/lessons/trail/recordingFolderHistory/index.md
2026-07-18T18:09:35.718Z - [36mverbose[39m: Rendering page: /Users/damithch/Repos/git-mastery/git-mastery.github.io/lessons/trail/managingProjects/index.md
2026-07-18T18:09:36.128Z - [36mverbose[39m: Rendering page: /Users/damithch/Repos/git-mastery/git-mastery.github.io/lessons/trail/index.md
2026-07-18T18:09:36.381Z - [36mverbose[39m: Rendering page: /Users/damithch/Repos/git-mastery/git-mastery.github.io/lessons/trail/fineTuningHistory/index.md
2026-07-18T18:09:36.396Z - [36mverbose[39m: Rendering page: /Users/damithch/Repos/git-mastery/git-mastery.github.io/lessons/trail/branchingLocally/index.md
2026-07-18T18:09:36.539Z - [36mverbose[39m: Rendering page: /Users/damithch/Repos/git-mastery/git-mastery.github.io/lessons/trail/backingUpOnCloud/index.md
2026-07-18T18:09:36.569Z - [36mverbose[39m: Rendering page: /Users/damithch/Repos/git-mastery/git-mastery.github.io/lessons/template/index.md
2026-07-18T18:09:36.592Z - [36mverbose[39m: Rendering page: /Users/damithch/Repos/git-mastery/git-mastery.github.io/lessons/tag/index.md
2026-07-18T18:09:36.708Z - [36mverbose[39m: Rendering page: /Users/damithch/Repos/git-mastery/git-mastery.github.io/lessons/syncByRebase/index.md
2026-07-18T18:09:36.762Z - [36mverbose[39m: Rendering page: /Users/damithch/Repos/git-mastery/git-mastery.github.io/lessons/stage/index.md
2026-07-18T18:09:36.779Z - [36mverbose[39m: Rendering page: /Users/damithch/Repos/git-mastery/git-mastery.github.io/lessons/syncByMerge/index.md
2026-07-18T18:09:36.837Z - [36mverbose[39m: Rendering page: /Users/damithch/Repos/git-mastery/git-mastery.github.io/lessons/show/index.md
2026-07-18T18:09:36.881Z - [36mverbose[39m: Rendering page: /Users/damithch/Repos/git-mastery/git-mastery.github.io/lessons/setRemote/index.md
2026-07-18T18:09:36.888Z - [36mverbose[39m: Rendering page: /Users/damithch/Repos/git-mastery/git-mastery.github.io/lessons/selectiveStage/index.md
2026-07-18T18:09:36.974Z - [36mverbose[39m: Rendering page: /Users/damithch/Repos/git-mastery/git-mastery.github.io/lessons/revert/index.md
2026-07-18T18:09:37.040Z - [36mverbose[39m: Rendering page: /Users/damithch/Repos/git-mastery/git-mastery.github.io/lessons/reset/index.md
2026-07-18T18:09:37.117Z - [36mverbose[39m: Rendering page: /Users/damithch/Repos/git-mastery/git-mastery.github.io/lessons/remoteBranchRename/index.md
2026-07-18T18:09:37.127Z - [36mverbose[39m: Rendering page: /Users/damithch/Repos/git-mastery/git-mastery.github.io/lessons/remoteRepos/index.md
2026-07-18T18:09:37.203Z - [36mverbose[39m: Rendering page: /Users/damithch/Repos/git-mastery/git-mastery.github.io/lessons/remoteBranchPush/index.md
2026-07-18T18:09:37.364Z - [36mverbose[39m: Rendering page: /Users/damithch/Repos/git-mastery/git-mastery.github.io/lessons/remoteBranchPull/index.md
2026-07-18T18:09:37.472Z - [36mverbose[39m: Rendering page: /Users/damithch/Repos/git-mastery/git-mastery.github.io/lessons/remoteBranchDelete/index.md
2026-07-18T18:09:37.495Z - [36mverbose[39m: Rendering page: /Users/damithch/Repos/git-mastery/git-mastery.github.io/lessons/push/index.md
2026-07-18T18:09:37.505Z - [36mverbose[39m: Rendering page: /Users/damithch/Repos/git-mastery/git-mastery.github.io/lessons/pull/index.md
2026-07-18T18:09:37.565Z - [36mverbose[39m: Rendering page: /Users/damithch/Repos/git-mastery/git-mastery.github.io/lessons/prsReview/index.md
2026-07-18T18:09:37.659Z - [36mverbose[39m: Rendering page: /Users/damithch/Repos/git-mastery/git-mastery.github.io/lessons/prsMerge/index.md
2026-07-18T18:09:37.701Z - [36mverbose[39m: Rendering page: /Users/damithch/Repos/git-mastery/git-mastery.github.io/lessons/prsCreate/index.md
2026-07-18T18:09:37.815Z - [36mverbose[39m: Rendering page: /Users/damithch/Repos/git-mastery/git-mastery.github.io/lessons/otherPmFeatures/index.md
2026-07-18T18:09:37.820Z - [36mverbose[39m: Rendering page: /Users/damithch/Repos/git-mastery/git-mastery.github.io/lessons/mergeConflicts/index.md
2026-07-18T18:09:37.911Z - [36mverbose[39m: Rendering page: /Users/damithch/Repos/git-mastery/git-mastery.github.io/lessons/merge/index.md
2026-07-18T18:09:37.980Z - [36mverbose[39m: Rendering page: /Users/damithch/Repos/git-mastery/git-mastery.github.io/lessons/log/index.md
2026-07-18T18:09:38.045Z - [36mverbose[39m: Rendering page: /Users/damithch/Repos/git-mastery/git-mastery.github.io/lessons/intro/index.md
2026-07-18T18:09:38.218Z - [36mverbose[39m: Rendering page: /Users/damithch/Repos/git-mastery/git-mastery.github.io/lessons/interactiveRebase/index.md
2026-07-18T18:09:38.225Z - [36mverbose[39m: Rendering page: /Users/damithch/Repos/git-mastery/git-mastery.github.io/lessons/init/index.md
2026-07-18T18:09:38.284Z - [36mverbose[39m: Rendering page: /Users/damithch/Repos/git-mastery/git-mastery.github.io/lessons/index.md
2026-07-18T18:09:38.384Z - [36mverbose[39m: Rendering page: /Users/damithch/Repos/git-mastery/git-mastery.github.io/lessons/ignore/index.md
2026-07-18T18:09:38.418Z - [36mverbose[39m: Rendering page: /Users/damithch/Repos/git-mastery/git-mastery.github.io/lessons/githubPrep/index.md
2026-07-18T18:09:38.424Z - [36mverbose[39m: Rendering page: /Users/damithch/Repos/git-mastery/git-mastery.github.io/lessons/gitPrep/index.md
2026-07-18T18:09:38.454Z - [36mverbose[39m: Rendering page: /Users/damithch/Repos/git-mastery/git-mastery.github.io/lessons/forkingWorkflow/index.md
2026-07-18T18:09:38.522Z - [36mverbose[39m: Rendering page: /Users/damithch/Repos/git-mastery/git-mastery.github.io/lessons/fork/index.md
2026-07-18T18:09:38.566Z - [36mverbose[39m: Rendering page: /Users/damithch/Repos/git-mastery/git-mastery.github.io/lessons/createRemoteRepo/index.md
2026-07-18T18:09:38.570Z - [36mverbose[39m: Rendering page: /Users/damithch/Repos/git-mastery/git-mastery.github.io/lessons/diff/index.md
2026-07-18T18:09:38.694Z - [36mverbose[39m: Rendering page: /Users/damithch/Repos/git-mastery/git-mastery.github.io/lessons/commitMessage/index.md
2026-07-18T18:09:38.701Z - [36mverbose[39m: Rendering page: /Users/damithch/Repos/git-mastery/git-mastery.github.io/lessons/commit/index.md
2026-07-18T18:09:38.712Z - [36mverbose[39m: Rendering page: /Users/damithch/Repos/git-mastery/git-mastery.github.io/lessons/clone/index.md
2026-07-18T18:09:38.773Z - [36mverbose[39m: Rendering page: /Users/damithch/Repos/git-mastery/git-mastery.github.io/lessons/cherryPick/index.md
2026-07-18T18:09:38.869Z - [36mverbose[39m: Rendering page: /Users/damithch/Repos/git-mastery/git-mastery.github.io/lessons/checkout/index.md
2026-07-18T18:09:38.964Z - [36mverbose[39m: Rendering page: /Users/damithch/Repos/git-mastery/git-mastery.github.io/lessons/branchRename/index.md
2026-07-18T18:09:38.981Z - [36mverbose[39m: Rendering page: /Users/damithch/Repos/git-mastery/git-mastery.github.io/lessons/branchDelete/index.md
2026-07-18T18:09:38.991Z - [36mverbose[39m: Rendering page: /Users/damithch/Repos/git-mastery/git-mastery.github.io/lessons/branch/index.md
2026-07-18T18:09:39.004Z - [36mverbose[39m: Rendering page: /Users/damithch/Repos/git-mastery/git-mastery.github.io/index.md
2026-07-18T18:09:39.015Z - [32minfo[39m: Pages built
2026-07-18T18:09:39.097Z - [32minfo[39m: Site data built
2026-07-18T18:09:39.097Z - [32minfo[39m: Website generation complete! Total build time: 10.813s
2026-07-18T18:09:39.097Z - [32minfo[39m: Build success!
2026-07-18T18:09:50.378Z - [32minfo[39m: GitHub Actions deployment initiated. Check status at: https://github.com/git-mastery/git-mastery.github.io/actions
2026-07-18T18:09:50.379Z - [32minfo[39m: The website will be deployed at: git-mastery.org
