2026-06-27T17:50:40.662Z - [32minfo[39m: Website generation (lazy) started at 01:50:40
2026-06-27T17:50:40.917Z - [32minfo[39m: Building assets...
2026-06-27T17:50:41.044Z - [32minfo[39m: Assets built
2026-06-27T17:50:41.048Z - [32minfo[39m: Generating landing page...
2026-06-27T17:50:41.139Z - [36mverbose[39m: Rendering page: /Users/damithch/Repos/git-mastery/git-mastery.github.io/index.md
2026-06-27T17:50:41.157Z - [32minfo[39m: Landing page built, other pages will be built as you navigate to them!
2026-06-27T17:50:41.232Z - [32minfo[39m: Site data built
2026-06-27T17:50:41.232Z - [32minfo[39m: Website generation (lazy) complete! Total build time: 0.732s
2026-06-27T17:50:41.251Z - [32minfo[39m: Serving "/Users/damithch/Repos/git-mastery/git-mastery.github.io/_site" at http://127.0.0.1:8080
2026-06-27T17:50:41.251Z - [32minfo[39m: Press CTRL+C to stop ...
2026-06-27T17:50:45.979Z - [32minfo[39m: Building /Users/damithch/Repos/git-mastery/git-mastery.github.io/lessons/index as some of its dependencies were changed since the last visit
2026-06-27T17:50:46.356Z - [36mverbose[39m: Rendering page: /Users/damithch/Repos/git-mastery/git-mastery.github.io/lessons/index.md
2026-06-27T17:50:46.380Z - [32minfo[39m: Site data built
2026-06-27T17:50:46.380Z - [32minfo[39m: Lazy website regeneration complete! Total build time: 0.402s
2026-06-27T17:50:52.504Z - [32minfo[39m: Building /Users/damithch/Repos/git-mastery/git-mastery.github.io/lessons/commit/index as some of its dependencies were changed since the last visit
2026-06-27T17:50:52.613Z - [36mverbose[39m: Rendering page: /Users/damithch/Repos/git-mastery/git-mastery.github.io/lessons/commit/index.md
2026-06-27T17:50:52.624Z - [32minfo[39m: Site data built
2026-06-27T17:50:52.624Z - [32minfo[39m: Lazy website regeneration complete! Total build time: 0.12s
2026-06-27T17:51:04.514Z - [32minfo[39m: [01:51:04] Reload for file change: /Users/damithch/Repos/git-mastery/git-mastery.github.io/lessons/commit/text.md
2026-06-27T17:51:04.520Z - [32minfo[39m: Synchronizing opened pages list before reload
2026-06-27T17:51:04.521Z - [32minfo[39m: Current opened pages, from most-to-least recent:
2026-06-27T17:51:04.521Z - [32minfo[39m: 1. lessons/commit/index
2026-06-27T17:51:05.533Z - [32minfo[39m: Rebuilding 1 pages
2026-06-27T17:51:05.695Z - [36mverbose[39m: Rendering page: /Users/damithch/Repos/git-mastery/git-mastery.github.io/lessons/commit/index.md
2026-06-27T17:51:05.732Z - [32minfo[39m: Site data built
2026-06-27T17:51:05.732Z - [32minfo[39m: Pages rebuilt
2026-06-27T17:51:05.732Z - [32minfo[39m: Website regeneration complete! Total build time: 0.203s
2026-06-27T17:53:31.475Z - [32minfo[39m: [01:53:31] Reload for file change: /Users/damithch/Repos/git-mastery/git-mastery.github.io/lessons/commit/text.md
2026-06-27T17:53:31.477Z - [32minfo[39m: Synchronizing opened pages list before reload
2026-06-27T17:53:31.478Z - [32minfo[39m: Current opened pages, from most-to-least recent:
2026-06-27T17:53:31.478Z - [32minfo[39m: 1. lessons/commit/index
2026-06-27T17:53:32.480Z - [32minfo[39m: Rebuilding 1 pages
2026-06-27T17:53:32.630Z - [36mverbose[39m: Rendering page: /Users/damithch/Repos/git-mastery/git-mastery.github.io/lessons/commit/index.md
2026-06-27T17:53:32.654Z - [32minfo[39m: Site data built
2026-06-27T17:53:32.654Z - [32minfo[39m: Pages rebuilt
2026-06-27T17:53:32.654Z - [32minfo[39m: Website regeneration complete! Total build time: 0.175s
2026-06-27T17:53:58.367Z - [32minfo[39m: [01:53:58] Reload for file change: /Users/damithch/Repos/git-mastery/git-mastery.github.io/lessons/commit/text.md
2026-06-27T17:53:58.371Z - [32minfo[39m: Synchronizing opened pages list before reload
2026-06-27T17:53:58.373Z - [32minfo[39m: Current opened pages, from most-to-least recent:
2026-06-27T17:53:58.373Z - [32minfo[39m: 1. lessons/commit/index
2026-06-27T17:53:59.378Z - [32minfo[39m: Rebuilding 1 pages
2026-06-27T17:53:59.529Z - [36mverbose[39m: Rendering page: /Users/damithch/Repos/git-mastery/git-mastery.github.io/lessons/commit/index.md
2026-06-27T17:53:59.551Z - [32minfo[39m: Site data built
2026-06-27T17:53:59.551Z - [32minfo[39m: Pages rebuilt
2026-06-27T17:53:59.551Z - [32minfo[39m: Website regeneration complete! Total build time: 0.174s
2026-06-27T17:54:18.285Z - [32minfo[39m: [01:54:18] Reload for file change: /Users/damithch/Repos/git-mastery/git-mastery.github.io/lessons/commit/text.md
2026-06-27T17:54:18.291Z - [32minfo[39m: Synchronizing opened pages list before reload
2026-06-27T17:54:18.295Z - [32minfo[39m: Current opened pages, from most-to-least recent:
2026-06-27T17:54:18.296Z - [32minfo[39m: 1. lessons/commit/index
2026-06-27T17:54:19.302Z - [32minfo[39m: Rebuilding 1 pages
2026-06-27T17:54:19.463Z - [36mverbose[39m: Rendering page: /Users/damithch/Repos/git-mastery/git-mastery.github.io/lessons/commit/index.md
2026-06-27T17:54:19.498Z - [32minfo[39m: Site data built
2026-06-27T17:54:19.498Z - [32minfo[39m: Pages rebuilt
2026-06-27T17:54:19.498Z - [32minfo[39m: Website regeneration complete! Total build time: 0.198s
2026-06-27T17:54:38.418Z - [32minfo[39m: [01:54:38] Reload for file change: /Users/damithch/Repos/git-mastery/git-mastery.github.io/lessons/commit/text.md
2026-06-27T17:54:38.420Z - [32minfo[39m: Synchronizing opened pages list before reload
2026-06-27T17:54:38.420Z - [32minfo[39m: Current opened pages, from most-to-least recent:
2026-06-27T17:54:38.421Z - [32minfo[39m: 1. lessons/commit/index
2026-06-27T17:54:39.425Z - [32minfo[39m: Rebuilding 1 pages
2026-06-27T17:54:39.558Z - [36mverbose[39m: Rendering page: /Users/damithch/Repos/git-mastery/git-mastery.github.io/lessons/commit/index.md
2026-06-27T17:54:39.579Z - [32minfo[39m: Site data built
2026-06-27T17:54:39.579Z - [32minfo[39m: Pages rebuilt
2026-06-27T17:54:39.579Z - [32minfo[39m: Website regeneration complete! Total build time: 0.156s
2026-06-28T09:40:06.207Z - [32minfo[39m: [17:40:06] Reload for file change: /Users/damithch/Repos/git-mastery/git-mastery.github.io/lessons/commit/text.md
2026-06-28T09:40:06.234Z - [32minfo[39m: Synchronizing opened pages list before reload
2026-06-28T09:40:06.243Z - [32minfo[39m: No pages are currently opened
2026-06-28T09:40:07.300Z - [32minfo[39m: No pages needed to be rebuilt
2026-06-28T13:13:06.183Z - [32minfo[39m: Website generation (lazy) started at 21:13:06
2026-06-28T13:13:06.385Z - [32minfo[39m: Building assets...
2026-06-28T13:13:06.508Z - [32minfo[39m: Assets built
2026-06-28T13:13:06.509Z - [32minfo[39m: Generating landing page...
2026-06-28T13:13:06.593Z - [36mverbose[39m: Rendering page: /Users/damithch/Repos/git-mastery/git-mastery.github.io/index.md
2026-06-28T13:13:06.614Z - [32minfo[39m: Landing page built, other pages will be built as you navigate to them!
2026-06-28T13:13:06.692Z - [32minfo[39m: Site data built
2026-06-28T13:13:06.692Z - [32minfo[39m: Website generation (lazy) complete! Total build time: 0.596s
2026-06-28T13:13:06.710Z - [32minfo[39m: Serving "/Users/damithch/Repos/git-mastery/git-mastery.github.io/_site" at http://127.0.0.1:8080
2026-06-28T13:13:06.710Z - [32minfo[39m: Press CTRL+C to stop ...
2026-06-28T13:15:08.144Z - [32minfo[39m: [21:15:08] Reload for file change: /Users/damithch/Repos/git-mastery/git-mastery.github.io/lessons/commit/text.md
2026-06-28T13:15:08.145Z - [32minfo[39m: Synchronizing opened pages list before reload
2026-06-28T13:15:08.145Z - [32minfo[39m: Current opened pages, from most-to-least recent:
2026-06-28T13:15:08.145Z - [32minfo[39m: 1. index
2026-06-28T13:15:09.150Z - [32minfo[39m: Assets built
2026-06-28T13:15:15.649Z - [32minfo[39m: Building /Users/damithch/Repos/git-mastery/git-mastery.github.io/lessons/index as some of its dependencies were changed since the last visit
2026-06-28T13:15:16.041Z - [36mverbose[39m: Rendering page: /Users/damithch/Repos/git-mastery/git-mastery.github.io/lessons/index.md
2026-06-28T13:15:16.061Z - [32minfo[39m: Site data built
2026-06-28T13:15:16.061Z - [32minfo[39m: Lazy website regeneration complete! Total build time: 0.413s
2026-06-28T13:15:21.236Z - [32minfo[39m: Building /Users/damithch/Repos/git-mastery/git-mastery.github.io/lessons/trail/backingUpOnCloud/index as some of its dependencies were changed since the last visit
2026-06-28T13:15:21.575Z - [36mverbose[39m: Rendering page: /Users/damithch/Repos/git-mastery/git-mastery.github.io/lessons/trail/backingUpOnCloud/index.md
2026-06-28T13:15:21.611Z - [32minfo[39m: Site data built
2026-06-28T13:15:21.611Z - [32minfo[39m: Lazy website regeneration complete! Total build time: 0.376s
2026-06-28T13:15:44.670Z - [32minfo[39m: [21:15:44] Reload for file change: /Users/damithch/Repos/git-mastery/git-mastery.github.io/common/macros.njk
2026-06-28T13:15:44.672Z - [32minfo[39m: Synchronizing opened pages list before reload
2026-06-28T13:15:44.675Z - [32minfo[39m: Current opened pages, from most-to-least recent:
2026-06-28T13:15:44.675Z - [32minfo[39m: 1. lessons/trail/backingUpOnCloud/index
2026-06-28T13:15:45.760Z - [32minfo[39m: Rebuilding 1 pages
2026-06-28T13:15:46.072Z - [36mverbose[39m: Rendering page: /Users/damithch/Repos/git-mastery/git-mastery.github.io/lessons/trail/backingUpOnCloud/index.md
2026-06-28T13:15:46.106Z - [32minfo[39m: Site data built
2026-06-28T13:15:46.106Z - [32minfo[39m: Pages rebuilt
2026-06-28T13:15:46.106Z - [32minfo[39m: Website regeneration complete! Total build time: 0.347s
2026-06-28T13:15:58.981Z - [32minfo[39m: Building /Users/damithch/Repos/git-mastery/git-mastery.github.io/lessons/trail/recordingFolderHistory/index as some of its dependencies were changed since the last visit
2026-06-28T13:15:59.562Z - [36mverbose[39m: Rendering page: /Users/damithch/Repos/git-mastery/git-mastery.github.io/lessons/trail/recordingFolderHistory/index.md
2026-06-28T13:15:59.616Z - [32minfo[39m: Site data built
2026-06-28T13:15:59.616Z - [32minfo[39m: Lazy website regeneration complete! Total build time: 0.635s
2026-06-28T13:16:24.772Z - [32minfo[39m: [21:16:24] Reload for file change: /Users/damithch/Repos/git-mastery/git-mastery.github.io/common/macros.njk
2026-06-28T13:16:24.773Z - [32minfo[39m: Synchronizing opened pages list before reload
2026-06-28T13:16:24.774Z - [32minfo[39m: Current opened pages, from most-to-least recent:
2026-06-28T13:16:24.774Z - [32minfo[39m: 1. lessons/trail/recordingFolderHistory/index
2026-06-28T13:16:25.888Z - [32minfo[39m: Rebuilding 1 pages
2026-06-28T13:16:26.388Z - [36mverbose[39m: Rendering page: /Users/damithch/Repos/git-mastery/git-mastery.github.io/lessons/trail/recordingFolderHistory/index.md
2026-06-28T13:16:26.458Z - [32minfo[39m: Site data built
2026-06-28T13:16:26.458Z - [32minfo[39m: Pages rebuilt
2026-06-28T13:16:26.458Z - [32minfo[39m: Website regeneration complete! Total build time: 0.571s
2026-06-28T13:17:19.058Z - [32minfo[39m: [21:17:19] Reload for file change: /Users/damithch/Repos/git-mastery/git-mastery.github.io/common/macros.njk
2026-06-28T13:17:19.063Z - [32minfo[39m: Synchronizing opened pages list before reload
2026-06-28T13:17:19.064Z - [32minfo[39m: Current opened pages, from most-to-least recent:
2026-06-28T13:17:19.065Z - [32minfo[39m: 1. lessons/trail/recordingFolderHistory/index
2026-06-28T13:17:20.185Z - [32minfo[39m: Rebuilding 1 pages
2026-06-28T13:17:20.673Z - [36mverbose[39m: Rendering page: /Users/damithch/Repos/git-mastery/git-mastery.github.io/lessons/trail/recordingFolderHistory/index.md
2026-06-28T13:17:20.742Z - [32minfo[39m: Site data built
2026-06-28T13:17:20.742Z - [32minfo[39m: Pages rebuilt
2026-06-28T13:17:20.742Z - [32minfo[39m: Website regeneration complete! Total build time: 0.557s
2026-06-28T13:18:26.704Z - [32minfo[39m: [21:18:26] Reload for file change: /Users/damithch/Repos/git-mastery/git-mastery.github.io/lessons/commit/text.md
2026-06-28T13:18:26.705Z - [32minfo[39m: Synchronizing opened pages list before reload
2026-06-28T13:18:26.706Z - [32minfo[39m: Current opened pages, from most-to-least recent:
2026-06-28T13:18:26.706Z - [32minfo[39m: 1. lessons/trail/recordingFolderHistory/index
2026-06-28T13:18:26.805Z - [32minfo[39m: [21:18:26] Reload for file change: /Users/damithch/Repos/git-mastery/git-mastery.github.io/common/macros.njk
2026-06-28T13:18:26.805Z - [32minfo[39m: Synchronizing opened pages list before reload
2026-06-28T13:18:26.805Z - [32minfo[39m: Current opened pages, from most-to-least recent:
2026-06-28T13:18:26.805Z - [32minfo[39m: 1. lessons/trail/recordingFolderHistory/index
2026-06-28T13:18:27.814Z - [32minfo[39m: Rebuilding 1 pages
2026-06-28T13:18:28.321Z - [36mverbose[39m: Rendering page: /Users/damithch/Repos/git-mastery/git-mastery.github.io/lessons/trail/recordingFolderHistory/index.md
2026-06-28T13:18:28.388Z - [32minfo[39m: Site data built
2026-06-28T13:18:28.388Z - [32minfo[39m: Pages rebuilt
2026-06-28T13:18:28.388Z - [32minfo[39m: Website regeneration complete! Total build time: 0.575s
2026-06-28T13:20:47.442Z - [32minfo[39m: [21:20:47] Reload for file change: /Users/damithch/Repos/git-mastery/git-mastery.github.io/common/macros.njk
2026-06-28T13:20:47.444Z - [32minfo[39m: Synchronizing opened pages list before reload
2026-06-28T13:20:47.448Z - [32minfo[39m: Current opened pages, from most-to-least recent:
2026-06-28T13:20:47.452Z - [32minfo[39m: 1. lessons/trail/recordingFolderHistory/index
2026-06-28T13:20:48.534Z - [32minfo[39m: Rebuilding 1 pages
2026-06-28T13:20:49.032Z - [36mverbose[39m: Rendering page: /Users/damithch/Repos/git-mastery/git-mastery.github.io/lessons/trail/recordingFolderHistory/index.md
2026-06-28T13:20:49.089Z - [32minfo[39m: Site data built
2026-06-28T13:20:49.089Z - [32minfo[39m: Pages rebuilt
2026-06-28T13:20:49.089Z - [32minfo[39m: Website regeneration complete! Total build time: 0.555s
2026-06-28T13:21:25.944Z - [32minfo[39m: [21:21:25] Reload for file change: /Users/damithch/Repos/git-mastery/git-mastery.github.io/common/macros.njk
2026-06-28T13:21:25.946Z - [32minfo[39m: Synchronizing opened pages list before reload
2026-06-28T13:21:25.947Z - [32minfo[39m: Current opened pages, from most-to-least recent:
2026-06-28T13:21:25.948Z - [32minfo[39m: 1. lessons/trail/recordingFolderHistory/index
2026-06-28T13:21:27.029Z - [32minfo[39m: Rebuilding 1 pages
2026-06-28T13:21:27.515Z - [36mverbose[39m: Rendering page: /Users/damithch/Repos/git-mastery/git-mastery.github.io/lessons/trail/recordingFolderHistory/index.md
2026-06-28T13:21:27.568Z - [32minfo[39m: Site data built
2026-06-28T13:21:27.568Z - [32minfo[39m: Pages rebuilt
2026-06-28T13:21:27.568Z - [32minfo[39m: Website regeneration complete! Total build time: 0.539s
2026-06-28T13:22:02.638Z - [32minfo[39m: [21:22:02] Reload for file change: /Users/damithch/Repos/git-mastery/git-mastery.github.io/common/macros.njk
2026-06-28T13:22:02.639Z - [32minfo[39m: Synchronizing opened pages list before reload
2026-06-28T13:22:02.639Z - [32minfo[39m: Current opened pages, from most-to-least recent:
2026-06-28T13:22:02.639Z - [32minfo[39m: 1. lessons/trail/recordingFolderHistory/index
2026-06-28T13:22:03.707Z - [32minfo[39m: Rebuilding 1 pages
2026-06-28T13:22:04.186Z - [36mverbose[39m: Rendering page: /Users/damithch/Repos/git-mastery/git-mastery.github.io/lessons/trail/recordingFolderHistory/index.md
2026-06-28T13:22:04.240Z - [32minfo[39m: Site data built
2026-06-28T13:22:04.240Z - [32minfo[39m: Pages rebuilt
2026-06-28T13:22:04.240Z - [32minfo[39m: Website regeneration complete! Total build time: 0.534s
2026-06-28T13:22:22.870Z - [32minfo[39m: [21:22:22] Reload for file change: /Users/damithch/Repos/git-mastery/git-mastery.github.io/common/macros.njk
2026-06-28T13:22:22.872Z - [32minfo[39m: Synchronizing opened pages list before reload
2026-06-28T13:22:22.872Z - [32minfo[39m: Current opened pages, from most-to-least recent:
2026-06-28T13:22:22.874Z - [32minfo[39m: 1. lessons/trail/recordingFolderHistory/index
2026-06-28T13:22:23.967Z - [32minfo[39m: Rebuilding 1 pages
2026-06-28T13:22:24.448Z - [36mverbose[39m: Rendering page: /Users/damithch/Repos/git-mastery/git-mastery.github.io/lessons/trail/recordingFolderHistory/index.md
2026-06-28T13:22:24.506Z - [32minfo[39m: Site data built
2026-06-28T13:22:24.506Z - [32minfo[39m: Pages rebuilt
2026-06-28T13:22:24.506Z - [32minfo[39m: Website regeneration complete! Total build time: 0.539s
2026-06-28T13:22:50.694Z - [32minfo[39m: [21:22:50] Reload for file change: /Users/damithch/Repos/git-mastery/git-mastery.github.io/common/macros.njk
2026-06-28T13:22:50.695Z - [32minfo[39m: Synchronizing opened pages list before reload
2026-06-28T13:22:50.697Z - [32minfo[39m: Current opened pages, from most-to-least recent:
2026-06-28T13:22:50.697Z - [32minfo[39m: 1. lessons/trail/recordingFolderHistory/index
2026-06-28T13:22:51.799Z - [32minfo[39m: Rebuilding 1 pages
2026-06-28T13:22:52.270Z - [36mverbose[39m: Rendering page: /Users/damithch/Repos/git-mastery/git-mastery.github.io/lessons/trail/recordingFolderHistory/index.md
2026-06-28T13:22:52.338Z - [32minfo[39m: Site data built
2026-06-28T13:22:52.338Z - [32minfo[39m: Pages rebuilt
2026-06-28T13:22:52.338Z - [32minfo[39m: Website regeneration complete! Total build time: 0.54s
2026-06-28T13:23:25.296Z - [32minfo[39m: Website generation started at 21:23:25
2026-06-28T13:23:25.430Z - [32minfo[39m: Building assets...
2026-06-28T13:23:25.555Z - [32minfo[39m: Assets built
2026-06-28T13:23:25.557Z - [32minfo[39m: Generating pages...
2026-06-28T13:23:26.295Z - [36mverbose[39m: Rendering page: /Users/damithch/Repos/git-mastery/git-mastery.github.io/faq/index.md
2026-06-28T13:23:26.306Z - [36mverbose[39m: Rendering page: /Users/damithch/Repos/git-mastery/git-mastery.github.io/about/index.md
2026-06-28T13:23:26.307Z - [36mverbose[39m: Rendering page: /Users/damithch/Repos/git-mastery/git-mastery.github.io/companion-app/index.md
2026-06-28T13:23:26.323Z - [36mverbose[39m: Rendering page: /Users/damithch/Repos/git-mastery/git-mastery.github.io/exercises-directory/index.md
2026-06-28T13:23:29.145Z - [36mverbose[39m: Rendering page: /Users/damithch/Repos/git-mastery/git-mastery.github.io/lessons/tag/exercise-tags-update.md
2026-06-28T13:23:29.156Z - [36mverbose[39m: Rendering page: /Users/damithch/Repos/git-mastery/git-mastery.github.io/lessons/trail/all.md
2026-06-28T13:23:29.368Z - [36mverbose[39m: Rendering page: /Users/damithch/Repos/git-mastery/git-mastery.github.io/lessons/tag/exercise-tags-push.md
2026-06-28T13:23:29.377Z - [36mverbose[39m: Rendering page: /Users/damithch/Repos/git-mastery/git-mastery.github.io/lessons/tag/exercise-tags-add.md
2026-06-28T13:23:29.379Z - [36mverbose[39m: Rendering page: /Users/damithch/Repos/git-mastery/git-mastery.github.io/lessons/stage/exercise-staging-intervention.md
2026-06-28T13:23:29.406Z - [36mverbose[39m: Rendering page: /Users/damithch/Repos/git-mastery/git-mastery.github.io/lessons/stage/exercise-stage-fright.md
2026-06-28T13:23:29.408Z - [36mverbose[39m: Rendering page: /Users/damithch/Repos/git-mastery/git-mastery.github.io/lessons/show/exercise-view-commits.md
2026-06-28T13:23:29.410Z - [36mverbose[39m: Rendering page: /Users/damithch/Repos/git-mastery/git-mastery.github.io/lessons/setRemote/exercise-link-me.md
2026-06-28T13:23:29.419Z - [36mverbose[39m: Rendering page: /Users/damithch/Repos/git-mastery/git-mastery.github.io/lessons/revert/exercise-sensors-revert.md
2026-06-28T13:23:29.442Z - [36mverbose[39m: Rendering page: /Users/damithch/Repos/git-mastery/git-mastery.github.io/lessons/reset/exercise-sensors-reset.md
2026-06-28T13:23:29.444Z - [36mverbose[39m: Rendering page: /Users/damithch/Repos/git-mastery/git-mastery.github.io/lessons/remoteBranchRename/exercise-glossary-branch-rename.md
2026-06-28T13:23:29.445Z - [36mverbose[39m: Rendering page: /Users/damithch/Repos/git-mastery/git-mastery.github.io/lessons/remoteBranchRename/exercise-remote-branch-rename.md
2026-06-28T13:23:29.447Z - [36mverbose[39m: Rendering page: /Users/damithch/Repos/git-mastery/git-mastery.github.io/lessons/remoteBranchPush/exercise-glossary-branch-push.md
2026-06-28T13:23:29.471Z - [36mverbose[39m: Rendering page: /Users/damithch/Repos/git-mastery/git-mastery.github.io/lessons/remoteBranchPull/exercise-glossary-branch-pull.md
2026-06-28T13:23:29.481Z - [36mverbose[39m: Rendering page: /Users/damithch/Repos/git-mastery/git-mastery.github.io/lessons/remoteBranchDelete/exercise-glossary-branch-delete.md
2026-06-28T13:23:29.483Z - [36mverbose[39m: Rendering page: /Users/damithch/Repos/git-mastery/git-mastery.github.io/lessons/pull/exercise-fetch-and-pull.md
2026-06-28T13:23:29.494Z - [36mverbose[39m: Rendering page: /Users/damithch/Repos/git-mastery/git-mastery.github.io/lessons/push/exercise-push-over.md
2026-06-28T13:23:29.515Z - [36mverbose[39m: Rendering page: /Users/damithch/Repos/git-mastery/git-mastery.github.io/lessons/prsCreate/exercise-create-pr-from-main.md
2026-06-28T13:23:29.518Z - [36mverbose[39m: Rendering page: /Users/damithch/Repos/git-mastery/git-mastery.github.io/lessons/merge/exercise-merge-undo.md
2026-06-28T13:23:29.527Z - [36mverbose[39m: Rendering page: /Users/damithch/Repos/git-mastery/git-mastery.github.io/lessons/mergeConflicts/exercise-conflict-mediator.md
2026-06-28T13:23:29.529Z - [36mverbose[39m: Rendering page: /Users/damithch/Repos/git-mastery/git-mastery.github.io/lessons/merge/exercise-merge-squash.md
2026-06-28T13:23:29.536Z - [36mverbose[39m: Rendering page: /Users/damithch/Repos/git-mastery/git-mastery.github.io/lessons/merge/exercise-ff-undo.md
2026-06-28T13:23:29.551Z - [36mverbose[39m: Rendering page: /Users/damithch/Repos/git-mastery/git-mastery.github.io/lessons/merge/exercise-branch-compare.md
2026-06-28T13:23:29.552Z - [36mverbose[39m: Rendering page: /Users/damithch/Repos/git-mastery/git-mastery.github.io/lessons/merge/exercise-branch-forward.md
2026-06-28T13:23:29.561Z - [36mverbose[39m: Rendering page: /Users/damithch/Repos/git-mastery/git-mastery.github.io/lessons/merge/exercise-branch-bender.md
2026-06-28T13:23:29.569Z - [36mverbose[39m: Rendering page: /Users/damithch/Repos/git-mastery/git-mastery.github.io/lessons/log/exercise-log-and-order.md
2026-06-28T13:23:29.591Z - [36mverbose[39m: Rendering page: /Users/damithch/Repos/git-mastery/git-mastery.github.io/lessons/init/exercise-undo-init.md
2026-06-28T13:23:29.594Z - [36mverbose[39m: Rendering page: /Users/damithch/Repos/git-mastery/git-mastery.github.io/lessons/init/exercise-under-control.md
2026-06-28T13:23:29.596Z - [36mverbose[39m: Rendering page: /Users/damithch/Repos/git-mastery/git-mastery.github.io/lessons/ignore/exercise-ignoring-somethings.md
2026-06-28T13:23:29.598Z - [36mverbose[39m: Rendering page: /Users/damithch/Repos/git-mastery/git-mastery.github.io/lessons/fork/exercise-fork-repo.md
2026-06-28T13:23:29.619Z - [36mverbose[39m: Rendering page: /Users/damithch/Repos/git-mastery/git-mastery.github.io/lessons/diff/exercise-sensors-diff.md
2026-06-28T13:23:29.621Z - [36mverbose[39m: Rendering page: /Users/damithch/Repos/git-mastery/git-mastery.github.io/lessons/createRemoteRepo/exercise-remote-control.md
2026-06-28T13:23:29.631Z - [36mverbose[39m: Rendering page: /Users/damithch/Repos/git-mastery/git-mastery.github.io/lessons/commit/exercise-grocery-shopping.md
2026-06-28T13:23:29.649Z - [36mverbose[39m: Rendering page: /Users/damithch/Repos/git-mastery/git-mastery.github.io/lessons/clone/exercise-clone-repo.md
2026-06-28T13:23:29.662Z - [36mverbose[39m: Rendering page: /Users/damithch/Repos/git-mastery/git-mastery.github.io/lessons/checkout/exercise-sensors-checkout.md
2026-06-28T13:23:29.664Z - [36mverbose[39m: Rendering page: /Users/damithch/Repos/git-mastery/git-mastery.github.io/lessons/branchRename/exercise-branch-rename.md
2026-06-28T13:23:29.676Z - [36mverbose[39m: Rendering page: /Users/damithch/Repos/git-mastery/git-mastery.github.io/lessons/branchDelete/exercise-mix-messy-graph.md
2026-06-28T13:23:29.696Z - [36mverbose[39m: Rendering page: /Users/damithch/Repos/git-mastery/git-mastery.github.io/lessons/branchDelete/exercise-mix-messy-docs.md
2026-06-28T13:23:29.707Z - [36mverbose[39m: Rendering page: /Users/damithch/Repos/git-mastery/git-mastery.github.io/lessons/branchDelete/exercise-branch-delete.md
2026-06-28T13:23:29.709Z - [36mverbose[39m: Rendering page: /Users/damithch/Repos/git-mastery/git-mastery.github.io/lessons/branch/exercise-side-track.md
2026-06-28T13:23:29.757Z - [36mverbose[39m: Rendering page: /Users/damithch/Repos/git-mastery/git-mastery.github.io/lessons/branch/exercise-branch-previous.md
2026-06-28T13:23:29.904Z - [36mverbose[39m: Rendering page: /Users/damithch/Repos/git-mastery/git-mastery.github.io/lessons/worktrees/index.md
2026-06-28T13:23:30.045Z - [36mverbose[39m: Rendering page: /Users/damithch/Repos/git-mastery/git-mastery.github.io/lessons/workflows/index.md
2026-06-28T13:23:30.048Z - [36mverbose[39m: Rendering page: /Users/damithch/Repos/git-mastery/git-mastery.github.io/lessons/trail/workingWithRemotes/index.md
2026-06-28T13:23:30.547Z - [36mverbose[39m: Rendering page: /Users/damithch/Repos/git-mastery/git-mastery.github.io/lessons/trail/workingWithPrs/index.md
2026-06-28T13:23:30.931Z - [36mverbose[39m: Rendering page: /Users/damithch/Repos/git-mastery/git-mastery.github.io/lessons/trail/usingRevisionHistory/index.md
2026-06-28T13:23:30.976Z - [36mverbose[39m: Rendering page: /Users/damithch/Repos/git-mastery/git-mastery.github.io/lessons/trail/syncingBranches/index.md
2026-06-28T13:23:30.980Z - [36mverbose[39m: Rendering page: /Users/damithch/Repos/git-mastery/git-mastery.github.io/lessons/trail/remoteBranches/index.md
2026-06-28T13:23:31.245Z - [36mverbose[39m: Rendering page: /Users/damithch/Repos/git-mastery/git-mastery.github.io/lessons/trail/recordingFolderHistory/index.md
2026-06-28T13:23:31.292Z - [36mverbose[39m: Rendering page: /Users/damithch/Repos/git-mastery/git-mastery.github.io/lessons/trail/managingProjects/index.md
2026-06-28T13:23:31.298Z - [36mverbose[39m: Rendering page: /Users/damithch/Repos/git-mastery/git-mastery.github.io/lessons/trail/index.md
2026-06-28T13:23:31.678Z - [36mverbose[39m: Rendering page: /Users/damithch/Repos/git-mastery/git-mastery.github.io/lessons/trail/fineTuningHistory/index.md
2026-06-28T13:23:31.979Z - [36mverbose[39m: Rendering page: /Users/damithch/Repos/git-mastery/git-mastery.github.io/lessons/template/index.md
2026-06-28T13:23:31.982Z - [36mverbose[39m: Rendering page: /Users/damithch/Repos/git-mastery/git-mastery.github.io/lessons/trail/branchingLocally/index.md
2026-06-28T13:23:32.021Z - [36mverbose[39m: Rendering page: /Users/damithch/Repos/git-mastery/git-mastery.github.io/lessons/tag/index.md
2026-06-28T13:23:32.033Z - [36mverbose[39m: Rendering page: /Users/damithch/Repos/git-mastery/git-mastery.github.io/lessons/trail/backingUpOnCloud/index.md
2026-06-28T13:23:32.230Z - [36mverbose[39m: Rendering page: /Users/damithch/Repos/git-mastery/git-mastery.github.io/lessons/syncByRebase/index.md
2026-06-28T13:23:32.233Z - [36mverbose[39m: Rendering page: /Users/damithch/Repos/git-mastery/git-mastery.github.io/lessons/stage/index.md
2026-06-28T13:23:32.248Z - [36mverbose[39m: Rendering page: /Users/damithch/Repos/git-mastery/git-mastery.github.io/lessons/syncByMerge/index.md
2026-06-28T13:23:32.253Z - [36mverbose[39m: Rendering page: /Users/damithch/Repos/git-mastery/git-mastery.github.io/lessons/show/index.md
2026-06-28T13:23:32.420Z - [36mverbose[39m: Rendering page: /Users/damithch/Repos/git-mastery/git-mastery.github.io/lessons/reset/index.md
2026-06-28T13:23:32.432Z - [36mverbose[39m: Rendering page: /Users/damithch/Repos/git-mastery/git-mastery.github.io/lessons/setRemote/index.md
2026-06-28T13:23:32.439Z - [36mverbose[39m: Rendering page: /Users/damithch/Repos/git-mastery/git-mastery.github.io/lessons/revert/index.md
2026-06-28T13:23:32.445Z - [36mverbose[39m: Rendering page: /Users/damithch/Repos/git-mastery/git-mastery.github.io/lessons/selectiveStage/index.md
2026-06-28T13:23:32.534Z - [36mverbose[39m: Rendering page: /Users/damithch/Repos/git-mastery/git-mastery.github.io/lessons/remoteRepos/index.md
2026-06-28T13:23:32.537Z - [36mverbose[39m: Rendering page: /Users/damithch/Repos/git-mastery/git-mastery.github.io/lessons/remoteBranchPush/index.md
2026-06-28T13:23:32.542Z - [36mverbose[39m: Rendering page: /Users/damithch/Repos/git-mastery/git-mastery.github.io/lessons/remoteBranchRename/index.md
2026-06-28T13:23:32.546Z - [36mverbose[39m: Rendering page: /Users/damithch/Repos/git-mastery/git-mastery.github.io/lessons/remoteBranchPull/index.md
2026-06-28T13:23:32.750Z - [36mverbose[39m: Rendering page: /Users/damithch/Repos/git-mastery/git-mastery.github.io/lessons/remoteBranchDelete/index.md
2026-06-28T13:23:32.755Z - [36mverbose[39m: Rendering page: /Users/damithch/Repos/git-mastery/git-mastery.github.io/lessons/push/index.md
2026-06-28T13:23:32.764Z - [36mverbose[39m: Rendering page: /Users/damithch/Repos/git-mastery/git-mastery.github.io/lessons/pull/index.md
2026-06-28T13:23:32.779Z - [36mverbose[39m: Rendering page: /Users/damithch/Repos/git-mastery/git-mastery.github.io/lessons/prsReview/index.md
2026-06-28T13:23:32.933Z - [36mverbose[39m: Rendering page: /Users/damithch/Repos/git-mastery/git-mastery.github.io/lessons/prsCreate/index.md
2026-06-28T13:23:32.943Z - [36mverbose[39m: Rendering page: /Users/damithch/Repos/git-mastery/git-mastery.github.io/lessons/prsMerge/index.md
2026-06-28T13:23:32.948Z - [36mverbose[39m: Rendering page: /Users/damithch/Repos/git-mastery/git-mastery.github.io/lessons/otherPmFeatures/index.md
2026-06-28T13:23:32.951Z - [36mverbose[39m: Rendering page: /Users/damithch/Repos/git-mastery/git-mastery.github.io/lessons/mergeConflicts/index.md
2026-06-28T13:23:33.212Z - [36mverbose[39m: Rendering page: /Users/damithch/Repos/git-mastery/git-mastery.github.io/lessons/merge/index.md
2026-06-28T13:23:33.232Z - [36mverbose[39m: Rendering page: /Users/damithch/Repos/git-mastery/git-mastery.github.io/lessons/log/index.md
2026-06-28T13:23:33.242Z - [36mverbose[39m: Rendering page: /Users/damithch/Repos/git-mastery/git-mastery.github.io/lessons/intro/index.md
2026-06-28T13:23:33.245Z - [36mverbose[39m: Rendering page: /Users/damithch/Repos/git-mastery/git-mastery.github.io/lessons/interactiveRebase/index.md
2026-06-28T13:23:33.527Z - [36mverbose[39m: Rendering page: /Users/damithch/Repos/git-mastery/git-mastery.github.io/lessons/init/index.md
2026-06-28T13:23:33.535Z - [36mverbose[39m: Rendering page: /Users/damithch/Repos/git-mastery/git-mastery.github.io/lessons/index.md
2026-06-28T13:23:33.542Z - [36mverbose[39m: Rendering page: /Users/damithch/Repos/git-mastery/git-mastery.github.io/lessons/githubPrep/index.md
2026-06-28T13:23:33.549Z - [36mverbose[39m: Rendering page: /Users/damithch/Repos/git-mastery/git-mastery.github.io/lessons/ignore/index.md
2026-06-28T13:23:33.698Z - [36mverbose[39m: Rendering page: /Users/damithch/Repos/git-mastery/git-mastery.github.io/lessons/forkingWorkflow/index.md
2026-06-28T13:23:33.703Z - [36mverbose[39m: Rendering page: /Users/damithch/Repos/git-mastery/git-mastery.github.io/lessons/gitPrep/index.md
2026-06-28T13:23:33.716Z - [36mverbose[39m: Rendering page: /Users/damithch/Repos/git-mastery/git-mastery.github.io/lessons/fork/index.md
2026-06-28T13:23:33.720Z - [36mverbose[39m: Rendering page: /Users/damithch/Repos/git-mastery/git-mastery.github.io/lessons/diff/index.md
2026-06-28T13:23:33.806Z - [36mverbose[39m: Rendering page: /Users/damithch/Repos/git-mastery/git-mastery.github.io/lessons/createRemoteRepo/index.md
2026-06-28T13:23:33.831Z - [36mverbose[39m: Rendering page: /Users/damithch/Repos/git-mastery/git-mastery.github.io/lessons/commitMessage/index.md
2026-06-28T13:23:33.837Z - [36mverbose[39m: Rendering page: /Users/damithch/Repos/git-mastery/git-mastery.github.io/lessons/commit/index.md
2026-06-28T13:23:33.855Z - [36mverbose[39m: Rendering page: /Users/damithch/Repos/git-mastery/git-mastery.github.io/lessons/clone/index.md
2026-06-28T13:23:33.938Z - [36mverbose[39m: Rendering page: /Users/damithch/Repos/git-mastery/git-mastery.github.io/lessons/cherryPick/index.md
2026-06-28T13:23:33.998Z - [36mverbose[39m: Rendering page: /Users/damithch/Repos/git-mastery/git-mastery.github.io/lessons/checkout/index.md
2026-06-28T13:23:34.007Z - [36mverbose[39m: Rendering page: /Users/damithch/Repos/git-mastery/git-mastery.github.io/lessons/branchRename/index.md
2026-06-28T13:23:34.088Z - [36mverbose[39m: Rendering page: /Users/damithch/Repos/git-mastery/git-mastery.github.io/lessons/branchDelete/index.md
2026-06-28T13:23:34.107Z - [36mverbose[39m: Rendering page: /Users/damithch/Repos/git-mastery/git-mastery.github.io/lessons/branch/index.md
2026-06-28T13:23:34.118Z - [36mverbose[39m: Rendering page: /Users/damithch/Repos/git-mastery/git-mastery.github.io/index.md
2026-06-28T13:23:34.125Z - [32minfo[39m: Pages built
2026-06-28T13:23:34.223Z - [32minfo[39m: Site data built
2026-06-28T13:23:34.223Z - [32minfo[39m: Website generation complete! Total build time: 9.042s
2026-06-28T13:23:34.223Z - [32minfo[39m: Build success!
2026-06-28T13:23:44.028Z - [32minfo[39m: GitHub Actions deployment initiated. Check status at: https://github.com/git-mastery/git-mastery.github.io/actions
2026-06-28T13:23:44.028Z - [32minfo[39m: The website will be deployed at: git-mastery.org
