2026-07-03T16:23:27.679Z - [32minfo[39m: Website generation started at 00:23:27
2026-07-03T16:23:27.804Z - [32minfo[39m: Building assets...
2026-07-03T16:23:27.920Z - [32minfo[39m: Assets built
2026-07-03T16:23:27.921Z - [32minfo[39m: Generating pages...
2026-07-03T16:23:28.477Z - [36mverbose[39m: Rendering page: /Users/damithch/Repos/git-mastery/git-mastery.github.io/about/index.md
2026-07-03T16:23:28.486Z - [36mverbose[39m: Rendering page: /Users/damithch/Repos/git-mastery/git-mastery.github.io/companion-app/index.md
2026-07-03T16:23:28.503Z - [36mverbose[39m: Rendering page: /Users/damithch/Repos/git-mastery/git-mastery.github.io/faq/index.md
2026-07-03T16:23:28.505Z - [36mverbose[39m: Rendering page: /Users/damithch/Repos/git-mastery/git-mastery.github.io/exercises-directory/index.md
2026-07-03T16:23:31.483Z - [36mverbose[39m: Rendering page: /Users/damithch/Repos/git-mastery/git-mastery.github.io/versions/cs2103/insertions.md
2026-07-03T16:23:31.487Z - [36mverbose[39m: Rendering page: /Users/damithch/Repos/git-mastery/git-mastery.github.io/lessons/trail/all.md
2026-07-03T16:23:31.712Z - [36mverbose[39m: Rendering page: /Users/damithch/Repos/git-mastery/git-mastery.github.io/lessons/tag/exercise-tags-update.md
2026-07-03T16:23:31.714Z - [36mverbose[39m: Rendering page: /Users/damithch/Repos/git-mastery/git-mastery.github.io/lessons/tag/exercise-tags-push.md
2026-07-03T16:23:31.747Z - [36mverbose[39m: Rendering page: /Users/damithch/Repos/git-mastery/git-mastery.github.io/lessons/tag/exercise-tags-add.md
2026-07-03T16:23:31.756Z - [36mverbose[39m: Rendering page: /Users/damithch/Repos/git-mastery/git-mastery.github.io/lessons/show/exercise-view-commits.md
2026-07-03T16:23:31.758Z - [36mverbose[39m: Rendering page: /Users/damithch/Repos/git-mastery/git-mastery.github.io/lessons/stage/exercise-stage-fright.md
2026-07-03T16:23:31.761Z - [36mverbose[39m: Rendering page: /Users/damithch/Repos/git-mastery/git-mastery.github.io/lessons/setRemote/exercise-link-me.md
2026-07-03T16:23:31.794Z - [36mverbose[39m: Rendering page: /Users/damithch/Repos/git-mastery/git-mastery.github.io/lessons/revert/exercise-sensors-revert.md
2026-07-03T16:23:31.796Z - [36mverbose[39m: Rendering page: /Users/damithch/Repos/git-mastery/git-mastery.github.io/lessons/reset/exercise-sensors-reset.md
2026-07-03T16:23:31.798Z - [36mverbose[39m: Rendering page: /Users/damithch/Repos/git-mastery/git-mastery.github.io/lessons/remoteBranchRename/exercise-glossary-branch-rename.md
2026-07-03T16:23:31.799Z - [36mverbose[39m: Rendering page: /Users/damithch/Repos/git-mastery/git-mastery.github.io/lessons/remoteBranchRename/exercise-remote-branch-rename.md
2026-07-03T16:23:31.830Z - [36mverbose[39m: Rendering page: /Users/damithch/Repos/git-mastery/git-mastery.github.io/lessons/remoteBranchPush/exercise-glossary-branch-push.md
2026-07-03T16:23:31.833Z - [36mverbose[39m: Rendering page: /Users/damithch/Repos/git-mastery/git-mastery.github.io/lessons/remoteBranchPull/exercise-glossary-branch-pull.md
2026-07-03T16:23:31.842Z - [36mverbose[39m: Rendering page: /Users/damithch/Repos/git-mastery/git-mastery.github.io/lessons/remoteBranchDelete/exercise-glossary-branch-delete.md
2026-07-03T16:23:31.844Z - [36mverbose[39m: Rendering page: /Users/damithch/Repos/git-mastery/git-mastery.github.io/lessons/push/exercise-push-over.md
2026-07-03T16:23:31.857Z - [36mverbose[39m: Rendering page: /Users/damithch/Repos/git-mastery/git-mastery.github.io/lessons/pull/exercise-fetch-and-pull.md
2026-07-03T16:23:31.873Z - [36mverbose[39m: Rendering page: /Users/damithch/Repos/git-mastery/git-mastery.github.io/lessons/prsCreate/exercise-create-pr-from-main.md
2026-07-03T16:23:31.881Z - [36mverbose[39m: Rendering page: /Users/damithch/Repos/git-mastery/git-mastery.github.io/lessons/mergeConflicts/exercise-conflict-mediator.md
2026-07-03T16:23:31.882Z - [36mverbose[39m: Rendering page: /Users/damithch/Repos/git-mastery/git-mastery.github.io/lessons/merge/exercise-merge-undo.md
2026-07-03T16:23:31.893Z - [36mverbose[39m: Rendering page: /Users/damithch/Repos/git-mastery/git-mastery.github.io/lessons/merge/exercise-merge-squash.md
2026-07-03T16:23:31.907Z - [36mverbose[39m: Rendering page: /Users/damithch/Repos/git-mastery/git-mastery.github.io/lessons/merge/exercise-ff-undo.md
2026-07-03T16:23:31.915Z - [36mverbose[39m: Rendering page: /Users/damithch/Repos/git-mastery/git-mastery.github.io/lessons/merge/exercise-branch-forward.md
2026-07-03T16:23:31.917Z - [36mverbose[39m: Rendering page: /Users/damithch/Repos/git-mastery/git-mastery.github.io/lessons/merge/exercise-branch-compare.md
2026-07-03T16:23:31.919Z - [36mverbose[39m: Rendering page: /Users/damithch/Repos/git-mastery/git-mastery.github.io/lessons/merge/exercise-branch-bender.md
2026-07-03T16:23:31.946Z - [36mverbose[39m: Rendering page: /Users/damithch/Repos/git-mastery/git-mastery.github.io/lessons/init/exercise-undo-init.md
2026-07-03T16:23:31.948Z - [36mverbose[39m: Rendering page: /Users/damithch/Repos/git-mastery/git-mastery.github.io/lessons/log/exercise-log-and-order.md
2026-07-03T16:23:31.950Z - [36mverbose[39m: Rendering page: /Users/damithch/Repos/git-mastery/git-mastery.github.io/lessons/init/exercise-under-control.md
2026-07-03T16:23:31.952Z - [36mverbose[39m: Rendering page: /Users/damithch/Repos/git-mastery/git-mastery.github.io/lessons/ignore/exercise-ignoring-somethings.md
2026-07-03T16:23:31.980Z - [36mverbose[39m: Rendering page: /Users/damithch/Repos/git-mastery/git-mastery.github.io/lessons/fork/exercise-fork-repo.md
2026-07-03T16:23:31.981Z - [36mverbose[39m: Rendering page: /Users/damithch/Repos/git-mastery/git-mastery.github.io/lessons/diff/exercise-sensors-diff.md
2026-07-03T16:23:31.983Z - [36mverbose[39m: Rendering page: /Users/damithch/Repos/git-mastery/git-mastery.github.io/lessons/createRemoteRepo/exercise-remote-control.md
2026-07-03T16:23:31.984Z - [36mverbose[39m: Rendering page: /Users/damithch/Repos/git-mastery/git-mastery.github.io/lessons/commit/exercise-staging-intervention.md
2026-07-03T16:23:32.014Z - [36mverbose[39m: Rendering page: /Users/damithch/Repos/git-mastery/git-mastery.github.io/lessons/clone/exercise-clone-repo.md
2026-07-03T16:23:32.016Z - [36mverbose[39m: Rendering page: /Users/damithch/Repos/git-mastery/git-mastery.github.io/lessons/commit/exercise-grocery-shopping.md
2026-07-03T16:23:32.018Z - [36mverbose[39m: Rendering page: /Users/damithch/Repos/git-mastery/git-mastery.github.io/lessons/branchRename/exercise-branch-rename.md
2026-07-03T16:23:32.020Z - [36mverbose[39m: Rendering page: /Users/damithch/Repos/git-mastery/git-mastery.github.io/lessons/checkout/exercise-sensors-checkout.md
2026-07-03T16:23:32.063Z - [36mverbose[39m: Rendering page: /Users/damithch/Repos/git-mastery/git-mastery.github.io/lessons/branchDelete/exercise-mix-messy-docs.md
2026-07-03T16:23:32.066Z - [36mverbose[39m: Rendering page: /Users/damithch/Repos/git-mastery/git-mastery.github.io/lessons/branchDelete/exercise-mix-messy-graph.md
2026-07-03T16:23:32.068Z - [36mverbose[39m: Rendering page: /Users/damithch/Repos/git-mastery/git-mastery.github.io/lessons/branch/exercise-side-track.md
2026-07-03T16:23:32.071Z - [36mverbose[39m: Rendering page: /Users/damithch/Repos/git-mastery/git-mastery.github.io/lessons/branchDelete/exercise-branch-delete.md
2026-07-03T16:23:32.142Z - [36mverbose[39m: Rendering page: /Users/damithch/Repos/git-mastery/git-mastery.github.io/lessons/branch/exercise-branch-previous.md
2026-07-03T16:23:32.145Z - [36mverbose[39m: Rendering page: /Users/damithch/Repos/git-mastery/git-mastery.github.io/versions/cs2103/index.md
2026-07-03T16:23:32.145Z - [36mverbose[39m: Rendering page: /Users/damithch/Repos/git-mastery/git-mastery.github.io/lessons/workflows/index.md
2026-07-03T16:23:32.287Z - [36mverbose[39m: Rendering page: /Users/damithch/Repos/git-mastery/git-mastery.github.io/lessons/worktrees/index.md
2026-07-03T16:23:32.874Z - [36mverbose[39m: Rendering page: /Users/damithch/Repos/git-mastery/git-mastery.github.io/lessons/trail/workingWithRemotes/index.md
2026-07-03T16:23:32.899Z - [36mverbose[39m: Rendering page: /Users/damithch/Repos/git-mastery/git-mastery.github.io/lessons/trail/workingWithPrs/index.md
2026-07-03T16:23:32.920Z - [36mverbose[39m: Rendering page: /Users/damithch/Repos/git-mastery/git-mastery.github.io/lessons/trail/usingRevisionHistory/index.md
2026-07-03T16:23:33.129Z - [36mverbose[39m: Rendering page: /Users/damithch/Repos/git-mastery/git-mastery.github.io/lessons/trail/syncingBranches/index.md
2026-07-03T16:23:33.849Z - [36mverbose[39m: Rendering page: /Users/damithch/Repos/git-mastery/git-mastery.github.io/lessons/trail/remoteBranches/index.md
2026-07-03T16:23:33.865Z - [36mverbose[39m: Rendering page: /Users/damithch/Repos/git-mastery/git-mastery.github.io/lessons/trail/recordingFolderHistory/index.md
2026-07-03T16:23:33.912Z - [36mverbose[39m: Rendering page: /Users/damithch/Repos/git-mastery/git-mastery.github.io/lessons/trail/index.md
2026-07-03T16:23:33.922Z - [36mverbose[39m: Rendering page: /Users/damithch/Repos/git-mastery/git-mastery.github.io/lessons/trail/managingProjects/index.md
2026-07-03T16:23:34.601Z - [36mverbose[39m: Rendering page: /Users/damithch/Repos/git-mastery/git-mastery.github.io/lessons/trail/fineTuningHistory/index.md
2026-07-03T16:23:34.615Z - [36mverbose[39m: Rendering page: /Users/damithch/Repos/git-mastery/git-mastery.github.io/lessons/template/index.md
2026-07-03T16:23:34.618Z - [36mverbose[39m: Rendering page: /Users/damithch/Repos/git-mastery/git-mastery.github.io/lessons/trail/backingUpOnCloud/index.md
2026-07-03T16:23:34.648Z - [36mverbose[39m: Rendering page: /Users/damithch/Repos/git-mastery/git-mastery.github.io/lessons/trail/branchingLocally/index.md
2026-07-03T16:23:35.029Z - [36mverbose[39m: Rendering page: /Users/damithch/Repos/git-mastery/git-mastery.github.io/lessons/tag/index.md
2026-07-03T16:23:35.054Z - [36mverbose[39m: Rendering page: /Users/damithch/Repos/git-mastery/git-mastery.github.io/lessons/stage/index.md
2026-07-03T16:23:35.084Z - [36mverbose[39m: Rendering page: /Users/damithch/Repos/git-mastery/git-mastery.github.io/lessons/syncByRebase/index.md
2026-07-03T16:23:35.090Z - [36mverbose[39m: Rendering page: /Users/damithch/Repos/git-mastery/git-mastery.github.io/lessons/syncByMerge/index.md
2026-07-03T16:23:36.437Z - [36mverbose[39m: Rendering page: /Users/damithch/Repos/git-mastery/git-mastery.github.io/lessons/show/index.md
2026-07-03T16:23:36.557Z - [36mverbose[39m: Rendering page: /Users/damithch/Repos/git-mastery/git-mastery.github.io/lessons/selectiveStage/index.md
2026-07-03T16:23:36.577Z - [36mverbose[39m: Rendering page: /Users/damithch/Repos/git-mastery/git-mastery.github.io/lessons/setRemote/index.md
2026-07-03T16:23:36.597Z - [36mverbose[39m: Rendering page: /Users/damithch/Repos/git-mastery/git-mastery.github.io/lessons/revert/index.md
2026-07-03T16:23:36.855Z - [36mverbose[39m: Rendering page: /Users/damithch/Repos/git-mastery/git-mastery.github.io/lessons/reset/index.md
2026-07-03T16:23:36.881Z - [36mverbose[39m: Rendering page: /Users/damithch/Repos/git-mastery/git-mastery.github.io/lessons/remoteBranchRename/index.md
2026-07-03T16:23:36.887Z - [36mverbose[39m: Rendering page: /Users/damithch/Repos/git-mastery/git-mastery.github.io/lessons/remoteRepos/index.md
2026-07-03T16:23:36.890Z - [36mverbose[39m: Rendering page: /Users/damithch/Repos/git-mastery/git-mastery.github.io/lessons/remoteBranchPush/index.md
2026-07-03T16:23:37.261Z - [36mverbose[39m: Rendering page: /Users/damithch/Repos/git-mastery/git-mastery.github.io/lessons/remoteBranchPull/index.md
2026-07-03T16:23:37.270Z - [36mverbose[39m: Rendering page: /Users/damithch/Repos/git-mastery/git-mastery.github.io/lessons/remoteBranchDelete/index.md
2026-07-03T16:23:37.281Z - [36mverbose[39m: Rendering page: /Users/damithch/Repos/git-mastery/git-mastery.github.io/lessons/push/index.md
2026-07-03T16:23:37.351Z - [36mverbose[39m: Rendering page: /Users/damithch/Repos/git-mastery/git-mastery.github.io/lessons/pull/index.md
2026-07-03T16:23:37.576Z - [36mverbose[39m: Rendering page: /Users/damithch/Repos/git-mastery/git-mastery.github.io/lessons/prsReview/index.md
2026-07-03T16:23:37.643Z - [36mverbose[39m: Rendering page: /Users/damithch/Repos/git-mastery/git-mastery.github.io/lessons/prsMerge/index.md
2026-07-03T16:23:37.650Z - [36mverbose[39m: Rendering page: /Users/damithch/Repos/git-mastery/git-mastery.github.io/lessons/prsCreate/index.md
2026-07-03T16:23:37.796Z - [36mverbose[39m: Rendering page: /Users/damithch/Repos/git-mastery/git-mastery.github.io/lessons/otherPmFeatures/index.md
2026-07-03T16:23:37.858Z - [36mverbose[39m: Rendering page: /Users/damithch/Repos/git-mastery/git-mastery.github.io/lessons/mergeConflicts/index.md
2026-07-03T16:23:37.875Z - [36mverbose[39m: Rendering page: /Users/damithch/Repos/git-mastery/git-mastery.github.io/lessons/merge/index.md
2026-07-03T16:23:37.917Z - [36mverbose[39m: Rendering page: /Users/damithch/Repos/git-mastery/git-mastery.github.io/lessons/log/index.md
2026-07-03T16:23:37.928Z - [36mverbose[39m: Rendering page: /Users/damithch/Repos/git-mastery/git-mastery.github.io/lessons/intro/index.md
2026-07-03T16:23:38.131Z - [36mverbose[39m: Rendering page: /Users/damithch/Repos/git-mastery/git-mastery.github.io/lessons/interactiveRebase/index.md
2026-07-03T16:23:38.186Z - [36mverbose[39m: Rendering page: /Users/damithch/Repos/git-mastery/git-mastery.github.io/lessons/init/index.md
2026-07-03T16:23:38.196Z - [36mverbose[39m: Rendering page: /Users/damithch/Repos/git-mastery/git-mastery.github.io/lessons/index.md
2026-07-03T16:23:38.312Z - [36mverbose[39m: Rendering page: /Users/damithch/Repos/git-mastery/git-mastery.github.io/lessons/ignore/index.md
2026-07-03T16:23:38.358Z - [36mverbose[39m: Rendering page: /Users/damithch/Repos/git-mastery/git-mastery.github.io/lessons/githubPrep/index.md
2026-07-03T16:23:38.383Z - [36mverbose[39m: Rendering page: /Users/damithch/Repos/git-mastery/git-mastery.github.io/lessons/gitPrep/index.md
2026-07-03T16:23:38.397Z - [36mverbose[39m: Rendering page: /Users/damithch/Repos/git-mastery/git-mastery.github.io/lessons/forkingWorkflow/index.md
2026-07-03T16:23:38.452Z - [36mverbose[39m: Rendering page: /Users/damithch/Repos/git-mastery/git-mastery.github.io/lessons/fork/index.md
2026-07-03T16:23:38.491Z - [36mverbose[39m: Rendering page: /Users/damithch/Repos/git-mastery/git-mastery.github.io/lessons/diff/index.md
2026-07-03T16:23:38.573Z - [36mverbose[39m: Rendering page: /Users/damithch/Repos/git-mastery/git-mastery.github.io/lessons/createRemoteRepo/index.md
2026-07-03T16:23:38.579Z - [36mverbose[39m: Rendering page: /Users/damithch/Repos/git-mastery/git-mastery.github.io/lessons/commitMessage/index.md
2026-07-03T16:23:38.610Z - [36mverbose[39m: Rendering page: /Users/damithch/Repos/git-mastery/git-mastery.github.io/lessons/commit/index.md
2026-07-03T16:23:38.692Z - [36mverbose[39m: Rendering page: /Users/damithch/Repos/git-mastery/git-mastery.github.io/lessons/clone/index.md
2026-07-03T16:23:38.730Z - [36mverbose[39m: Rendering page: /Users/damithch/Repos/git-mastery/git-mastery.github.io/lessons/cherryPick/index.md
2026-07-03T16:23:38.800Z - [36mverbose[39m: Rendering page: /Users/damithch/Repos/git-mastery/git-mastery.github.io/lessons/checkout/index.md
2026-07-03T16:23:38.811Z - [36mverbose[39m: Rendering page: /Users/damithch/Repos/git-mastery/git-mastery.github.io/lessons/branchRename/index.md
2026-07-03T16:23:38.908Z - [36mverbose[39m: Rendering page: /Users/damithch/Repos/git-mastery/git-mastery.github.io/lessons/branchDelete/index.md
2026-07-03T16:23:38.927Z - [36mverbose[39m: Rendering page: /Users/damithch/Repos/git-mastery/git-mastery.github.io/lessons/branch/index.md
2026-07-03T16:23:38.942Z - [36mverbose[39m: Rendering page: /Users/damithch/Repos/git-mastery/git-mastery.github.io/index.md
2026-07-03T16:23:38.951Z - [32minfo[39m: Pages built
2026-07-03T16:23:39.051Z - [32minfo[39m: Site data built
2026-07-03T16:23:39.051Z - [32minfo[39m: Website generation complete! Total build time: 11.528s
2026-07-03T16:23:39.051Z - [32minfo[39m: Build success!
2026-07-03T16:24:02.216Z - [32minfo[39m: Website generation (lazy) started at 00:24:02
2026-07-03T16:24:02.302Z - [32minfo[39m: Building assets...
2026-07-03T16:24:02.410Z - [32minfo[39m: Assets built
2026-07-03T16:24:02.412Z - [32minfo[39m: Generating landing page...
2026-07-03T16:24:02.494Z - [36mverbose[39m: Rendering page: /Users/damithch/Repos/git-mastery/git-mastery.github.io/index.md
2026-07-03T16:24:02.513Z - [32minfo[39m: Landing page built, other pages will be built as you navigate to them!
2026-07-03T16:24:02.597Z - [32minfo[39m: Site data built
2026-07-03T16:24:02.597Z - [32minfo[39m: Website generation (lazy) complete! Total build time: 0.483s
2026-07-03T16:24:02.609Z - [32minfo[39m: Serving "/Users/damithch/Repos/git-mastery/git-mastery.github.io/_site" at http://127.0.0.1:8080
2026-07-03T16:24:02.609Z - [32minfo[39m: Press CTRL+C to stop ...
2026-07-03T16:24:07.250Z - [32minfo[39m: Building /Users/damithch/Repos/git-mastery/git-mastery.github.io/versions/cs2103/insertions as some of its dependencies were changed since the last visit
2026-07-03T16:24:07.295Z - [36mverbose[39m: Rendering page: /Users/damithch/Repos/git-mastery/git-mastery.github.io/versions/cs2103/insertions.md
2026-07-03T16:24:07.300Z - [32minfo[39m: Site data built
2026-07-03T16:24:07.300Z - [32minfo[39m: Lazy website regeneration complete! Total build time: 0.051s
2026-07-03T16:24:14.183Z - [32minfo[39m: Building /Users/damithch/Repos/git-mastery/git-mastery.github.io/lessons/index as some of its dependencies were changed since the last visit
2026-07-03T16:24:14.555Z - [36mverbose[39m: Rendering page: /Users/damithch/Repos/git-mastery/git-mastery.github.io/lessons/index.md
2026-07-03T16:24:14.569Z - [32minfo[39m: Site data built
2026-07-03T16:24:14.569Z - [32minfo[39m: Lazy website regeneration complete! Total build time: 0.387s
2026-07-03T16:24:21.126Z - [32minfo[39m: Building /Users/damithch/Repos/git-mastery/git-mastery.github.io/lessons/trail/recordingFolderHistory/index as some of its dependencies were changed since the last visit
2026-07-03T16:24:21.713Z - [36mverbose[39m: Rendering page: /Users/damithch/Repos/git-mastery/git-mastery.github.io/lessons/trail/recordingFolderHistory/index.md
2026-07-03T16:24:21.775Z - [32minfo[39m: Site data built
2026-07-03T16:24:21.775Z - [32minfo[39m: Lazy website regeneration complete! Total build time: 0.651s
2026-07-03T16:30:31.983Z - [32minfo[39m: Website generation started at 00:30:31
2026-07-03T16:30:32.099Z - [32minfo[39m: Building assets...
2026-07-03T16:30:32.202Z - [32minfo[39m: Assets built
2026-07-03T16:30:32.203Z - [32minfo[39m: Generating pages...
2026-07-03T16:30:32.765Z - [36mverbose[39m: Rendering page: /Users/damithch/Repos/git-mastery/git-mastery.github.io/about/index.md
2026-07-03T16:30:32.774Z - [36mverbose[39m: Rendering page: /Users/damithch/Repos/git-mastery/git-mastery.github.io/faq/index.md
2026-07-03T16:30:32.779Z - [36mverbose[39m: Rendering page: /Users/damithch/Repos/git-mastery/git-mastery.github.io/companion-app/index.md
2026-07-03T16:30:32.797Z - [36mverbose[39m: Rendering page: /Users/damithch/Repos/git-mastery/git-mastery.github.io/exercises-directory/index.md
2026-07-03T16:30:36.844Z - [36mverbose[39m: Rendering page: /Users/damithch/Repos/git-mastery/git-mastery.github.io/versions/cs2103/insertions.md
2026-07-03T16:30:36.848Z - [36mverbose[39m: Rendering page: /Users/damithch/Repos/git-mastery/git-mastery.github.io/lessons/trail/all.md
2026-07-03T16:30:37.088Z - [36mverbose[39m: Rendering page: /Users/damithch/Repos/git-mastery/git-mastery.github.io/lessons/tag/exercise-tags-update.md
2026-07-03T16:30:37.091Z - [36mverbose[39m: Rendering page: /Users/damithch/Repos/git-mastery/git-mastery.github.io/lessons/tag/exercise-tags-push.md
2026-07-03T16:30:37.137Z - [36mverbose[39m: Rendering page: /Users/damithch/Repos/git-mastery/git-mastery.github.io/lessons/tag/exercise-tags-add.md
2026-07-03T16:30:37.148Z - [36mverbose[39m: Rendering page: /Users/damithch/Repos/git-mastery/git-mastery.github.io/lessons/setRemote/exercise-link-me.md
2026-07-03T16:30:37.150Z - [36mverbose[39m: Rendering page: /Users/damithch/Repos/git-mastery/git-mastery.github.io/lessons/show/exercise-view-commits.md
2026-07-03T16:30:37.151Z - [36mverbose[39m: Rendering page: /Users/damithch/Repos/git-mastery/git-mastery.github.io/lessons/stage/exercise-stage-fright.md
2026-07-03T16:30:37.190Z - [36mverbose[39m: Rendering page: /Users/damithch/Repos/git-mastery/git-mastery.github.io/lessons/revert/exercise-sensors-revert.md
2026-07-03T16:30:37.192Z - [36mverbose[39m: Rendering page: /Users/damithch/Repos/git-mastery/git-mastery.github.io/lessons/reset/exercise-sensors-reset.md
2026-07-03T16:30:37.193Z - [36mverbose[39m: Rendering page: /Users/damithch/Repos/git-mastery/git-mastery.github.io/lessons/remoteBranchRename/exercise-remote-branch-rename.md
2026-07-03T16:30:37.195Z - [36mverbose[39m: Rendering page: /Users/damithch/Repos/git-mastery/git-mastery.github.io/lessons/remoteBranchRename/exercise-glossary-branch-rename.md
2026-07-03T16:30:37.228Z - [36mverbose[39m: Rendering page: /Users/damithch/Repos/git-mastery/git-mastery.github.io/lessons/remoteBranchPush/exercise-glossary-branch-push.md
2026-07-03T16:30:37.231Z - [36mverbose[39m: Rendering page: /Users/damithch/Repos/git-mastery/git-mastery.github.io/lessons/remoteBranchPull/exercise-glossary-branch-pull.md
2026-07-03T16:30:37.233Z - [36mverbose[39m: Rendering page: /Users/damithch/Repos/git-mastery/git-mastery.github.io/lessons/remoteBranchDelete/exercise-glossary-branch-delete.md
2026-07-03T16:30:37.234Z - [36mverbose[39m: Rendering page: /Users/damithch/Repos/git-mastery/git-mastery.github.io/lessons/push/exercise-push-over.md
2026-07-03T16:30:37.262Z - [36mverbose[39m: Rendering page: /Users/damithch/Repos/git-mastery/git-mastery.github.io/lessons/pull/exercise-fetch-and-pull.md
2026-07-03T16:30:37.272Z - [36mverbose[39m: Rendering page: /Users/damithch/Repos/git-mastery/git-mastery.github.io/lessons/prsCreate/exercise-create-pr-from-main.md
2026-07-03T16:30:37.275Z - [36mverbose[39m: Rendering page: /Users/damithch/Repos/git-mastery/git-mastery.github.io/lessons/mergeConflicts/exercise-conflict-mediator.md
2026-07-03T16:30:37.283Z - [36mverbose[39m: Rendering page: /Users/damithch/Repos/git-mastery/git-mastery.github.io/lessons/merge/exercise-merge-undo.md
2026-07-03T16:30:37.295Z - [36mverbose[39m: Rendering page: /Users/damithch/Repos/git-mastery/git-mastery.github.io/lessons/merge/exercise-merge-squash.md
2026-07-03T16:30:37.312Z - [36mverbose[39m: Rendering page: /Users/damithch/Repos/git-mastery/git-mastery.github.io/lessons/merge/exercise-ff-undo.md
2026-07-03T16:30:37.315Z - [36mverbose[39m: Rendering page: /Users/damithch/Repos/git-mastery/git-mastery.github.io/lessons/merge/exercise-branch-compare.md
2026-07-03T16:30:37.317Z - [36mverbose[39m: Rendering page: /Users/damithch/Repos/git-mastery/git-mastery.github.io/lessons/merge/exercise-branch-forward.md
2026-07-03T16:30:37.347Z - [36mverbose[39m: Rendering page: /Users/damithch/Repos/git-mastery/git-mastery.github.io/lessons/merge/exercise-branch-bender.md
2026-07-03T16:30:37.349Z - [36mverbose[39m: Rendering page: /Users/damithch/Repos/git-mastery/git-mastery.github.io/lessons/log/exercise-log-and-order.md
2026-07-03T16:30:37.350Z - [36mverbose[39m: Rendering page: /Users/damithch/Repos/git-mastery/git-mastery.github.io/lessons/init/exercise-undo-init.md
2026-07-03T16:30:37.352Z - [36mverbose[39m: Rendering page: /Users/damithch/Repos/git-mastery/git-mastery.github.io/lessons/init/exercise-under-control.md
2026-07-03T16:30:37.381Z - [36mverbose[39m: Rendering page: /Users/damithch/Repos/git-mastery/git-mastery.github.io/lessons/fork/exercise-fork-repo.md
2026-07-03T16:30:37.383Z - [36mverbose[39m: Rendering page: /Users/damithch/Repos/git-mastery/git-mastery.github.io/lessons/ignore/exercise-ignoring-somethings.md
2026-07-03T16:30:37.385Z - [36mverbose[39m: Rendering page: /Users/damithch/Repos/git-mastery/git-mastery.github.io/lessons/diff/exercise-sensors-diff.md
2026-07-03T16:30:37.386Z - [36mverbose[39m: Rendering page: /Users/damithch/Repos/git-mastery/git-mastery.github.io/lessons/createRemoteRepo/exercise-remote-control.md
2026-07-03T16:30:37.417Z - [36mverbose[39m: Rendering page: /Users/damithch/Repos/git-mastery/git-mastery.github.io/lessons/commit/exercise-staging-intervention.md
2026-07-03T16:30:37.419Z - [36mverbose[39m: Rendering page: /Users/damithch/Repos/git-mastery/git-mastery.github.io/lessons/commit/exercise-grocery-shopping.md
2026-07-03T16:30:37.421Z - [36mverbose[39m: Rendering page: /Users/damithch/Repos/git-mastery/git-mastery.github.io/lessons/clone/exercise-clone-repo.md
2026-07-03T16:30:37.422Z - [36mverbose[39m: Rendering page: /Users/damithch/Repos/git-mastery/git-mastery.github.io/lessons/checkout/exercise-sensors-checkout.md
2026-07-03T16:30:37.462Z - [36mverbose[39m: Rendering page: /Users/damithch/Repos/git-mastery/git-mastery.github.io/lessons/branchRename/exercise-branch-rename.md
2026-07-03T16:30:37.464Z - [36mverbose[39m: Rendering page: /Users/damithch/Repos/git-mastery/git-mastery.github.io/lessons/branchDelete/exercise-mix-messy-graph.md
2026-07-03T16:30:37.467Z - [36mverbose[39m: Rendering page: /Users/damithch/Repos/git-mastery/git-mastery.github.io/lessons/branchDelete/exercise-mix-messy-docs.md
2026-07-03T16:30:37.470Z - [36mverbose[39m: Rendering page: /Users/damithch/Repos/git-mastery/git-mastery.github.io/lessons/branchDelete/exercise-branch-delete.md
2026-07-03T16:30:37.546Z - [36mverbose[39m: Rendering page: /Users/damithch/Repos/git-mastery/git-mastery.github.io/lessons/branch/exercise-side-track.md
2026-07-03T16:30:37.550Z - [36mverbose[39m: Rendering page: /Users/damithch/Repos/git-mastery/git-mastery.github.io/lessons/branch/exercise-branch-previous.md
2026-07-03T16:30:37.552Z - [36mverbose[39m: Rendering page: /Users/damithch/Repos/git-mastery/git-mastery.github.io/versions/cs2103/index.md
2026-07-03T16:30:37.564Z - [36mverbose[39m: Rendering page: /Users/damithch/Repos/git-mastery/git-mastery.github.io/lessons/worktrees/index.md
2026-07-03T16:30:37.845Z - [36mverbose[39m: Rendering page: /Users/damithch/Repos/git-mastery/git-mastery.github.io/lessons/workflows/index.md
2026-07-03T16:30:38.210Z - [36mverbose[39m: Rendering page: /Users/damithch/Repos/git-mastery/git-mastery.github.io/lessons/trail/workingWithPrs/index.md
2026-07-03T16:30:38.226Z - [36mverbose[39m: Rendering page: /Users/damithch/Repos/git-mastery/git-mastery.github.io/lessons/trail/workingWithRemotes/index.md
2026-07-03T16:30:38.273Z - [36mverbose[39m: Rendering page: /Users/damithch/Repos/git-mastery/git-mastery.github.io/lessons/trail/usingRevisionHistory/index.md
2026-07-03T16:30:38.922Z - [36mverbose[39m: Rendering page: /Users/damithch/Repos/git-mastery/git-mastery.github.io/lessons/trail/syncingBranches/index.md
2026-07-03T16:30:38.974Z - [36mverbose[39m: Rendering page: /Users/damithch/Repos/git-mastery/git-mastery.github.io/lessons/trail/remoteBranches/index.md
2026-07-03T16:30:39.157Z - [36mverbose[39m: Rendering page: /Users/damithch/Repos/git-mastery/git-mastery.github.io/lessons/trail/recordingFolderHistory/index.md
2026-07-03T16:30:39.208Z - [36mverbose[39m: Rendering page: /Users/damithch/Repos/git-mastery/git-mastery.github.io/lessons/trail/managingProjects/index.md
2026-07-03T16:30:39.640Z - [36mverbose[39m: Rendering page: /Users/damithch/Repos/git-mastery/git-mastery.github.io/lessons/trail/index.md
2026-07-03T16:30:39.877Z - [36mverbose[39m: Rendering page: /Users/damithch/Repos/git-mastery/git-mastery.github.io/lessons/trail/fineTuningHistory/index.md
2026-07-03T16:30:39.890Z - [36mverbose[39m: Rendering page: /Users/damithch/Repos/git-mastery/git-mastery.github.io/lessons/trail/branchingLocally/index.md
2026-07-03T16:30:39.934Z - [36mverbose[39m: Rendering page: /Users/damithch/Repos/git-mastery/git-mastery.github.io/lessons/trail/backingUpOnCloud/index.md
2026-07-03T16:30:39.967Z - [36mverbose[39m: Rendering page: /Users/damithch/Repos/git-mastery/git-mastery.github.io/lessons/template/index.md
2026-07-03T16:30:40.140Z - [36mverbose[39m: Rendering page: /Users/damithch/Repos/git-mastery/git-mastery.github.io/lessons/tag/index.md
2026-07-03T16:30:40.152Z - [36mverbose[39m: Rendering page: /Users/damithch/Repos/git-mastery/git-mastery.github.io/lessons/syncByRebase/index.md
2026-07-03T16:30:40.204Z - [36mverbose[39m: Rendering page: /Users/damithch/Repos/git-mastery/git-mastery.github.io/lessons/stage/index.md
2026-07-03T16:30:40.217Z - [36mverbose[39m: Rendering page: /Users/damithch/Repos/git-mastery/git-mastery.github.io/lessons/syncByMerge/index.md
2026-07-03T16:30:40.262Z - [36mverbose[39m: Rendering page: /Users/damithch/Repos/git-mastery/git-mastery.github.io/lessons/show/index.md
2026-07-03T16:30:40.319Z - [36mverbose[39m: Rendering page: /Users/damithch/Repos/git-mastery/git-mastery.github.io/lessons/setRemote/index.md
2026-07-03T16:30:40.407Z - [36mverbose[39m: Rendering page: /Users/damithch/Repos/git-mastery/git-mastery.github.io/lessons/revert/index.md
2026-07-03T16:30:40.413Z - [36mverbose[39m: Rendering page: /Users/damithch/Repos/git-mastery/git-mastery.github.io/lessons/selectiveStage/index.md
2026-07-03T16:30:40.427Z - [36mverbose[39m: Rendering page: /Users/damithch/Repos/git-mastery/git-mastery.github.io/lessons/reset/index.md
2026-07-03T16:30:40.495Z - [36mverbose[39m: Rendering page: /Users/damithch/Repos/git-mastery/git-mastery.github.io/lessons/remoteRepos/index.md
2026-07-03T16:30:40.498Z - [36mverbose[39m: Rendering page: /Users/damithch/Repos/git-mastery/git-mastery.github.io/lessons/remoteBranchRename/index.md
2026-07-03T16:30:40.540Z - [36mverbose[39m: Rendering page: /Users/damithch/Repos/git-mastery/git-mastery.github.io/lessons/remoteBranchPush/index.md
2026-07-03T16:30:40.755Z - [36mverbose[39m: Rendering page: /Users/damithch/Repos/git-mastery/git-mastery.github.io/lessons/remoteBranchPull/index.md
2026-07-03T16:30:40.762Z - [36mverbose[39m: Rendering page: /Users/damithch/Repos/git-mastery/git-mastery.github.io/lessons/remoteBranchDelete/index.md
2026-07-03T16:30:40.768Z - [36mverbose[39m: Rendering page: /Users/damithch/Repos/git-mastery/git-mastery.github.io/lessons/push/index.md
2026-07-03T16:30:40.798Z - [36mverbose[39m: Rendering page: /Users/damithch/Repos/git-mastery/git-mastery.github.io/lessons/pull/index.md
2026-07-03T16:30:40.925Z - [36mverbose[39m: Rendering page: /Users/damithch/Repos/git-mastery/git-mastery.github.io/lessons/prsReview/index.md
2026-07-03T16:30:40.940Z - [36mverbose[39m: Rendering page: /Users/damithch/Repos/git-mastery/git-mastery.github.io/lessons/prsMerge/index.md
2026-07-03T16:30:40.946Z - [36mverbose[39m: Rendering page: /Users/damithch/Repos/git-mastery/git-mastery.github.io/lessons/prsCreate/index.md
2026-07-03T16:30:41.082Z - [36mverbose[39m: Rendering page: /Users/damithch/Repos/git-mastery/git-mastery.github.io/lessons/otherPmFeatures/index.md
2026-07-03T16:30:41.143Z - [36mverbose[39m: Rendering page: /Users/damithch/Repos/git-mastery/git-mastery.github.io/lessons/mergeConflicts/index.md
2026-07-03T16:30:41.150Z - [36mverbose[39m: Rendering page: /Users/damithch/Repos/git-mastery/git-mastery.github.io/lessons/merge/index.md
2026-07-03T16:30:41.202Z - [36mverbose[39m: Rendering page: /Users/damithch/Repos/git-mastery/git-mastery.github.io/lessons/log/index.md
2026-07-03T16:30:41.263Z - [36mverbose[39m: Rendering page: /Users/damithch/Repos/git-mastery/git-mastery.github.io/lessons/intro/index.md
2026-07-03T16:30:41.266Z - [36mverbose[39m: Rendering page: /Users/damithch/Repos/git-mastery/git-mastery.github.io/lessons/interactiveRebase/index.md
2026-07-03T16:30:41.273Z - [36mverbose[39m: Rendering page: /Users/damithch/Repos/git-mastery/git-mastery.github.io/lessons/init/index.md
2026-07-03T16:30:41.566Z - [36mverbose[39m: Rendering page: /Users/damithch/Repos/git-mastery/git-mastery.github.io/lessons/index.md
2026-07-03T16:30:41.575Z - [36mverbose[39m: Rendering page: /Users/damithch/Repos/git-mastery/git-mastery.github.io/lessons/ignore/index.md
2026-07-03T16:30:41.584Z - [36mverbose[39m: Rendering page: /Users/damithch/Repos/git-mastery/git-mastery.github.io/lessons/githubPrep/index.md
2026-07-03T16:30:41.612Z - [36mverbose[39m: Rendering page: /Users/damithch/Repos/git-mastery/git-mastery.github.io/lessons/gitPrep/index.md
2026-07-03T16:30:41.688Z - [36mverbose[39m: Rendering page: /Users/damithch/Repos/git-mastery/git-mastery.github.io/lessons/forkingWorkflow/index.md
2026-07-03T16:30:41.708Z - [36mverbose[39m: Rendering page: /Users/damithch/Repos/git-mastery/git-mastery.github.io/lessons/fork/index.md
2026-07-03T16:30:41.712Z - [36mverbose[39m: Rendering page: /Users/damithch/Repos/git-mastery/git-mastery.github.io/lessons/diff/index.md
2026-07-03T16:30:41.720Z - [36mverbose[39m: Rendering page: /Users/damithch/Repos/git-mastery/git-mastery.github.io/lessons/createRemoteRepo/index.md
2026-07-03T16:30:41.843Z - [36mverbose[39m: Rendering page: /Users/damithch/Repos/git-mastery/git-mastery.github.io/lessons/commitMessage/index.md
2026-07-03T16:30:41.850Z - [36mverbose[39m: Rendering page: /Users/damithch/Repos/git-mastery/git-mastery.github.io/lessons/commit/index.md
2026-07-03T16:30:41.860Z - [36mverbose[39m: Rendering page: /Users/damithch/Repos/git-mastery/git-mastery.github.io/lessons/clone/index.md
2026-07-03T16:30:41.917Z - [36mverbose[39m: Rendering page: /Users/damithch/Repos/git-mastery/git-mastery.github.io/lessons/cherryPick/index.md
2026-07-03T16:30:42.092Z - [36mverbose[39m: Rendering page: /Users/damithch/Repos/git-mastery/git-mastery.github.io/lessons/checkout/index.md
2026-07-03T16:30:42.111Z - [36mverbose[39m: Rendering page: /Users/damithch/Repos/git-mastery/git-mastery.github.io/lessons/branchRename/index.md
2026-07-03T16:30:42.116Z - [36mverbose[39m: Rendering page: /Users/damithch/Repos/git-mastery/git-mastery.github.io/lessons/branchDelete/index.md
2026-07-03T16:30:42.140Z - [36mverbose[39m: Rendering page: /Users/damithch/Repos/git-mastery/git-mastery.github.io/lessons/branch/index.md
2026-07-03T16:30:42.158Z - [36mverbose[39m: Rendering page: /Users/damithch/Repos/git-mastery/git-mastery.github.io/index.md
2026-07-03T16:30:42.175Z - [32minfo[39m: Pages built
2026-07-03T16:30:42.250Z - [32minfo[39m: Site data built
2026-07-03T16:30:42.250Z - [32minfo[39m: Website generation complete! Total build time: 10.405s
2026-07-03T16:30:42.250Z - [32minfo[39m: Build success!
2026-07-03T16:30:52.117Z - [32minfo[39m: GitHub Actions deployment initiated. Check status at: https://github.com/git-mastery/git-mastery.github.io/actions
2026-07-03T16:30:52.117Z - [32minfo[39m: The website will be deployed at: git-mastery.org
2026-07-03T17:30:21.239Z - [32minfo[39m: Website generation (lazy) started at 01:30:21
2026-07-03T17:30:21.487Z - [32minfo[39m: Building assets...
2026-07-03T17:30:21.590Z - [32minfo[39m: Assets built
2026-07-03T17:30:21.591Z - [32minfo[39m: Generating landing page...
2026-07-03T17:30:21.670Z - [36mverbose[39m: Rendering page: /Users/damithch/Repos/git-mastery/git-mastery.github.io/index.md
2026-07-03T17:30:21.689Z - [32minfo[39m: Landing page built, other pages will be built as you navigate to them!
2026-07-03T17:30:21.769Z - [32minfo[39m: Site data built
2026-07-03T17:30:21.769Z - [32minfo[39m: Website generation (lazy) complete! Total build time: 0.725s
2026-07-03T17:30:21.789Z - [32minfo[39m: Serving "/Users/damithch/Repos/git-mastery/git-mastery.github.io/_site" at http://127.0.0.1:8080
2026-07-03T17:30:21.789Z - [32minfo[39m: Press CTRL+C to stop ...
2026-07-03T17:30:24.458Z - [32minfo[39m: Building /Users/damithch/Repos/git-mastery/git-mastery.github.io/versions/cs2103/insertions as some of its dependencies were changed since the last visit
2026-07-03T17:30:24.505Z - [36mverbose[39m: Rendering page: /Users/damithch/Repos/git-mastery/git-mastery.github.io/versions/cs2103/insertions.md
2026-07-03T17:30:24.510Z - [32minfo[39m: Site data built
2026-07-03T17:30:24.511Z - [32minfo[39m: Lazy website regeneration complete! Total build time: 0.057s
2026-07-03T17:30:29.838Z - [32minfo[39m: Building /Users/damithch/Repos/git-mastery/git-mastery.github.io/lessons/index as some of its dependencies were changed since the last visit
2026-07-03T17:30:30.230Z - [36mverbose[39m: Rendering page: /Users/damithch/Repos/git-mastery/git-mastery.github.io/lessons/index.md
2026-07-03T17:30:30.245Z - [32minfo[39m: Site data built
2026-07-03T17:30:30.245Z - [32minfo[39m: Lazy website regeneration complete! Total build time: 0.408s
2026-07-03T17:30:36.372Z - [32minfo[39m: Building /Users/damithch/Repos/git-mastery/git-mastery.github.io/lessons/trail/branchingLocally/index as some of its dependencies were changed since the last visit
2026-07-03T17:30:36.898Z - [36mverbose[39m: Rendering page: /Users/damithch/Repos/git-mastery/git-mastery.github.io/lessons/trail/branchingLocally/index.md
2026-07-03T17:30:36.952Z - [32minfo[39m: Site data built
2026-07-03T17:30:36.952Z - [32minfo[39m: Lazy website regeneration complete! Total build time: 0.581s
2026-07-03T17:49:01.998Z - [32minfo[39m: [01:49:01] Reload for file change: /Users/damithch/Repos/git-mastery/git-mastery.github.io/lessons/branch/text.md
2026-07-03T17:49:02.015Z - [32minfo[39m: Synchronizing opened pages list before reload
2026-07-03T17:49:02.029Z - [32minfo[39m: Current opened pages, from most-to-least recent:
2026-07-03T17:49:02.039Z - [32minfo[39m: 1. lessons/trail/branchingLocally/index
2026-07-03T17:49:03.081Z - [32minfo[39m: Rebuilding 1 pages
2026-07-03T17:49:03.204Z - [31merror[39m: Template render error: (/Users/damithch/Repos/git-mastery/git-mastery.github.io/lessons/branch/text.md) [Line 223, Column 9]
  expected variable end
    at Object._prettifyError (/opt/homebrew/lib/node_modules/markbind-cli/node_modules/nunjucks/src/lib.js:32:11)
    at Template.render (file:///opt/homebrew/lib/node_modules/markbind-cli/node_modules/@markbind/core/src/patches/nunjucks/context-overrides-frame.js:313:23)
    at file:///opt/homebrew/lib/node_modules/markbind-cli/node_modules/@markbind/core/src/patches/nunjucks/context-overrides-frame.js:55:31
    at createTemplate (file:///opt/homebrew/lib/node_modules/markbind-cli/node_modules/@markbind/core/src/patches/nunjucks/load-event.js:110:13)
    at handle (file:///opt/homebrew/lib/node_modules/markbind-cli/node_modules/@markbind/core/src/patches/nunjucks/load-event.js:123:17)
    at file:///opt/homebrew/lib/node_modules/markbind-cli/node_modules/@markbind/core/src/patches/nunjucks/load-event.js:134:13
    at next (/opt/homebrew/lib/node_modules/markbind-cli/node_modules/nunjucks/src/lib.js:258:7)
    at Object.asyncIter (/opt/homebrew/lib/node_modules/markbind-cli/node_modules/nunjucks/src/lib.js:263:3)
    at Environment.getTemplate (file:///opt/homebrew/lib/node_modules/markbind-cli/node_modules/@markbind/core/src/patches/nunjucks/load-event.js:116:9)
    at Environment.render (file:///opt/homebrew/lib/node_modules/markbind-cli/node_modules/@markbind/core/src/patches/nunjucks/context-overrides-frame.js:47:10)
2026-07-03T17:49:03.243Z - [31merror[39m: Template render error: (/Users/damithch/Repos/git-mastery/git-mastery.github.io/lessons/branch/text.md) [Line 223, Column 9]
  expected variable end
    at Object._prettifyError (/opt/homebrew/lib/node_modules/markbind-cli/node_modules/nunjucks/src/lib.js:32:11)
    at Template.render (file:///opt/homebrew/lib/node_modules/markbind-cli/node_modules/@markbind/core/src/patches/nunjucks/context-overrides-frame.js:313:23)
    at file:///opt/homebrew/lib/node_modules/markbind-cli/node_modules/@markbind/core/src/patches/nunjucks/context-overrides-frame.js:55:31
    at Environment.getTemplate (file:///opt/homebrew/lib/node_modules/markbind-cli/node_modules/@markbind/core/src/patches/nunjucks/load-event.js:78:13)
    at Environment.render (file:///opt/homebrew/lib/node_modules/markbind-cli/node_modules/@markbind/core/src/patches/nunjucks/context-overrides-frame.js:47:10)
    at VariableRenderer.renderFile (file:///opt/homebrew/lib/node_modules/markbind-cli/node_modules/@markbind/core/src/variables/VariableRenderer.js:44:24)
    at VariableProcessor.renderWithSiteVariables (file:///opt/homebrew/lib/node_modules/markbind-cli/node_modules/@markbind/core/src/variables/VariableProcessor.js:125:57)
    at VariableProcessor.renderIncludeFile (file:///opt/homebrew/lib/node_modules/markbind-cli/node_modules/@markbind/core/src/variables/VariableProcessor.js:202:38)
    at processInclude (file:///opt/homebrew/lib/node_modules/markbind-cli/node_modules/@markbind/core/src/html/includePanelProcessor.js:166:68)
    at NodeProcessor.processNode (file:///opt/homebrew/lib/node_modules/markbind-cli/node_modules/@markbind/core/src/html/NodeProcessor.js:138:28)
2026-07-03T17:49:03.244Z - [31merror[39m: Template render error: (/Users/damithch/Repos/git-mastery/git-mastery.github.io/lessons/branch/text.md) [Line 223, Column 9]
  expected variable end
    at Object._prettifyError (/opt/homebrew/lib/node_modules/markbind-cli/node_modules/nunjucks/src/lib.js:32:11)
    at Template.render (file:///opt/homebrew/lib/node_modules/markbind-cli/node_modules/@markbind/core/src/patches/nunjucks/context-overrides-frame.js:313:23)
    at file:///opt/homebrew/lib/node_modules/markbind-cli/node_modules/@markbind/core/src/patches/nunjucks/context-overrides-frame.js:55:31
    at Environment.getTemplate (file:///opt/homebrew/lib/node_modules/markbind-cli/node_modules/@markbind/core/src/patches/nunjucks/load-event.js:78:13)
    at Environment.render (file:///opt/homebrew/lib/node_modules/markbind-cli/node_modules/@markbind/core/src/patches/nunjucks/context-overrides-frame.js:47:10)
    at VariableRenderer.renderFile (file:///opt/homebrew/lib/node_modules/markbind-cli/node_modules/@markbind/core/src/variables/VariableRenderer.js:44:24)
    at VariableProcessor.renderWithSiteVariables (file:///opt/homebrew/lib/node_modules/markbind-cli/node_modules/@markbind/core/src/variables/VariableProcessor.js:125:57)
    at VariableProcessor.renderIncludeFile (file:///opt/homebrew/lib/node_modules/markbind-cli/node_modules/@markbind/core/src/variables/VariableProcessor.js:202:38)
    at processInclude (file:///opt/homebrew/lib/node_modules/markbind-cli/node_modules/@markbind/core/src/html/includePanelProcessor.js:166:68)
    at NodeProcessor.processNode (file:///opt/homebrew/lib/node_modules/markbind-cli/node_modules/@markbind/core/src/html/NodeProcessor.js:138:28)
2026-07-03T17:49:03.257Z - [31merror[39m: Template render error: (/Users/damithch/Repos/git-mastery/git-mastery.github.io/lessons/branch/text.md) [Line 223, Column 9]
  expected variable end
    at Object._prettifyError (/opt/homebrew/lib/node_modules/markbind-cli/node_modules/nunjucks/src/lib.js:32:11)
    at Template.render (file:///opt/homebrew/lib/node_modules/markbind-cli/node_modules/@markbind/core/src/patches/nunjucks/context-overrides-frame.js:313:23)
    at file:///opt/homebrew/lib/node_modules/markbind-cli/node_modules/@markbind/core/src/patches/nunjucks/context-overrides-frame.js:55:31
    at Environment.getTemplate (file:///opt/homebrew/lib/node_modules/markbind-cli/node_modules/@markbind/core/src/patches/nunjucks/load-event.js:78:13)
    at Environment.render (file:///opt/homebrew/lib/node_modules/markbind-cli/node_modules/@markbind/core/src/patches/nunjucks/context-overrides-frame.js:47:10)
    at VariableRenderer.renderFile (file:///opt/homebrew/lib/node_modules/markbind-cli/node_modules/@markbind/core/src/variables/VariableRenderer.js:44:24)
    at VariableProcessor.renderWithSiteVariables (file:///opt/homebrew/lib/node_modules/markbind-cli/node_modules/@markbind/core/src/variables/VariableProcessor.js:125:57)
    at VariableProcessor.renderIncludeFile (file:///opt/homebrew/lib/node_modules/markbind-cli/node_modules/@markbind/core/src/variables/VariableProcessor.js:202:38)
    at processInclude (file:///opt/homebrew/lib/node_modules/markbind-cli/node_modules/@markbind/core/src/html/includePanelProcessor.js:166:68)
    at NodeProcessor.processNode (file:///opt/homebrew/lib/node_modules/markbind-cli/node_modules/@markbind/core/src/html/NodeProcessor.js:138:28)
2026-07-03T17:49:03.614Z - [36mverbose[39m: Rendering page: /Users/damithch/Repos/git-mastery/git-mastery.github.io/lessons/trail/branchingLocally/index.md
2026-07-03T17:49:03.654Z - [32minfo[39m: Site data built
2026-07-03T17:49:03.654Z - [32minfo[39m: Pages rebuilt
2026-07-03T17:49:03.655Z - [32minfo[39m: Website regeneration complete! Total build time: 0.591s
2026-07-03T17:49:33.276Z - [32minfo[39m: [01:49:33] Reload for file change: /Users/damithch/Repos/git-mastery/git-mastery.github.io/lessons/branch/text.md
2026-07-03T17:49:33.279Z - [32minfo[39m: Synchronizing opened pages list before reload
2026-07-03T17:49:33.280Z - [32minfo[39m: Current opened pages, from most-to-least recent:
2026-07-03T17:49:33.281Z - [32minfo[39m: 1. lessons/trail/branchingLocally/index
2026-07-03T17:49:34.287Z - [32minfo[39m: Rebuilding 1 pages
2026-07-03T17:49:34.838Z - [36mverbose[39m: Rendering page: /Users/damithch/Repos/git-mastery/git-mastery.github.io/lessons/trail/branchingLocally/index.md
2026-07-03T17:49:34.890Z - [32minfo[39m: Site data built
2026-07-03T17:49:34.890Z - [32minfo[39m: Pages rebuilt
2026-07-03T17:49:34.891Z - [32minfo[39m: Website regeneration complete! Total build time: 0.605s
2026-07-03T17:50:14.067Z - [32minfo[39m: [01:50:14] Reload for file change: /Users/damithch/Repos/git-mastery/git-mastery.github.io/lessons/branch/text.md
2026-07-03T17:50:14.070Z - [32minfo[39m: Synchronizing opened pages list before reload
2026-07-03T17:50:14.070Z - [32minfo[39m: Current opened pages, from most-to-least recent:
2026-07-03T17:50:14.071Z - [32minfo[39m: 1. lessons/trail/branchingLocally/index
2026-07-03T17:50:15.079Z - [32minfo[39m: Rebuilding 1 pages
2026-07-03T17:50:15.638Z - [36mverbose[39m: Rendering page: /Users/damithch/Repos/git-mastery/git-mastery.github.io/lessons/trail/branchingLocally/index.md
2026-07-03T17:50:15.689Z - [32minfo[39m: Site data built
2026-07-03T17:50:15.689Z - [32minfo[39m: Pages rebuilt
2026-07-03T17:50:15.690Z - [32minfo[39m: Website regeneration complete! Total build time: 0.617s
2026-07-03T17:51:12.234Z - [32minfo[39m: [01:51:12] Reload for file change: /Users/damithch/Repos/git-mastery/git-mastery.github.io/lessons/branch/text.md
2026-07-03T17:51:12.237Z - [32minfo[39m: Synchronizing opened pages list before reload
2026-07-03T17:51:12.238Z - [32minfo[39m: Current opened pages, from most-to-least recent:
2026-07-03T17:51:12.238Z - [32minfo[39m: 1. lessons/trail/branchingLocally/index
2026-07-03T17:51:13.243Z - [32minfo[39m: Rebuilding 1 pages
2026-07-03T17:51:13.818Z - [36mverbose[39m: Rendering page: /Users/damithch/Repos/git-mastery/git-mastery.github.io/lessons/trail/branchingLocally/index.md
2026-07-03T17:51:13.872Z - [32minfo[39m: Site data built
2026-07-03T17:51:13.872Z - [32minfo[39m: Pages rebuilt
2026-07-03T17:51:13.872Z - [32minfo[39m: Website regeneration complete! Total build time: 0.632s
2026-07-03T17:51:26.339Z - [32minfo[39m: [01:51:26] Reload for file change: /Users/damithch/Repos/git-mastery/git-mastery.github.io/lessons/branch/text.md
2026-07-03T17:51:26.342Z - [32minfo[39m: Synchronizing opened pages list before reload
2026-07-03T17:51:26.343Z - [32minfo[39m: Current opened pages, from most-to-least recent:
2026-07-03T17:51:26.344Z - [32minfo[39m: 1. lessons/trail/branchingLocally/index
2026-07-03T17:51:27.347Z - [32minfo[39m: Rebuilding 1 pages
2026-07-03T17:51:27.919Z - [36mverbose[39m: Rendering page: /Users/damithch/Repos/git-mastery/git-mastery.github.io/lessons/trail/branchingLocally/index.md
2026-07-03T17:51:27.973Z - [32minfo[39m: Site data built
2026-07-03T17:51:27.973Z - [32minfo[39m: Pages rebuilt
2026-07-03T17:51:27.973Z - [32minfo[39m: Website regeneration complete! Total build time: 0.627s
2026-07-03T17:54:48.581Z - [32minfo[39m: [01:54:48] Reload for file change: /Users/damithch/Repos/git-mastery/git-mastery.github.io/lessons/branch/text.md
2026-07-03T17:54:48.589Z - [32minfo[39m: Synchronizing opened pages list before reload
2026-07-03T17:54:48.592Z - [32minfo[39m: Current opened pages, from most-to-least recent:
2026-07-03T17:54:48.593Z - [32minfo[39m: 1. lessons/trail/branchingLocally/index
2026-07-03T17:54:48.594Z - [32minfo[39m: [01:54:48] Reload for file change: /Users/damithch/Repos/git-mastery/git-mastery.github.io/common/macros.njk
2026-07-03T17:54:48.594Z - [32minfo[39m: Synchronizing opened pages list before reload
2026-07-03T17:54:48.594Z - [32minfo[39m: Current opened pages, from most-to-least recent:
2026-07-03T17:54:48.594Z - [32minfo[39m: 1. lessons/trail/branchingLocally/index
2026-07-03T17:54:49.707Z - [32minfo[39m: Rebuilding 1 pages
2026-07-03T17:54:50.205Z - [36mverbose[39m: Rendering page: /Users/damithch/Repos/git-mastery/git-mastery.github.io/lessons/trail/branchingLocally/index.md
2026-07-03T17:54:50.260Z - [32minfo[39m: Site data built
2026-07-03T17:54:50.260Z - [32minfo[39m: Pages rebuilt
2026-07-03T17:54:50.260Z - [32minfo[39m: Website regeneration complete! Total build time: 0.566s
2026-07-03T18:02:34.599Z - [32minfo[39m: [02:02:34] Reload for file change: /Users/damithch/Repos/git-mastery/git-mastery.github.io/common/macros.njk
2026-07-03T18:02:34.614Z - [32minfo[39m: Synchronizing opened pages list before reload
2026-07-03T18:02:34.618Z - [32minfo[39m: Current opened pages, from most-to-least recent:
2026-07-03T18:02:34.618Z - [32minfo[39m: 1. lessons/trail/branchingLocally/index
2026-07-03T18:02:34.629Z - [32minfo[39m: [02:02:34] Reload for file change: /Users/damithch/Repos/git-mastery/git-mastery.github.io/lessons/branch/text.md
2026-07-03T18:02:34.629Z - [32minfo[39m: Synchronizing opened pages list before reload
2026-07-03T18:02:34.630Z - [32minfo[39m: Current opened pages, from most-to-least recent:
2026-07-03T18:02:34.630Z - [32minfo[39m: 1. lessons/trail/branchingLocally/index
2026-07-03T18:02:35.778Z - [32minfo[39m: Rebuilding 1 pages
2026-07-03T18:02:36.301Z - [36mverbose[39m: Rendering page: /Users/damithch/Repos/git-mastery/git-mastery.github.io/lessons/trail/branchingLocally/index.md
2026-07-03T18:02:36.370Z - [32minfo[39m: Site data built
2026-07-03T18:02:36.370Z - [32minfo[39m: Pages rebuilt
2026-07-03T18:02:36.370Z - [32minfo[39m: Website regeneration complete! Total build time: 0.602s
2026-07-03T18:03:36.728Z - [32minfo[39m: [02:03:36] Reload for file change: /Users/damithch/Repos/git-mastery/git-mastery.github.io/lessons/branch/text.md
2026-07-03T18:03:36.730Z - [32minfo[39m: Synchronizing opened pages list before reload
2026-07-03T18:03:36.731Z - [32minfo[39m: Current opened pages, from most-to-least recent:
2026-07-03T18:03:36.732Z - [32minfo[39m: 1. lessons/trail/branchingLocally/index
2026-07-03T18:03:37.750Z - [32minfo[39m: Rebuilding 1 pages
2026-07-03T18:03:38.381Z - [36mverbose[39m: Rendering page: /Users/damithch/Repos/git-mastery/git-mastery.github.io/lessons/trail/branchingLocally/index.md
2026-07-03T18:03:38.449Z - [32minfo[39m: Site data built
2026-07-03T18:03:38.449Z - [32minfo[39m: Pages rebuilt
2026-07-03T18:03:38.449Z - [32minfo[39m: Website regeneration complete! Total build time: 0.715s
2026-07-03T18:09:29.606Z - [32minfo[39m: [02:09:29] Reload for file change: /Users/damithch/Repos/git-mastery/git-mastery.github.io/lessons/branch/text.md
2026-07-03T18:09:29.610Z - [32minfo[39m: Synchronizing opened pages list before reload
2026-07-03T18:09:29.611Z - [32minfo[39m: Current opened pages, from most-to-least recent:
2026-07-03T18:09:29.611Z - [32minfo[39m: 1. lessons/trail/branchingLocally/index
2026-07-03T18:09:30.635Z - [32minfo[39m: Rebuilding 1 pages
2026-07-03T18:09:31.173Z - [36mverbose[39m: Rendering page: /Users/damithch/Repos/git-mastery/git-mastery.github.io/lessons/trail/branchingLocally/index.md
2026-07-03T18:09:31.229Z - [32minfo[39m: Site data built
2026-07-03T18:09:31.229Z - [32minfo[39m: Pages rebuilt
2026-07-03T18:09:31.229Z - [32minfo[39m: Website regeneration complete! Total build time: 0.609s
2026-07-03T18:09:57.906Z - [32minfo[39m: Building /Users/damithch/Repos/git-mastery/git-mastery.github.io/lessons/branch/index as some of its dependencies were changed since the last visit
2026-07-03T18:09:58.108Z - [36mverbose[39m: Rendering page: /Users/damithch/Repos/git-mastery/git-mastery.github.io/lessons/branch/index.md
2026-07-03T18:09:58.127Z - [32minfo[39m: Site data built
2026-07-03T18:09:58.127Z - [32minfo[39m: Lazy website regeneration complete! Total build time: 0.222s
2026-07-03T18:11:36.598Z - [32minfo[39m: [02:11:36] Reload for file change: /Users/damithch/Repos/git-mastery/git-mastery.github.io/lessons/branch/text.md
2026-07-03T18:11:36.599Z - [32minfo[39m: Synchronizing opened pages list before reload
2026-07-03T18:11:36.600Z - [32minfo[39m: Current opened pages, from most-to-least recent:
2026-07-03T18:11:36.600Z - [32minfo[39m: 1. lessons/branch/index
2026-07-03T18:11:37.604Z - [32minfo[39m: Rebuilding 1 pages
2026-07-03T18:11:37.767Z - [36mverbose[39m: Rendering page: /Users/damithch/Repos/git-mastery/git-mastery.github.io/lessons/branch/index.md
2026-07-03T18:11:37.787Z - [32minfo[39m: Site data built
2026-07-03T18:11:37.788Z - [32minfo[39m: Pages rebuilt
2026-07-03T18:11:37.788Z - [32minfo[39m: Website regeneration complete! Total build time: 0.187s
2026-07-03T18:11:44.727Z - [32minfo[39m: [02:11:44] Reload for file change: /Users/damithch/Repos/git-mastery/git-mastery.github.io/lessons/branch/text.md
2026-07-03T18:11:44.729Z - [32minfo[39m: Synchronizing opened pages list before reload
2026-07-03T18:11:44.732Z - [32minfo[39m: Current opened pages, from most-to-least recent:
2026-07-03T18:11:44.733Z - [32minfo[39m: 1. lessons/branch/index
2026-07-03T18:11:45.739Z - [32minfo[39m: Rebuilding 1 pages
2026-07-03T18:11:45.902Z - [36mverbose[39m: Rendering page: /Users/damithch/Repos/git-mastery/git-mastery.github.io/lessons/branch/index.md
2026-07-03T18:11:45.927Z - [32minfo[39m: Site data built
2026-07-03T18:11:45.927Z - [32minfo[39m: Pages rebuilt
2026-07-03T18:11:45.927Z - [32minfo[39m: Website regeneration complete! Total build time: 0.191s
2026-07-03T18:12:59.290Z - [32minfo[39m: [02:12:59] Reload for file change: /Users/damithch/Repos/git-mastery/git-mastery.github.io/lessons/branch/text.md
2026-07-03T18:12:59.294Z - [32minfo[39m: Synchronizing opened pages list before reload
2026-07-03T18:12:59.295Z - [32minfo[39m: Current opened pages, from most-to-least recent:
2026-07-03T18:12:59.295Z - [32minfo[39m: 1. lessons/branch/index
2026-07-03T18:13:00.299Z - [32minfo[39m: Rebuilding 1 pages
2026-07-03T18:13:00.490Z - [36mverbose[39m: Rendering page: /Users/damithch/Repos/git-mastery/git-mastery.github.io/lessons/branch/index.md
2026-07-03T18:13:00.508Z - [32minfo[39m: Site data built
2026-07-03T18:13:00.508Z - [32minfo[39m: Pages rebuilt
2026-07-03T18:13:00.508Z - [32minfo[39m: Website regeneration complete! Total build time: 0.21s
2026-07-03T18:17:42.489Z - [32minfo[39m: [02:17:42] Reload for file change: /Users/damithch/Repos/git-mastery/git-mastery.github.io/lessons/merge/exercise-branch-forward.md
2026-07-03T18:17:42.497Z - [32minfo[39m: Synchronizing opened pages list before reload
2026-07-03T18:17:42.499Z - [32minfo[39m: Current opened pages, from most-to-least recent:
2026-07-03T18:17:42.500Z - [32minfo[39m: 1. lessons/branch/index
2026-07-03T18:17:43.527Z - [32minfo[39m: No pages needed to be rebuilt
2026-07-03T18:17:50.223Z - [32minfo[39m: Building /Users/damithch/Repos/git-mastery/git-mastery.github.io/lessons/merge/index as some of its dependencies were changed since the last visit
2026-07-03T18:17:50.425Z - [36mverbose[39m: Rendering page: /Users/damithch/Repos/git-mastery/git-mastery.github.io/lessons/merge/index.md
2026-07-03T18:17:50.441Z - [32minfo[39m: Site data built
2026-07-03T18:17:50.442Z - [32minfo[39m: Lazy website regeneration complete! Total build time: 0.221s
2026-07-03T18:19:42.535Z - [32minfo[39m: [02:19:42] Reload for file change: /Users/damithch/Repos/git-mastery/git-mastery.github.io/lessons/branch/text.md
2026-07-03T18:19:42.538Z - [32minfo[39m: Synchronizing opened pages list before reload
2026-07-03T18:19:42.540Z - [32minfo[39m: Current opened pages, from most-to-least recent:
2026-07-03T18:19:42.541Z - [32minfo[39m: 1. lessons/branch/index
2026-07-03T18:19:43.544Z - [32minfo[39m: Rebuilding 1 pages
2026-07-03T18:19:43.739Z - [36mverbose[39m: Rendering page: /Users/damithch/Repos/git-mastery/git-mastery.github.io/lessons/branch/index.md
2026-07-03T18:19:43.755Z - [32minfo[39m: Site data built
2026-07-03T18:19:43.755Z - [32minfo[39m: Pages rebuilt
2026-07-03T18:19:43.755Z - [32minfo[39m: Website regeneration complete! Total build time: 0.212s
2026-07-03T18:20:14.227Z - [32minfo[39m: [02:20:14] Reload for file change: /Users/damithch/Repos/git-mastery/git-mastery.github.io/lessons/branch/text.md
2026-07-03T18:20:14.230Z - [32minfo[39m: Synchronizing opened pages list before reload
2026-07-03T18:20:14.231Z - [32minfo[39m: Current opened pages, from most-to-least recent:
2026-07-03T18:20:14.231Z - [32minfo[39m: 1. lessons/branch/index
2026-07-03T18:20:15.236Z - [32minfo[39m: Rebuilding 1 pages
2026-07-03T18:20:15.387Z - [36mverbose[39m: Rendering page: /Users/damithch/Repos/git-mastery/git-mastery.github.io/lessons/branch/index.md
2026-07-03T18:20:15.413Z - [32minfo[39m: Site data built
2026-07-03T18:20:15.413Z - [32minfo[39m: Pages rebuilt
2026-07-03T18:20:15.413Z - [32minfo[39m: Website regeneration complete! Total build time: 0.181s
2026-07-03T18:21:54.680Z - [32minfo[39m: [02:21:54] Reload for file change: /Users/damithch/Repos/git-mastery/git-mastery.github.io/lessons/branchDelete/text.md
2026-07-03T18:21:54.682Z - [32minfo[39m: Synchronizing opened pages list before reload
2026-07-03T18:21:54.683Z - [32minfo[39m: Current opened pages, from most-to-least recent:
2026-07-03T18:21:54.683Z - [32minfo[39m: 1. lessons/branch/index
2026-07-03T18:21:55.687Z - [32minfo[39m: No pages needed to be rebuilt
2026-07-03T18:48:13.848Z - [32minfo[39m: Building /Users/damithch/Repos/git-mastery/git-mastery.github.io/lessons/init/index as some of its dependencies were changed since the last visit
2026-07-03T18:48:14.073Z - [36mverbose[39m: Rendering page: /Users/damithch/Repos/git-mastery/git-mastery.github.io/lessons/init/index.md
2026-07-03T18:48:14.102Z - [32minfo[39m: Site data built
2026-07-03T18:48:14.102Z - [32minfo[39m: Lazy website regeneration complete! Total build time: 0.259s
2026-07-03T18:51:19.687Z - [32minfo[39m: [02:51:19] Reload for file change: /Users/damithch/Repos/git-mastery/git-mastery.github.io/lessons/init/steps-init-repo-fragment.md
2026-07-03T18:51:19.710Z - [32minfo[39m: Synchronizing opened pages list before reload
2026-07-03T18:51:19.720Z - [32minfo[39m: Current opened pages, from most-to-least recent:
2026-07-03T18:51:19.720Z - [32minfo[39m: 1. lessons/init/index
2026-07-03T18:51:20.755Z - [32minfo[39m: Rebuilding 1 pages
2026-07-03T18:51:20.925Z - [36mverbose[39m: Rendering page: /Users/damithch/Repos/git-mastery/git-mastery.github.io/lessons/init/index.md
2026-07-03T18:51:20.947Z - [32minfo[39m: Site data built
2026-07-03T18:51:20.947Z - [32minfo[39m: Pages rebuilt
2026-07-03T18:51:20.947Z - [32minfo[39m: Website regeneration complete! Total build time: 0.211s
2026-07-03T18:52:14.407Z - [32minfo[39m: [02:52:14] Reload for file change: /Users/damithch/Repos/git-mastery/git-mastery.github.io/lessons/init/steps-init-repo-fragment.md
2026-07-03T18:52:14.415Z - [32minfo[39m: Synchronizing opened pages list before reload
2026-07-03T18:52:14.420Z - [32minfo[39m: Current opened pages, from most-to-least recent:
2026-07-03T18:52:14.425Z - [32minfo[39m: 1. lessons/init/index
2026-07-03T18:52:15.467Z - [32minfo[39m: Rebuilding 1 pages
2026-07-03T18:52:15.733Z - [36mverbose[39m: Rendering page: /Users/damithch/Repos/git-mastery/git-mastery.github.io/lessons/init/index.md
2026-07-03T18:52:15.758Z - [32minfo[39m: Site data built
2026-07-03T18:52:15.759Z - [32minfo[39m: Pages rebuilt
2026-07-03T18:52:15.759Z - [32minfo[39m: Website regeneration complete! Total build time: 0.308s
2026-07-03T18:58:44.079Z - [32minfo[39m: [02:58:44] Reload for file change: /Users/damithch/Repos/git-mastery/git-mastery.github.io/lessons/branch/text.md
2026-07-03T18:58:44.107Z - [32minfo[39m: Synchronizing opened pages list before reload
2026-07-03T18:58:44.112Z - [32minfo[39m: Current opened pages, from most-to-least recent:
2026-07-03T18:58:44.113Z - [32minfo[39m: 1. lessons/init/index
2026-07-03T18:58:45.157Z - [32minfo[39m: No pages needed to be rebuilt
2026-07-03T18:59:24.378Z - [32minfo[39m: Building /Users/damithch/Repos/git-mastery/git-mastery.github.io/lessons/branch/index as some of its dependencies were changed since the last visit
2026-07-03T18:59:24.822Z - [36mverbose[39m: Rendering page: /Users/damithch/Repos/git-mastery/git-mastery.github.io/lessons/branch/index.md
2026-07-03T18:59:24.841Z - [32minfo[39m: Site data built
2026-07-03T18:59:24.841Z - [32minfo[39m: Lazy website regeneration complete! Total build time: 0.464s
2026-07-03T18:59:55.081Z - [32minfo[39m: Website generation started at 02:59:54
2026-07-03T18:59:55.279Z - [32minfo[39m: Building assets...
