2026-09-07T08:02:38.009Z - [32minfo[39m: Website generation (lazy) started at 16:02:37
2026-09-07T08:02:38.289Z - [32minfo[39m: Building assets...
2026-09-07T08:02:38.389Z - [32minfo[39m: Assets built
2026-09-07T08:02:38.389Z - [32minfo[39m: Generating landing page...
2026-09-07T08:02:38.467Z - [36mverbose[39m: Rendering page: /Users/damithch/Repos/git-mastery/git-mastery.github.io/index.md
2026-09-07T08:02:38.479Z - [32minfo[39m: Landing page built, other pages will be built as you navigate to them!
2026-09-07T08:02:38.552Z - [32minfo[39m: Site data built
2026-09-07T08:02:38.552Z - [32minfo[39m: Website generation (lazy) complete! Total build time: 0.658s
2026-09-07T08:02:39.580Z - [32minfo[39m: Serving "/Users/damithch/Repos/git-mastery/git-mastery.github.io/_site" at http://127.0.0.1:64432
2026-09-07T08:02:39.581Z - [32minfo[39m: Press CTRL+C to stop ...
2026-09-07T08:02:44.162Z - [32minfo[39m: Building /Users/damithch/Repos/git-mastery/git-mastery.github.io/lessons/index as some of its dependencies were changed since the last visit
2026-09-07T08:02:44.520Z - [36mverbose[39m: Rendering page: /Users/damithch/Repos/git-mastery/git-mastery.github.io/lessons/index.md
2026-09-07T08:02:44.539Z - [32minfo[39m: Site data built
2026-09-07T08:02:44.539Z - [32minfo[39m: Lazy website regeneration complete! Total build time: 0.378s
2026-09-07T08:02:49.566Z - [32minfo[39m: Building /Users/damithch/Repos/git-mastery/git-mastery.github.io/lessons/prsReview/index as some of its dependencies were changed since the last visit
2026-09-07T08:02:49.631Z - [36mverbose[39m: Rendering page: /Users/damithch/Repos/git-mastery/git-mastery.github.io/lessons/prsReview/index.md
2026-09-07T08:02:49.638Z - [32minfo[39m: Site data built
2026-09-07T08:02:49.638Z - [32minfo[39m: Lazy website regeneration complete! Total build time: 0.073s
2026-09-07T08:05:21.435Z - [32minfo[39m: [16:05:21] Reload for file change: /Users/damithch/Repos/git-mastery/git-mastery.github.io/lessons/prsReview/text.md
2026-09-07T08:05:21.448Z - [32minfo[39m: Synchronizing opened pages list before reload
2026-09-07T08:05:21.459Z - [32minfo[39m: Current opened pages, from most-to-least recent:
2026-09-07T08:05:21.460Z - [32minfo[39m: 1. lessons/prsReview/index
2026-09-07T08:05:22.524Z - [32minfo[39m: Rebuilding 1 pages
2026-09-07T08:05:22.683Z - [36mverbose[39m: Rendering page: /Users/damithch/Repos/git-mastery/git-mastery.github.io/lessons/prsReview/index.md
2026-09-07T08:05:22.707Z - [33mwarn[39m: You might have an invalid intra-link! Ignore this warning if it was intended.
'/lessons/prsReview/images/con.png' found in file '/Users/damithch/Repos/git-mastery/git-mastery.github.io/lessons/prsReview/text.md'
2026-09-07T08:05:22.715Z - [32minfo[39m: Site data built
2026-09-07T08:05:22.715Z - [32minfo[39m: Pages rebuilt
2026-09-07T08:05:22.716Z - [32minfo[39m: Website regeneration complete! Total build time: 0.229s
2026-09-07T08:05:55.693Z - [32minfo[39m: [16:05:55] Reload for file change: /Users/damithch/Repos/git-mastery/git-mastery.github.io/lessons/prsReview/text.md
2026-09-07T08:05:55.700Z - [32minfo[39m: Synchronizing opened pages list before reload
2026-09-07T08:05:55.701Z - [32minfo[39m: Current opened pages, from most-to-least recent:
2026-09-07T08:05:55.701Z - [32minfo[39m: 1. lessons/prsReview/index
2026-09-07T08:05:56.706Z - [32minfo[39m: Rebuilding 1 pages
2026-09-07T08:05:56.778Z - [36mverbose[39m: Rendering page: /Users/damithch/Repos/git-mastery/git-mastery.github.io/lessons/prsReview/index.md
2026-09-07T08:05:56.792Z - [32minfo[39m: Site data built
2026-09-07T08:05:56.792Z - [32minfo[39m: Pages rebuilt
2026-09-07T08:05:56.792Z - [32minfo[39m: Website regeneration complete! Total build time: 0.088s
2026-09-07T08:06:08.293Z - [32minfo[39m: [16:06:08] Reload for file change: /Users/damithch/Repos/git-mastery/git-mastery.github.io/lessons/prsReview/text.md
2026-09-07T08:06:08.296Z - [32minfo[39m: Synchronizing opened pages list before reload
2026-09-07T08:06:08.297Z - [32minfo[39m: Current opened pages, from most-to-least recent:
2026-09-07T08:06:08.297Z - [32minfo[39m: 1. lessons/prsReview/index
2026-09-07T08:06:09.301Z - [32minfo[39m: Rebuilding 1 pages
2026-09-07T08:06:09.390Z - [36mverbose[39m: Rendering page: /Users/damithch/Repos/git-mastery/git-mastery.github.io/lessons/prsReview/index.md
2026-09-07T08:06:09.399Z - [32minfo[39m: Site data built
2026-09-07T08:06:09.399Z - [32minfo[39m: Pages rebuilt
2026-09-07T08:06:09.399Z - [32minfo[39m: Website regeneration complete! Total build time: 0.1s
2026-09-07T08:06:17.066Z - [32minfo[39m: [16:06:17] Reload for file change: /Users/damithch/Repos/git-mastery/git-mastery.github.io/lessons/prsReview/text.md
2026-09-07T08:06:17.067Z - [32minfo[39m: Synchronizing opened pages list before reload
2026-09-07T08:06:17.067Z - [32minfo[39m: Current opened pages, from most-to-least recent:
2026-09-07T08:06:17.068Z - [32minfo[39m: 1. lessons/prsReview/index
2026-09-07T08:06:18.073Z - [32minfo[39m: Rebuilding 1 pages
2026-09-07T08:06:18.133Z - [36mverbose[39m: Rendering page: /Users/damithch/Repos/git-mastery/git-mastery.github.io/lessons/prsReview/index.md
2026-09-07T08:06:18.149Z - [32minfo[39m: Site data built
2026-09-07T08:06:18.149Z - [32minfo[39m: Pages rebuilt
2026-09-07T08:06:18.149Z - [32minfo[39m: Website regeneration complete! Total build time: 0.078s
2026-09-07T08:06:42.212Z - [32minfo[39m: [16:06:42] Reload for file change: /Users/damithch/Repos/git-mastery/git-mastery.github.io/lessons/prsReview/images/configurePrView.png
2026-09-07T08:06:42.213Z - [32minfo[39m: Synchronizing opened pages list before reload
2026-09-07T08:06:42.213Z - [32minfo[39m: Current opened pages, from most-to-least recent:
2026-09-07T08:06:42.214Z - [32minfo[39m: 1. lessons/prsReview/index
2026-09-07T08:06:43.227Z - [32minfo[39m: Assets built
2026-09-07T08:07:29.226Z - [32minfo[39m: [16:07:29] Reload for file change: /Users/damithch/Repos/git-mastery/git-mastery.github.io/lessons/prsReview/text.md
2026-09-07T08:07:29.229Z - [32minfo[39m: Synchronizing opened pages list before reload
2026-09-07T08:07:29.230Z - [32minfo[39m: Current opened pages, from most-to-least recent:
2026-09-07T08:07:29.230Z - [32minfo[39m: 1. lessons/prsReview/index
2026-09-07T08:07:30.252Z - [32minfo[39m: Rebuilding 1 pages
2026-09-07T08:07:30.333Z - [36mverbose[39m: Rendering page: /Users/damithch/Repos/git-mastery/git-mastery.github.io/lessons/prsReview/index.md
2026-09-07T08:07:30.341Z - [32minfo[39m: Site data built
2026-09-07T08:07:30.341Z - [32minfo[39m: Pages rebuilt
2026-09-07T08:07:30.342Z - [32minfo[39m: Website regeneration complete! Total build time: 0.103s
2026-09-07T08:08:39.806Z - [32minfo[39m: [16:08:39] Reload for file deletion: /Users/damithch/Repos/git-mastery/git-mastery.github.io/lessons/prsReview/images/hideExistingComments.png
2026-09-07T08:08:39.807Z - [32minfo[39m: Synchronizing opened pages list before reload
2026-09-07T08:08:39.808Z - [32minfo[39m: Current opened pages, from most-to-least recent:
2026-09-07T08:08:39.808Z - [32minfo[39m: 1. lessons/prsReview/index
2026-09-07T08:08:39.810Z - [32minfo[39m: [16:08:39] Reload for file deletion: /Users/damithch/Repos/git-mastery/git-mastery.github.io/lessons/prsReview/images/splitVsUnifiedDiffView.png
2026-09-07T08:08:39.810Z - [32minfo[39m: Synchronizing opened pages list before reload
2026-09-07T08:08:39.810Z - [32minfo[39m: Current opened pages, from most-to-least recent:
2026-09-07T08:08:39.810Z - [32minfo[39m: 1. lessons/prsReview/index
2026-09-07T08:08:40.871Z - [34mdebug[39m: Assets removed
2026-09-07T08:14:46.987Z - [32minfo[39m: [16:14:46] Reload for file change: /Users/damithch/Repos/git-mastery/git-mastery.github.io/lessons/prsReview/images/submitReview.png
2026-09-07T08:14:46.990Z - [32minfo[39m: Synchronizing opened pages list before reload
2026-09-07T08:14:46.991Z - [32minfo[39m: Current opened pages, from most-to-least recent:
2026-09-07T08:14:46.991Z - [32minfo[39m: 1. lessons/prsReview/index
2026-09-07T08:14:48.005Z - [32minfo[39m: Assets built
2026-09-07T08:15:30.126Z - [32minfo[39m: [16:15:30] Reload for file change: /Users/damithch/Repos/git-mastery/git-mastery.github.io/lessons/prsReview/text.md
2026-09-07T08:15:30.132Z - [32minfo[39m: Synchronizing opened pages list before reload
2026-09-07T08:15:30.134Z - [32minfo[39m: Current opened pages, from most-to-least recent:
2026-09-07T08:15:30.134Z - [32minfo[39m: 1. lessons/prsReview/index
2026-09-07T08:15:31.149Z - [32minfo[39m: Rebuilding 1 pages
2026-09-07T08:15:31.213Z - [36mverbose[39m: Rendering page: /Users/damithch/Repos/git-mastery/git-mastery.github.io/lessons/prsReview/index.md
2026-09-07T08:15:31.229Z - [32minfo[39m: Site data built
2026-09-07T08:15:31.229Z - [32minfo[39m: Pages rebuilt
2026-09-07T08:15:31.229Z - [32minfo[39m: Website regeneration complete! Total build time: 0.093s
2026-09-07T08:16:18.824Z - [32minfo[39m: [16:16:18] Reload for file change: /Users/damithch/Repos/git-mastery/git-mastery.github.io/lessons/prsReview/images/submitReview.png
2026-09-07T08:16:18.825Z - [32minfo[39m: Synchronizing opened pages list before reload
2026-09-07T08:16:18.826Z - [32minfo[39m: Current opened pages, from most-to-least recent:
2026-09-07T08:16:18.826Z - [32minfo[39m: 1. lessons/prsReview/index
2026-09-07T08:16:19.839Z - [32minfo[39m: Assets built
2026-09-07T08:16:53.470Z - [32minfo[39m: [16:16:53] Reload for file change: /Users/damithch/Repos/git-mastery/git-mastery.github.io/lessons/prsReview/text.md
2026-09-07T08:16:53.473Z - [32minfo[39m: Synchronizing opened pages list before reload
2026-09-07T08:16:53.474Z - [32minfo[39m: Current opened pages, from most-to-least recent:
2026-09-07T08:16:53.474Z - [32minfo[39m: 1. lessons/prsReview/index
2026-09-07T08:16:53.547Z - [32minfo[39m: [16:16:53] Reload for file change: /Users/damithch/Repos/git-mastery/git-mastery.github.io/lessons/prsReview/text.md
2026-09-07T08:16:53.547Z - [32minfo[39m: Synchronizing opened pages list before reload
2026-09-07T08:16:53.548Z - [32minfo[39m: Current opened pages, from most-to-least recent:
2026-09-07T08:16:53.548Z - [32minfo[39m: 1. lessons/prsReview/index
2026-09-07T08:16:54.493Z - [32minfo[39m: Rebuilding 1 pages
2026-09-07T08:16:54.570Z - [36mverbose[39m: Rendering page: /Users/damithch/Repos/git-mastery/git-mastery.github.io/lessons/prsReview/index.md
2026-09-07T08:16:54.578Z - [32minfo[39m: Site data built
2026-09-07T08:16:54.578Z - [32minfo[39m: Pages rebuilt
2026-09-07T08:16:54.578Z - [32minfo[39m: Website regeneration complete! Total build time: 0.1s
2026-09-07T08:17:42.726Z - [32minfo[39m: Website generation started at 16:17:42
2026-09-07T08:17:42.850Z - [32minfo[39m: Building assets...
2026-09-07T08:17:42.952Z - [32minfo[39m: Assets built
2026-09-07T08:17:42.952Z - [32minfo[39m: Generating pages...
2026-09-07T08:17:43.473Z - [36mverbose[39m: Rendering page: /Users/damithch/Repos/git-mastery/git-mastery.github.io/companion-app/index.md
2026-09-07T08:17:43.499Z - [36mverbose[39m: Rendering page: /Users/damithch/Repos/git-mastery/git-mastery.github.io/faq/index.md
2026-09-07T08:17:43.502Z - [36mverbose[39m: Rendering page: /Users/damithch/Repos/git-mastery/git-mastery.github.io/about/index.md
2026-09-07T08:17:43.503Z - [36mverbose[39m: Rendering page: /Users/damithch/Repos/git-mastery/git-mastery.github.io/exercises-directory/index.md
2026-09-07T08:17:46.538Z - [36mverbose[39m: Rendering page: /Users/damithch/Repos/git-mastery/git-mastery.github.io/versions/cs2113/insertions.md
2026-09-07T08:17:46.548Z - [36mverbose[39m: Rendering page: /Users/damithch/Repos/git-mastery/git-mastery.github.io/versions/cs2103/insertions.md
2026-09-07T08:17:46.561Z - [36mverbose[39m: Rendering page: /Users/damithch/Repos/git-mastery/git-mastery.github.io/lessons/tag/exercise-tags-update.md
2026-09-07T08:17:46.580Z - [36mverbose[39m: Rendering page: /Users/damithch/Repos/git-mastery/git-mastery.github.io/lessons/trail/all.md
2026-09-07T08:17:46.823Z - [36mverbose[39m: Rendering page: /Users/damithch/Repos/git-mastery/git-mastery.github.io/lessons/tag/exercise-tags-push.md
2026-09-07T08:17:46.833Z - [36mverbose[39m: Rendering page: /Users/damithch/Repos/git-mastery/git-mastery.github.io/lessons/tag/exercise-tags-add.md
2026-09-07T08:17:46.846Z - [36mverbose[39m: Rendering page: /Users/damithch/Repos/git-mastery/git-mastery.github.io/lessons/stage/exercise-stage-fright.md
2026-09-07T08:17:46.858Z - [36mverbose[39m: Rendering page: /Users/damithch/Repos/git-mastery/git-mastery.github.io/lessons/show/exercise-view-commits.md
2026-09-07T08:17:46.870Z - [36mverbose[39m: Rendering page: /Users/damithch/Repos/git-mastery/git-mastery.github.io/lessons/setRemote/exercise-link-me.md
2026-09-07T08:17:46.879Z - [36mverbose[39m: Rendering page: /Users/damithch/Repos/git-mastery/git-mastery.github.io/lessons/revert/exercise-sensors-revert.md
2026-09-07T08:17:46.890Z - [36mverbose[39m: Rendering page: /Users/damithch/Repos/git-mastery/git-mastery.github.io/lessons/reset/exercise-sensors-reset.md
2026-09-07T08:17:46.900Z - [36mverbose[39m: Rendering page: /Users/damithch/Repos/git-mastery/git-mastery.github.io/lessons/remoteBranchRename/exercise-remote-branch-rename.md
2026-09-07T08:17:46.910Z - [36mverbose[39m: Rendering page: /Users/damithch/Repos/git-mastery/git-mastery.github.io/lessons/remoteBranchRename/exercise-glossary-branch-rename.md
2026-09-07T08:17:46.921Z - [36mverbose[39m: Rendering page: /Users/damithch/Repos/git-mastery/git-mastery.github.io/lessons/remoteBranchPush/exercise-glossary-branch-push.md
2026-09-07T08:17:46.922Z - [36mverbose[39m: Rendering page: /Users/damithch/Repos/git-mastery/git-mastery.github.io/lessons/remoteBranchPull/exercise-glossary-branch-pull.md
2026-09-07T08:17:46.931Z - [36mverbose[39m: Rendering page: /Users/damithch/Repos/git-mastery/git-mastery.github.io/lessons/remoteBranchDelete/exercise-glossary-branch-delete.md
2026-09-07T08:17:46.950Z - [36mverbose[39m: Rendering page: /Users/damithch/Repos/git-mastery/git-mastery.github.io/lessons/push/exercise-push-over.md
2026-09-07T08:17:46.953Z - [36mverbose[39m: Rendering page: /Users/damithch/Repos/git-mastery/git-mastery.github.io/lessons/pull/exercise-fetch-and-pull.md
2026-09-07T08:17:46.962Z - [36mverbose[39m: Rendering page: /Users/damithch/Repos/git-mastery/git-mastery.github.io/lessons/prsCreate/exercise-create-pr-from-main.md
2026-09-07T08:17:46.978Z - [36mverbose[39m: Rendering page: /Users/damithch/Repos/git-mastery/git-mastery.github.io/lessons/merge/exercise-merge-undo.md
2026-09-07T08:17:46.989Z - [36mverbose[39m: Rendering page: /Users/damithch/Repos/git-mastery/git-mastery.github.io/lessons/mergeConflicts/exercise-conflict-mediator.md
2026-09-07T08:17:46.992Z - [36mverbose[39m: Rendering page: /Users/damithch/Repos/git-mastery/git-mastery.github.io/lessons/merge/exercise-merge-squash.md
2026-09-07T08:17:47.001Z - [36mverbose[39m: Rendering page: /Users/damithch/Repos/git-mastery/git-mastery.github.io/lessons/merge/exercise-ff-undo.md
2026-09-07T08:17:47.024Z - [36mverbose[39m: Rendering page: /Users/damithch/Repos/git-mastery/git-mastery.github.io/lessons/merge/exercise-branch-forward.md
2026-09-07T08:17:47.028Z - [36mverbose[39m: Rendering page: /Users/damithch/Repos/git-mastery/git-mastery.github.io/lessons/merge/exercise-branch-compare.md
2026-09-07T08:17:47.030Z - [36mverbose[39m: Rendering page: /Users/damithch/Repos/git-mastery/git-mastery.github.io/lessons/log/exercise-log-and-order.md
2026-09-07T08:17:47.037Z - [36mverbose[39m: Rendering page: /Users/damithch/Repos/git-mastery/git-mastery.github.io/lessons/merge/exercise-branch-bender.md
2026-09-07T08:17:47.046Z - [36mverbose[39m: Rendering page: /Users/damithch/Repos/git-mastery/git-mastery.github.io/lessons/init/exercise-undo-init.md
2026-09-07T08:17:47.061Z - [36mverbose[39m: Rendering page: /Users/damithch/Repos/git-mastery/git-mastery.github.io/lessons/init/exercise-under-control.md
2026-09-07T08:17:47.063Z - [36mverbose[39m: Rendering page: /Users/damithch/Repos/git-mastery/git-mastery.github.io/lessons/ignore/exercise-ignoring-somethings.md
2026-09-07T08:17:47.072Z - [36mverbose[39m: Rendering page: /Users/damithch/Repos/git-mastery/git-mastery.github.io/lessons/fork/exercise-fork-repo.md
2026-09-07T08:17:47.088Z - [36mverbose[39m: Rendering page: /Users/damithch/Repos/git-mastery/git-mastery.github.io/lessons/diff/exercise-sensors-diff.md
2026-09-07T08:17:47.097Z - [36mverbose[39m: Rendering page: /Users/damithch/Repos/git-mastery/git-mastery.github.io/lessons/createRemoteRepo/exercise-remote-control.md
2026-09-07T08:17:47.105Z - [36mverbose[39m: Rendering page: /Users/damithch/Repos/git-mastery/git-mastery.github.io/lessons/commit/exercise-staging-intervention.md
2026-09-07T08:17:47.116Z - [36mverbose[39m: Rendering page: /Users/damithch/Repos/git-mastery/git-mastery.github.io/lessons/commit/exercise-grocery-shopping.md
2026-09-07T08:17:47.119Z - [36mverbose[39m: Rendering page: /Users/damithch/Repos/git-mastery/git-mastery.github.io/lessons/clone/exercise-clone-repo.md
2026-09-07T08:17:47.121Z - [36mverbose[39m: Rendering page: /Users/damithch/Repos/git-mastery/git-mastery.github.io/lessons/checkout/exercise-sensors-checkout.md
2026-09-07T08:17:47.160Z - [36mverbose[39m: Rendering page: /Users/damithch/Repos/git-mastery/git-mastery.github.io/lessons/branchRename/exercise-branch-rename.md
2026-09-07T08:17:47.162Z - [36mverbose[39m: Rendering page: /Users/damithch/Repos/git-mastery/git-mastery.github.io/lessons/branchDelete/exercise-mix-messy-graph.md
2026-09-07T08:17:47.177Z - [36mverbose[39m: Rendering page: /Users/damithch/Repos/git-mastery/git-mastery.github.io/lessons/branchDelete/exercise-branch-delete.md
2026-09-07T08:17:47.179Z - [36mverbose[39m: Rendering page: /Users/damithch/Repos/git-mastery/git-mastery.github.io/lessons/branchDelete/exercise-mix-messy-docs.md
2026-09-07T08:17:47.193Z - [36mverbose[39m: Rendering page: /Users/damithch/Repos/git-mastery/git-mastery.github.io/lessons/branch/exercise-branch-previous.md
2026-09-07T08:17:47.198Z - [36mverbose[39m: Rendering page: /Users/damithch/Repos/git-mastery/git-mastery.github.io/lessons/branch/exercise-side-track.md
2026-09-07T08:17:47.251Z - [36mverbose[39m: Rendering page: /Users/damithch/Repos/git-mastery/git-mastery.github.io/versions/cs2113/index.md
2026-09-07T08:17:47.252Z - [36mverbose[39m: Rendering page: /Users/damithch/Repos/git-mastery/git-mastery.github.io/versions/cs2103/index.md
2026-09-07T08:17:47.552Z - [36mverbose[39m: Rendering page: /Users/damithch/Repos/git-mastery/git-mastery.github.io/lessons/workflows/index.md
2026-09-07T08:17:47.555Z - [36mverbose[39m: Rendering page: /Users/damithch/Repos/git-mastery/git-mastery.github.io/lessons/worktrees/index.md
2026-09-07T08:17:47.565Z - [36mverbose[39m: Rendering page: /Users/damithch/Repos/git-mastery/git-mastery.github.io/lessons/trail/workingWithPrs/index.md
2026-09-07T08:17:47.581Z - [36mverbose[39m: Rendering page: /Users/damithch/Repos/git-mastery/git-mastery.github.io/lessons/trail/workingWithRemotes/index.md
2026-09-07T08:17:48.543Z - [36mverbose[39m: Rendering page: /Users/damithch/Repos/git-mastery/git-mastery.github.io/lessons/trail/syncingBranches/index.md
2026-09-07T08:17:48.553Z - [36mverbose[39m: Rendering page: /Users/damithch/Repos/git-mastery/git-mastery.github.io/lessons/trail/usingRevisionHistory/index.md
2026-09-07T08:17:48.602Z - [36mverbose[39m: Rendering page: /Users/damithch/Repos/git-mastery/git-mastery.github.io/lessons/trail/remoteBranches/index.md
2026-09-07T08:17:48.616Z - [36mverbose[39m: Rendering page: /Users/damithch/Repos/git-mastery/git-mastery.github.io/lessons/trail/recordingFolderHistory/index.md
2026-09-07T08:17:49.568Z - [36mverbose[39m: Rendering page: /Users/damithch/Repos/git-mastery/git-mastery.github.io/lessons/trail/managingProjects/index.md
2026-09-07T08:17:49.578Z - [36mverbose[39m: Rendering page: /Users/damithch/Repos/git-mastery/git-mastery.github.io/lessons/trail/index.md
2026-09-07T08:17:49.867Z - [36mverbose[39m: Rendering page: /Users/damithch/Repos/git-mastery/git-mastery.github.io/lessons/trail/fineTuningHistory/index.md
2026-09-07T08:17:49.883Z - [36mverbose[39m: Rendering page: /Users/damithch/Repos/git-mastery/git-mastery.github.io/lessons/trail/branchingLocally/index.md
2026-09-07T08:17:49.937Z - [36mverbose[39m: Rendering page: /Users/damithch/Repos/git-mastery/git-mastery.github.io/lessons/template/index.md
2026-09-07T08:17:49.940Z - [36mverbose[39m: Rendering page: /Users/damithch/Repos/git-mastery/git-mastery.github.io/lessons/trail/backingUpOnCloud/index.md
2026-09-07T08:17:50.192Z - [36mverbose[39m: Rendering page: /Users/damithch/Repos/git-mastery/git-mastery.github.io/lessons/tag/index.md
2026-09-07T08:17:50.205Z - [36mverbose[39m: Rendering page: /Users/damithch/Repos/git-mastery/git-mastery.github.io/lessons/syncByRebase/index.md
2026-09-07T08:17:50.210Z - [36mverbose[39m: Rendering page: /Users/damithch/Repos/git-mastery/git-mastery.github.io/lessons/syncByMerge/index.md
2026-09-07T08:17:50.214Z - [36mverbose[39m: Rendering page: /Users/damithch/Repos/git-mastery/git-mastery.github.io/lessons/stage/index.md
2026-09-07T08:17:50.369Z - [36mverbose[39m: Rendering page: /Users/damithch/Repos/git-mastery/git-mastery.github.io/lessons/show/index.md
2026-09-07T08:17:50.378Z - [36mverbose[39m: Rendering page: /Users/damithch/Repos/git-mastery/git-mastery.github.io/lessons/setRemote/index.md
2026-09-07T08:17:50.386Z - [36mverbose[39m: Rendering page: /Users/damithch/Repos/git-mastery/git-mastery.github.io/lessons/revert/index.md
2026-09-07T08:17:50.392Z - [36mverbose[39m: Rendering page: /Users/damithch/Repos/git-mastery/git-mastery.github.io/lessons/selectiveStage/index.md
2026-09-07T08:17:50.534Z - [36mverbose[39m: Rendering page: /Users/damithch/Repos/git-mastery/git-mastery.github.io/lessons/reset/index.md
2026-09-07T08:17:50.546Z - [36mverbose[39m: Rendering page: /Users/damithch/Repos/git-mastery/git-mastery.github.io/lessons/remoteBranchPush/index.md
2026-09-07T08:17:50.552Z - [36mverbose[39m: Rendering page: /Users/damithch/Repos/git-mastery/git-mastery.github.io/lessons/remoteRepos/index.md
2026-09-07T08:17:50.554Z - [36mverbose[39m: Rendering page: /Users/damithch/Repos/git-mastery/git-mastery.github.io/lessons/remoteBranchRename/index.md
2026-09-07T08:17:50.797Z - [36mverbose[39m: Rendering page: /Users/damithch/Repos/git-mastery/git-mastery.github.io/lessons/remoteBranchPull/index.md
2026-09-07T08:17:50.804Z - [36mverbose[39m: Rendering page: /Users/damithch/Repos/git-mastery/git-mastery.github.io/lessons/remoteBranchDelete/index.md
2026-09-07T08:17:50.810Z - [36mverbose[39m: Rendering page: /Users/damithch/Repos/git-mastery/git-mastery.github.io/lessons/push/index.md
2026-09-07T08:17:50.830Z - [36mverbose[39m: Rendering page: /Users/damithch/Repos/git-mastery/git-mastery.github.io/lessons/pull/index.md
2026-09-07T08:17:51.005Z - [36mverbose[39m: Rendering page: /Users/damithch/Repos/git-mastery/git-mastery.github.io/lessons/prsReview/index.md
2026-09-07T08:17:51.011Z - [36mverbose[39m: Rendering page: /Users/damithch/Repos/git-mastery/git-mastery.github.io/lessons/prsCreate/index.md
2026-09-07T08:17:51.025Z - [36mverbose[39m: Rendering page: /Users/damithch/Repos/git-mastery/git-mastery.github.io/lessons/prsMerge/index.md
2026-09-07T08:17:51.070Z - [36mverbose[39m: Rendering page: /Users/damithch/Repos/git-mastery/git-mastery.github.io/lessons/otherPmFeatures/index.md
2026-09-07T08:17:51.258Z - [36mverbose[39m: Rendering page: /Users/damithch/Repos/git-mastery/git-mastery.github.io/lessons/mergeConflicts/index.md
2026-09-07T08:17:51.267Z - [36mverbose[39m: Rendering page: /Users/damithch/Repos/git-mastery/git-mastery.github.io/lessons/merge/index.md
2026-09-07T08:17:51.280Z - [36mverbose[39m: Rendering page: /Users/damithch/Repos/git-mastery/git-mastery.github.io/lessons/log/index.md
2026-09-07T08:17:51.294Z - [36mverbose[39m: Rendering page: /Users/damithch/Repos/git-mastery/git-mastery.github.io/lessons/intro/index.md
2026-09-07T08:17:51.613Z - [36mverbose[39m: Rendering page: /Users/damithch/Repos/git-mastery/git-mastery.github.io/lessons/interactiveRebase/index.md
2026-09-07T08:17:51.623Z - [36mverbose[39m: Rendering page: /Users/damithch/Repos/git-mastery/git-mastery.github.io/lessons/init/index.md
2026-09-07T08:17:51.633Z - [36mverbose[39m: Rendering page: /Users/damithch/Repos/git-mastery/git-mastery.github.io/lessons/index.md
2026-09-07T08:17:51.672Z - [36mverbose[39m: Rendering page: /Users/damithch/Repos/git-mastery/git-mastery.github.io/lessons/ignore/index.md
2026-09-07T08:17:51.769Z - [36mverbose[39m: Rendering page: /Users/damithch/Repos/git-mastery/git-mastery.github.io/lessons/githubPrep/index.md
2026-09-07T08:17:51.794Z - [36mverbose[39m: Rendering page: /Users/damithch/Repos/git-mastery/git-mastery.github.io/lessons/gitPrep/index.md
2026-09-07T08:17:51.806Z - [36mverbose[39m: Rendering page: /Users/damithch/Repos/git-mastery/git-mastery.github.io/lessons/forkingWorkflow/index.md
2026-09-07T08:17:51.867Z - [36mverbose[39m: Rendering page: /Users/damithch/Repos/git-mastery/git-mastery.github.io/lessons/fork/index.md
2026-09-07T08:17:52.011Z - [36mverbose[39m: Rendering page: /Users/damithch/Repos/git-mastery/git-mastery.github.io/lessons/diff/index.md
2026-09-07T08:17:52.022Z - [36mverbose[39m: Rendering page: /Users/damithch/Repos/git-mastery/git-mastery.github.io/lessons/createRemoteRepo/index.md
2026-09-07T08:17:52.026Z - [36mverbose[39m: Rendering page: /Users/damithch/Repos/git-mastery/git-mastery.github.io/lessons/commitMessage/index.md
2026-09-07T08:17:52.057Z - [36mverbose[39m: Rendering page: /Users/damithch/Repos/git-mastery/git-mastery.github.io/lessons/commit/index.md
2026-09-07T08:17:52.178Z - [36mverbose[39m: Rendering page: /Users/damithch/Repos/git-mastery/git-mastery.github.io/lessons/clone/index.md
2026-09-07T08:17:52.187Z - [36mverbose[39m: Rendering page: /Users/damithch/Repos/git-mastery/git-mastery.github.io/lessons/checkout/index.md
2026-09-07T08:17:52.255Z - [36mverbose[39m: Rendering page: /Users/damithch/Repos/git-mastery/git-mastery.github.io/lessons/cherryPick/index.md
2026-09-07T08:17:52.260Z - [36mverbose[39m: Rendering page: /Users/damithch/Repos/git-mastery/git-mastery.github.io/lessons/branchRename/index.md
2026-09-07T08:17:52.361Z - [36mverbose[39m: Rendering page: /Users/damithch/Repos/git-mastery/git-mastery.github.io/lessons/branchDelete/index.md
2026-09-07T08:17:52.369Z - [36mverbose[39m: Rendering page: /Users/damithch/Repos/git-mastery/git-mastery.github.io/lessons/branch/index.md
2026-09-07T08:17:52.382Z - [36mverbose[39m: Rendering page: /Users/damithch/Repos/git-mastery/git-mastery.github.io/index.md
2026-09-07T08:17:52.391Z - [32minfo[39m: Pages built
2026-09-07T08:17:52.470Z - [32minfo[39m: Site data built
2026-09-07T08:17:52.470Z - [32minfo[39m: Website generation complete! Total build time: 9.827s
2026-09-07T08:17:52.470Z - [32minfo[39m: Build success!
2026-09-07T08:18:03.945Z - [32minfo[39m: GitHub Actions deployment initiated. Check status at: https://github.com/git-mastery/git-mastery.github.io/actions
2026-09-07T08:18:03.945Z - [32minfo[39m: The website will be deployed at: git-mastery.org
