2026-08-22T15:59:13.475Z - [32minfo[39m: Website generation (lazy) started at 23:59:13
2026-08-22T15:59:13.740Z - [32minfo[39m: Building assets...
2026-08-22T15:59:13.963Z - [32minfo[39m: Assets built
2026-08-22T15:59:13.964Z - [32minfo[39m: Generating landing page...
2026-08-22T15:59:14.122Z - [36mverbose[39m: Rendering page: /Users/damithch/Repos/git-mastery/git-mastery.github.io/index.md
2026-08-22T15:59:14.169Z - [32minfo[39m: Landing page built, other pages will be built as you navigate to them!
2026-08-22T15:59:14.329Z - [32minfo[39m: Site data built
2026-08-22T15:59:14.329Z - [32minfo[39m: Website generation (lazy) complete! Total build time: 1.04s
2026-08-22T15:59:14.353Z - [32minfo[39m: Serving "/Users/damithch/Repos/git-mastery/git-mastery.github.io/_site" at http://127.0.0.1:8080
2026-08-22T15:59:14.354Z - [32minfo[39m: Press CTRL+C to stop ...
2026-08-22T15:59:18.060Z - [32minfo[39m: Building /Users/damithch/Repos/git-mastery/git-mastery.github.io/versions/cs2103/insertions as some of its dependencies were changed since the last visit
2026-08-22T15:59:18.107Z - [36mverbose[39m: Rendering page: /Users/damithch/Repos/git-mastery/git-mastery.github.io/versions/cs2103/insertions.md
2026-08-22T15:59:18.113Z - [32minfo[39m: Site data built
2026-08-22T15:59:18.114Z - [32minfo[39m: Lazy website regeneration complete! Total build time: 0.055s
2026-08-22T15:59:19.954Z - [32minfo[39m: Building /Users/damithch/Repos/git-mastery/git-mastery.github.io/lessons/index as some of its dependencies were changed since the last visit
2026-08-22T15:59:20.317Z - [36mverbose[39m: Rendering page: /Users/damithch/Repos/git-mastery/git-mastery.github.io/lessons/index.md
2026-08-22T15:59:20.332Z - [32minfo[39m: Site data built
2026-08-22T15:59:20.332Z - [32minfo[39m: Lazy website regeneration complete! Total build time: 0.379s
2026-08-22T15:59:32.909Z - [32minfo[39m: Building /Users/damithch/Repos/git-mastery/git-mastery.github.io/lessons/prsCreate/index as some of its dependencies were changed since the last visit
2026-08-22T15:59:33.091Z - [36mverbose[39m: Rendering page: /Users/damithch/Repos/git-mastery/git-mastery.github.io/lessons/prsCreate/index.md
2026-08-22T15:59:33.105Z - [32minfo[39m: Site data built
2026-08-22T15:59:33.105Z - [32minfo[39m: Lazy website regeneration complete! Total build time: 0.197s
